[2026-03-07T21:14:54.252+0000] {taskinstance.py:1956} INFO - Dependencies all met for dep_context=non-requeueable deps ti=<TaskInstance: insurance_claims_pipeline.produce_claims manual__2026-03-07T21:14:37+00:00 [queued]>
[2026-03-07T21:14:54.260+0000] {taskinstance.py:1956} INFO - Dependencies all met for dep_context=requeueable deps ti=<TaskInstance: insurance_claims_pipeline.produce_claims manual__2026-03-07T21:14:37+00:00 [queued]>
[2026-03-07T21:14:54.260+0000] {taskinstance.py:2170} INFO - Starting attempt 1 of 3
[2026-03-07T21:14:54.279+0000] {taskinstance.py:2191} INFO - Executing <Task(PythonOperator): produce_claims> on 2026-03-07 21:14:37+00:00
[2026-03-07T21:14:54.285+0000] {standard_task_runner.py:60} INFO - Started process 565 to run task
[2026-03-07T21:14:54.291+0000] {standard_task_runner.py:87} INFO - Running: ['airflow', 'tasks', 'run', 'insurance_claims_pipeline', 'produce_claims', 'manual__2026-03-07T21:14:37+00:00', '--job-id', '10', '--raw', '--subdir', 'DAGS_FOLDER/insurance_claims_pipeline.py', '--cfg-path', '/tmp/tmp3k0qovga']
[2026-03-07T21:14:54.293+0000] {standard_task_runner.py:88} INFO - Job 10: Subtask produce_claims
[2026-03-07T21:14:54.346+0000] {task_command.py:423} INFO - Running <TaskInstance: insurance_claims_pipeline.produce_claims manual__2026-03-07T21:14:37+00:00 [running]> on host 9dc18f9f578f
[2026-03-07T21:14:54.414+0000] {taskinstance.py:2480} INFO - Exporting env vars: AIRFLOW_CTX_DAG_OWNER='insurance-pipeline-team' AIRFLOW_CTX_DAG_ID='insurance_claims_pipeline' AIRFLOW_CTX_TASK_ID='produce_claims' AIRFLOW_CTX_EXECUTION_DATE='2026-03-07T21:14:37+00:00' AIRFLOW_CTX_TRY_NUMBER='1' AIRFLOW_CTX_DAG_RUN_ID='manual__2026-03-07T21:14:37+00:00'
[2026-03-07T21:14:54.692+0000] {logging_mixin.py:188} INFO - 2026-03-07 21:14:54 [info     ] OTLP tracing exporter initialized endpoint=http://jaeger:4317
[2026-03-07T21:14:54.693+0000] {logging_mixin.py:188} INFO - 2026-03-07 21:14:54 [info     ] Tracing initialized            service=airflow-claims-producer
[2026-03-07T21:14:54.742+0000] {logging_mixin.py:188} INFO - 2026-03-07 21:14:54 [info     ] Claim produced                 amount=197724.38 claim_id=CLM-42807F580C93 claim_type=life
[2026-03-07T21:14:54.744+0000] {logging_mixin.py:188} INFO - 2026-03-07 21:14:54 [info     ] Claim produced                 amount=149132.83 claim_id=CLM-00DD3A614394 claim_type=workers_comp
[2026-03-07T21:14:54.747+0000] {logging_mixin.py:188} INFO - 2026-03-07 21:14:54 [info     ] Claim produced                 amount=232445.96 claim_id=CLM-BE6A78B77C54 claim_type=property
[2026-03-07T21:14:54.750+0000] {logging_mixin.py:188} INFO - 2026-03-07 21:14:54 [info     ] Claim produced                 amount=143938.8 claim_id=CLM-AEB0B579EBD6 claim_type=health
[2026-03-07T21:14:54.752+0000] {logging_mixin.py:188} INFO - 2026-03-07 21:14:54 [info     ] Claim produced                 amount=58588.43 claim_id=CLM-EE3C7160DE1E claim_type=health
[2026-03-07T21:14:54.754+0000] {logging_mixin.py:188} INFO - 2026-03-07 21:14:54 [info     ] Claim produced                 amount=460787.2 claim_id=CLM-76AE4EECCF91 claim_type=property
[2026-03-07T21:14:54.755+0000] {logging_mixin.py:188} INFO - 2026-03-07 21:14:54 [info     ] Claim produced                 amount=552766.88 claim_id=CLM-5265CBAA82D8 claim_type=liability
[2026-03-07T21:14:54.758+0000] {logging_mixin.py:188} INFO - 2026-03-07 21:14:54 [info     ] Claim produced                 amount=22015.96 claim_id=CLM-A5ACE1824C57 claim_type=health
[2026-03-07T21:14:54.760+0000] {logging_mixin.py:188} INFO - 2026-03-07 21:14:54 [info     ] Claim produced                 amount=114193.69 claim_id=CLM-3A364838344B claim_type=liability
[2026-03-07T21:14:54.762+0000] {logging_mixin.py:188} INFO - 2026-03-07 21:14:54 [info     ] Claim produced                 amount=93837.9 claim_id=CLM-75E85C078116 claim_type=liability
[2026-03-07T21:14:54.766+0000] {logging_mixin.py:188} INFO - 2026-03-07 21:14:54 [info     ] Claim produced                 amount=336599.88 claim_id=CLM-A03EF703525C claim_type=property
[2026-03-07T21:14:54.768+0000] {logging_mixin.py:188} INFO - 2026-03-07 21:14:54 [info     ] Claim produced                 amount=95929.69 claim_id=CLM-5E3F9A3CB5C3 claim_type=workers_comp
[2026-03-07T21:14:54.771+0000] {logging_mixin.py:188} INFO - 2026-03-07 21:14:54 [info     ] Claim produced                 amount=170194.42 claim_id=CLM-CD95EB371425 claim_type=health
[2026-03-07T21:14:54.773+0000] {logging_mixin.py:188} INFO - 2026-03-07 21:14:54 [info     ] Claim produced                 amount=10831.21 claim_id=CLM-F5642136C092 claim_type=liability
[2026-03-07T21:14:54.774+0000] {logging_mixin.py:188} INFO - 2026-03-07 21:14:54 [info     ] Claim produced                 amount=183715.7 claim_id=CLM-4B64E60F4913 claim_type=health
[2026-03-07T21:14:54.775+0000] {logging_mixin.py:188} INFO - 2026-03-07 21:14:54 [info     ] Claim produced                 amount=1217041.05 claim_id=CLM-65BB16DE3DE3 claim_type=life
[2026-03-07T21:14:54.776+0000] {logging_mixin.py:188} INFO - 2026-03-07 21:14:54 [info     ] Claim produced                 amount=11913.12 claim_id=CLM-CD3BB0E16ED5 claim_type=workers_comp
[2026-03-07T21:14:54.777+0000] {logging_mixin.py:188} INFO - 2026-03-07 21:14:54 [info     ] Claim produced                 amount=187927.04 claim_id=CLM-21C94FFD5C0C claim_type=life
[2026-03-07T21:14:54.778+0000] {logging_mixin.py:188} INFO - 2026-03-07 21:14:54 [info     ] Claim produced                 amount=93606.03 claim_id=CLM-0116298B8656 claim_type=workers_comp
[2026-03-07T21:14:54.782+0000] {logging_mixin.py:188} INFO - 2026-03-07 21:14:54 [info     ] Claim produced                 amount=108236.14 claim_id=CLM-A414A9CD24DA claim_type=property
[2026-03-07T21:14:54.785+0000] {logging_mixin.py:188} INFO - 2026-03-07 21:14:54 [info     ] Claim produced                 amount=106217.6 claim_id=CLM-3AA0AA8DEB76 claim_type=health
[2026-03-07T21:14:54.787+0000] {logging_mixin.py:188} INFO - 2026-03-07 21:14:54 [info     ] Claim produced                 amount=634410.85 claim_id=CLM-A0B6FD6F88EF claim_type=life
[2026-03-07T21:14:54.788+0000] {logging_mixin.py:188} INFO - 2026-03-07 21:14:54 [info     ] Claim produced                 amount=43785.56 claim_id=CLM-5989A38CAB3D claim_type=auto
[2026-03-07T21:14:54.789+0000] {logging_mixin.py:188} INFO - 2026-03-07 21:14:54 [info     ] Claim produced                 amount=469176.84 claim_id=CLM-8DBEF738E0AC claim_type=life
[2026-03-07T21:14:54.790+0000] {logging_mixin.py:188} INFO - 2026-03-07 21:14:54 [info     ] Claim produced                 amount=116358.51 claim_id=CLM-00CFECC017E3 claim_type=liability
[2026-03-07T21:14:54.791+0000] {logging_mixin.py:188} INFO - 2026-03-07 21:14:54 [info     ] Claim produced                 amount=303662.61 claim_id=CLM-713F982C50A6 claim_type=property
[2026-03-07T21:14:54.791+0000] {logging_mixin.py:188} INFO - 2026-03-07 21:14:54 [info     ] Claim produced                 amount=737552.43 claim_id=CLM-A9AE6D182C4A claim_type=life
[2026-03-07T21:14:54.792+0000] {logging_mixin.py:188} INFO - 2026-03-07 21:14:54 [info     ] Claim produced                 amount=-100 claim_id=CLM-C97A35758FA1 claim_type=auto
[2026-03-07T21:14:54.792+0000] {logging_mixin.py:188} INFO - 2026-03-07 21:14:54 [info     ] Claim produced                 amount=39127.49 claim_id=CLM-455747C17E46 claim_type=liability
[2026-03-07T21:14:54.793+0000] {logging_mixin.py:188} INFO - 2026-03-07 21:14:54 [info     ] Claim produced                 amount=827074.67 claim_id=CLM-1B8AE6F29F9A claim_type=life
[2026-03-07T21:14:54.794+0000] {logging_mixin.py:188} INFO - 2026-03-07 21:14:54 [info     ] Claim produced                 amount=25142.74 claim_id=CLM-6C7666BFD65D claim_type=auto
[2026-03-07T21:14:54.794+0000] {logging_mixin.py:188} INFO - 2026-03-07 21:14:54 [info     ] Claim produced                 amount=21745.33 claim_id=CLM-7F77F3865BF6 claim_type=property
[2026-03-07T21:14:54.795+0000] {logging_mixin.py:188} INFO - 2026-03-07 21:14:54 [info     ] Claim produced                 amount=15194.25 claim_id=CLM-94D446C6750D claim_type=auto
[2026-03-07T21:14:54.796+0000] {logging_mixin.py:188} INFO - 2026-03-07 21:14:54 [info     ] Claim produced                 amount=8996.22 claim_id=CLM-97D512B5818D claim_type=health
[2026-03-07T21:14:54.796+0000] {logging_mixin.py:188} INFO - 2026-03-07 21:14:54 [info     ] Claim produced                 amount=908877.04 claim_id=CLM-ECCC1B146EAF claim_type=life
[2026-03-07T21:14:54.797+0000] {logging_mixin.py:188} INFO - 2026-03-07 21:14:54 [info     ] Claim produced                 amount=41381.47 claim_id=CLM-A19EA172C941 claim_type=health
[2026-03-07T21:14:54.798+0000] {logging_mixin.py:188} INFO - 2026-03-07 21:14:54 [info     ] Claim produced                 amount=49179.83 claim_id=CLM-C428B8835D73 claim_type=auto
[2026-03-07T21:14:54.798+0000] {logging_mixin.py:188} INFO - 2026-03-07 21:14:54 [info     ] Claim produced                 amount=264191.61 claim_id=CLM-3960C2CFE72B claim_type=workers_comp
[2026-03-07T21:14:54.800+0000] {logging_mixin.py:188} INFO - 2026-03-07 21:14:54 [info     ] Claim produced                 amount=499928.24 claim_id=CLM-BE5A6BAF5456 claim_type=property
[2026-03-07T21:14:54.801+0000] {logging_mixin.py:188} INFO - 2026-03-07 21:14:54 [info     ] Claim produced                 amount=319431.64 claim_id=CLM-DEB69C9C7C2F claim_type=property
[2026-03-07T21:14:54.804+0000] {logging_mixin.py:188} INFO - 2026-03-07 21:14:54 [info     ] Claim produced                 amount=274474.53 claim_id=CLM-BEA2C6736DC8 claim_type=property
[2026-03-07T21:14:54.805+0000] {logging_mixin.py:188} INFO - 2026-03-07 21:14:54 [info     ] Claim produced                 amount=525468.17 claim_id=CLM-1AD5D1FAB56E claim_type=life
[2026-03-07T21:14:54.807+0000] {logging_mixin.py:188} INFO - 2026-03-07 21:14:54 [info     ] Claim produced                 amount=2006.25 claim_id=CLM-BCC144B4A770 claim_type=auto
[2026-03-07T21:14:54.807+0000] {logging_mixin.py:188} INFO - 2026-03-07 21:14:54 [info     ] Claim produced                 amount=414595.74 claim_id=CLM-C6B45007D8BF claim_type=workers_comp
[2026-03-07T21:14:54.808+0000] {logging_mixin.py:188} INFO - 2026-03-07 21:14:54 [info     ] Claim produced                 amount=263109.6 claim_id=CLM-4E6CD3A8E230 claim_type=life
[2026-03-07T21:14:54.809+0000] {logging_mixin.py:188} INFO - 2026-03-07 21:14:54 [info     ] Claim produced                 amount=20449.84 claim_id=CLM-C1BD80FAD6FE claim_type=auto
[2026-03-07T21:14:54.809+0000] {logging_mixin.py:188} INFO - 2026-03-07 21:14:54 [info     ] Claim produced                 amount=79766.39 claim_id=CLM-05E3D22727C5 claim_type=workers_comp
[2026-03-07T21:14:54.810+0000] {logging_mixin.py:188} INFO - 2026-03-07 21:14:54 [info     ] Claim produced                 amount=646177.85 claim_id=CLM-F89D98CA5E9B claim_type=life
[2026-03-07T21:14:54.811+0000] {logging_mixin.py:188} INFO - 2026-03-07 21:14:54 [info     ] Claim produced                 amount=840533.11 claim_id=CLM-985F3517243A claim_type=liability
[2026-03-07T21:14:54.811+0000] {logging_mixin.py:188} INFO - 2026-03-07 21:14:54 [info     ] Claim produced                 amount=766396.88 claim_id=CLM-63A424093AF0 claim_type=life
[2026-03-07T21:14:55.710+0000] {logging_mixin.py:188} INFO - 2026-03-07 21:14:55 [info     ] Batch produced: 50/50 claims
[2026-03-07T21:14:55.711+0000] {logging_mixin.py:188} INFO - 2026-03-07 21:14:55 [info     ] Claims producer closed
[2026-03-07T21:14:55.793+0000] {logging_mixin.py:188} INFO - Produced 50 claims to Kafka
[2026-03-07T21:14:55.795+0000] {python.py:201} INFO - Done. Returned value was: 50
[2026-03-07T21:14:55.827+0000] {taskinstance.py:1138} INFO - Marking task as SUCCESS. dag_id=insurance_claims_pipeline, task_id=produce_claims, execution_date=20260307T211437, start_date=20260307T211454, end_date=20260307T211455
[2026-03-07T21:14:55.872+0000] {local_task_job_runner.py:234} INFO - Task exited with return code 0
[2026-03-07T21:14:55.900+0000] {taskinstance.py:3280} INFO - 1 downstream tasks scheduled from follow-on schedule check
