[2026-03-07T21:14:49.537+0000] {taskinstance.py:1956} INFO - Dependencies all met for dep_context=non-requeueable deps ti=<TaskInstance: insurance_claims_pipeline.generate_summary manual__2026-03-02T01:46:19+00:00 [queued]>
[2026-03-07T21:14:49.550+0000] {taskinstance.py:1956} INFO - Dependencies all met for dep_context=requeueable deps ti=<TaskInstance: insurance_claims_pipeline.generate_summary manual__2026-03-02T01:46:19+00:00 [queued]>
[2026-03-07T21:14:49.551+0000] {taskinstance.py:2170} INFO - Starting attempt 1 of 3
[2026-03-07T21:14:49.577+0000] {taskinstance.py:2191} INFO - Executing <Task(PythonOperator): generate_summary> on 2026-03-02 01:46:19+00:00
[2026-03-07T21:14:49.585+0000] {standard_task_runner.py:60} INFO - Started process 494 to run task
[2026-03-07T21:14:49.592+0000] {standard_task_runner.py:87} INFO - Running: ['airflow', 'tasks', 'run', 'insurance_claims_pipeline', 'generate_summary', 'manual__2026-03-02T01:46:19+00:00', '--job-id', '7', '--raw', '--subdir', 'DAGS_FOLDER/insurance_claims_pipeline.py', '--cfg-path', '/tmp/tmplazeydc9']
[2026-03-07T21:14:49.597+0000] {standard_task_runner.py:88} INFO - Job 7: Subtask generate_summary
[2026-03-07T21:14:49.735+0000] {task_command.py:423} INFO - Running <TaskInstance: insurance_claims_pipeline.generate_summary manual__2026-03-02T01:46:19+00:00 [running]> on host 9dc18f9f578f
[2026-03-07T21:14:49.891+0000] {taskinstance.py:2480} INFO - Exporting env vars: AIRFLOW_CTX_DAG_OWNER='insurance-pipeline-team' AIRFLOW_CTX_DAG_ID='insurance_claims_pipeline' AIRFLOW_CTX_TASK_ID='generate_summary' AIRFLOW_CTX_EXECUTION_DATE='2026-03-02T01:46:19+00:00' AIRFLOW_CTX_TRY_NUMBER='1' AIRFLOW_CTX_DAG_RUN_ID='manual__2026-03-02T01:46:19+00:00'
[2026-03-07T21:14:50.170+0000] {logging_mixin.py:188} INFO - 2026-03-07 21:14:50 [info     ] OTLP tracing exporter initialized endpoint=http://jaeger:4317
[2026-03-07T21:14:50.171+0000] {logging_mixin.py:188} INFO - 2026-03-07 21:14:50 [info     ] Tracing initialized            service=airflow-summary-generator
[2026-03-07T21:14:50.365+0000] {logging_mixin.py:188} INFO - ============================================================
[2026-03-07T21:14:50.366+0000] {logging_mixin.py:188} INFO - CLAIMS PROCESSING SUMMARY
[2026-03-07T21:14:50.366+0000] {logging_mixin.py:188} INFO - ============================================================
[2026-03-07T21:14:50.367+0000] {logging_mixin.py:188} INFO - Total Claims:      10951
[2026-03-07T21:14:50.367+0000] {logging_mixin.py:188} INFO - Completed:         10951 (100.0%)
[2026-03-07T21:14:50.368+0000] {logging_mixin.py:188} INFO - Rejected:          0
[2026-03-07T21:14:50.369+0000] {logging_mixin.py:188} INFO - Fraud Flagged:     0
[2026-03-07T21:14:50.370+0000] {logging_mixin.py:188} INFO - Total Amount:      $2,829,535,745.84
[2026-03-07T21:14:50.370+0000] {logging_mixin.py:188} INFO - Avg Fraud Score:   0.2679
[2026-03-07T21:14:50.371+0000] {logging_mixin.py:188} INFO - ============================================================
[2026-03-07T21:14:50.402+0000] {python.py:201} INFO - Done. Returned value was: {'total_claims': 10951, 'completed': 10951, 'rejected': 0, 'flagged_fraud': 0, 'total_amount': 2829535745.84, 'avg_fraud_score': 0.267908967217606, 'completion_rate': 100.0, 'generated_at': '2026-03-07T21:14:50.365343'}
[2026-03-07T21:14:50.434+0000] {taskinstance.py:1138} INFO - Marking task as SUCCESS. dag_id=insurance_claims_pipeline, task_id=generate_summary, execution_date=20260302T014619, start_date=20260307T211449, end_date=20260307T211450
[2026-03-07T21:14:50.476+0000] {local_task_job_runner.py:234} INFO - Task exited with return code 0
[2026-03-07T21:14:50.551+0000] {taskinstance.py:3280} INFO - 0 downstream tasks scheduled from follow-on schedule check
