[2026-03-07T21:22:24.984+0000] {taskinstance.py:1956} INFO - Dependencies all met for dep_context=non-requeueable deps ti=<TaskInstance: insurance_claims_pipeline.lineage_report manual__2026-03-07T21:22:06+00:00 [queued]>
[2026-03-07T21:22:24.993+0000] {taskinstance.py:1956} INFO - Dependencies all met for dep_context=requeueable deps ti=<TaskInstance: insurance_claims_pipeline.lineage_report manual__2026-03-07T21:22:06+00:00 [queued]>
[2026-03-07T21:22:24.995+0000] {taskinstance.py:2170} INFO - Starting attempt 1 of 3
[2026-03-07T21:22:25.006+0000] {taskinstance.py:2191} INFO - Executing <Task(PythonOperator): lineage_report> on 2026-03-07 21:22:06+00:00
[2026-03-07T21:22:25.010+0000] {standard_task_runner.py:60} INFO - Started process 1162 to run task
[2026-03-07T21:22:25.013+0000] {standard_task_runner.py:87} INFO - Running: ['airflow', 'tasks', 'run', 'insurance_claims_pipeline', 'lineage_report', 'manual__2026-03-07T21:22:06+00:00', '--job-id', '25', '--raw', '--subdir', 'DAGS_FOLDER/insurance_claims_pipeline.py', '--cfg-path', '/tmp/tmp26qt97t9']
[2026-03-07T21:22:25.015+0000] {standard_task_runner.py:88} INFO - Job 25: Subtask lineage_report
[2026-03-07T21:22:25.056+0000] {task_command.py:423} INFO - Running <TaskInstance: insurance_claims_pipeline.lineage_report manual__2026-03-07T21:22:06+00:00 [running]> on host 9dc18f9f578f
[2026-03-07T21:22:25.118+0000] {taskinstance.py:2480} INFO - Exporting env vars: AIRFLOW_CTX_DAG_OWNER='insurance-pipeline-team' AIRFLOW_CTX_DAG_ID='insurance_claims_pipeline' AIRFLOW_CTX_TASK_ID='lineage_report' AIRFLOW_CTX_EXECUTION_DATE='2026-03-07T21:22:06+00:00' AIRFLOW_CTX_TRY_NUMBER='1' AIRFLOW_CTX_DAG_RUN_ID='manual__2026-03-07T21:22:06+00:00'
[2026-03-07T21:22:25.234+0000] {logging_mixin.py:188} INFO - 2026-03-07 21:22:25 [info     ] OTLP tracing exporter initialized endpoint=http://jaeger:4317
[2026-03-07T21:22:25.235+0000] {logging_mixin.py:188} INFO - 2026-03-07 21:22:25 [info     ] Tracing initialized            service=insurance-claims-pipeline
[2026-03-07T21:22:25.289+0000] {logging_mixin.py:188} INFO - ============================================================
[2026-03-07T21:22:25.290+0000] {logging_mixin.py:188} INFO - PIPELINE LINEAGE REPORT
[2026-03-07T21:22:25.290+0000] {logging_mixin.py:188} INFO - ============================================================
[2026-03-07T21:22:25.290+0000] {logging_mixin.py:188} INFO - Total Lineage Events:  54893
[2026-03-07T21:22:25.290+0000] {logging_mixin.py:188} INFO - Successful Events:     54260
[2026-03-07T21:22:25.290+0000] {logging_mixin.py:188} INFO - Error Events:          633
[2026-03-07T21:22:25.290+0000] {logging_mixin.py:188} INFO - Success Rate:          98.85%
[2026-03-07T21:22:25.291+0000] {logging_mixin.py:188} INFO - Pipeline Coverage:     100.0%
[2026-03-07T21:22:25.291+0000] {logging_mixin.py:188} INFO - Active Edges:          6 / 6
[2026-03-07T21:22:25.291+0000] {logging_mixin.py:188} INFO - ============================================================
[2026-03-07T21:22:25.291+0000] {logging_mixin.py:188} INFO - 
Edge Statistics:
[2026-03-07T21:22:25.291+0000] {logging_mixin.py:188} INFO -   tx_validation → sink_dlq: 0 records, 0.0ms avg, 0 errors
[2026-03-07T21:22:25.291+0000] {logging_mixin.py:188} INFO -   src_claims_ingestion → tx_validation: 11485 records, 0.13ms avg, 633 errors
[2026-03-07T21:22:25.292+0000] {logging_mixin.py:188} INFO -   tx_validation → tx_fraud_detection: 10852 records, 0.18ms avg, 0 errors
[2026-03-07T21:22:25.292+0000] {logging_mixin.py:188} INFO -   tx_fraud_detection → tx_enrichment: 10852 records, 0.36ms avg, 0 errors
[2026-03-07T21:22:25.292+0000] {logging_mixin.py:188} INFO -   tx_enrichment → sink_s3_datalake: 10852 records, 218.46ms avg, 0 errors
[2026-03-07T21:22:25.292+0000] {logging_mixin.py:188} INFO -   tx_enrichment → sink_postgres: 10852 records, 0.0ms avg, 0 errors
[2026-03-07T21:22:25.304+0000] {python.py:201} INFO - Done. Returned value was: {'total_lineage_events': 54893, 'successful_events': 54260, 'error_events': 633, 'success_rate': 98.85, 'total_edges': 6, 'active_edges': 6, 'pipeline_coverage_percent': 100.0}
[2026-03-07T21:22:25.324+0000] {taskinstance.py:1138} INFO - Marking task as SUCCESS. dag_id=insurance_claims_pipeline, task_id=lineage_report, execution_date=20260307T212206, start_date=20260307T212224, end_date=20260307T212225
[2026-03-07T21:22:25.360+0000] {local_task_job_runner.py:234} INFO - Task exited with return code 0
[2026-03-07T21:22:25.383+0000] {taskinstance.py:3280} INFO - 0 downstream tasks scheduled from follow-on schedule check
