[2026-03-07T21:14:52.004+0000] {taskinstance.py:1956} INFO - Dependencies all met for dep_context=non-requeueable deps ti=<TaskInstance: insurance_claims_pipeline.check_infrastructure manual__2026-03-07T21:14:37+00:00 [queued]>
[2026-03-07T21:14:52.011+0000] {taskinstance.py:1956} INFO - Dependencies all met for dep_context=requeueable deps ti=<TaskInstance: insurance_claims_pipeline.check_infrastructure manual__2026-03-07T21:14:37+00:00 [queued]>
[2026-03-07T21:14:52.011+0000] {taskinstance.py:2170} INFO - Starting attempt 1 of 3
[2026-03-07T21:14:52.019+0000] {taskinstance.py:2191} INFO - Executing <Task(PythonOperator): check_infrastructure> on 2026-03-07 21:14:37+00:00
[2026-03-07T21:14:52.022+0000] {standard_task_runner.py:60} INFO - Started process 532 to run task
[2026-03-07T21:14:52.024+0000] {standard_task_runner.py:87} INFO - Running: ['airflow', 'tasks', 'run', 'insurance_claims_pipeline', 'check_infrastructure', 'manual__2026-03-07T21:14:37+00:00', '--job-id', '9', '--raw', '--subdir', 'DAGS_FOLDER/insurance_claims_pipeline.py', '--cfg-path', '/tmp/tmpt1xsn6j2']
[2026-03-07T21:14:52.026+0000] {standard_task_runner.py:88} INFO - Job 9: Subtask check_infrastructure
[2026-03-07T21:14:52.079+0000] {task_command.py:423} INFO - Running <TaskInstance: insurance_claims_pipeline.check_infrastructure manual__2026-03-07T21:14:37+00:00 [running]> on host 9dc18f9f578f
[2026-03-07T21:14:52.155+0000] {taskinstance.py:2480} INFO - Exporting env vars: AIRFLOW_CTX_DAG_OWNER='insurance-pipeline-team' AIRFLOW_CTX_DAG_ID='insurance_claims_pipeline' AIRFLOW_CTX_TASK_ID='check_infrastructure' AIRFLOW_CTX_EXECUTION_DATE='2026-03-07T21:14:37+00:00' AIRFLOW_CTX_TRY_NUMBER='1' AIRFLOW_CTX_DAG_RUN_ID='manual__2026-03-07T21:14:37+00:00'
[2026-03-07T21:14:52.279+0000] {logging_mixin.py:188} INFO - 2026-03-07 21:14:52 [info     ] OTLP tracing exporter initialized endpoint=http://jaeger:4317
[2026-03-07T21:14:52.279+0000] {logging_mixin.py:188} INFO - 2026-03-07 21:14:52 [info     ] Tracing initialized            service=airflow-health-check
[2026-03-07T21:14:52.821+0000] {_client.py:1027} INFO - HTTP Request: GET http://jaeger:16686/api/services "HTTP/1.1 200 OK"
[2026-03-07T21:14:52.882+0000] {logging_mixin.py:188} INFO - Infrastructure Health: healthy
[2026-03-07T21:14:52.883+0000] {logging_mixin.py:188} INFO - Components: 4/10 healthy
[2026-03-07T21:14:52.884+0000] {logging_mixin.py:188} INFO -   - kafka_broker: healthy (17.4ms)
[2026-03-07T21:14:52.885+0000] {logging_mixin.py:188} INFO -   - claims_producer: unknown (0.0ms)
[2026-03-07T21:14:52.885+0000] {logging_mixin.py:188} INFO -   - claims_validator: unknown (0.0ms)
[2026-03-07T21:14:52.886+0000] {logging_mixin.py:188} INFO -   - fraud_detector: unknown (0.0ms)
[2026-03-07T21:14:52.886+0000] {logging_mixin.py:188} INFO -   - claims_enricher: unknown (0.0ms)
[2026-03-07T21:14:52.886+0000] {logging_mixin.py:188} INFO -   - postgres_db: healthy (4.1ms)
[2026-03-07T21:14:52.887+0000] {logging_mixin.py:188} INFO -   - minio_s3: healthy (267.2ms)
[2026-03-07T21:14:52.887+0000] {logging_mixin.py:188} INFO -   - jaeger_tracing: healthy (254.2ms)
[2026-03-07T21:14:52.887+0000] {logging_mixin.py:188} INFO -   - prometheus_metrics: unknown (0.0ms)
[2026-03-07T21:14:52.888+0000] {logging_mixin.py:188} INFO -   - lineage_tracker: unknown (0.0ms)
[2026-03-07T21:14:52.888+0000] {python.py:201} INFO - Done. Returned value was: healthy
[2026-03-07T21:14:52.933+0000] {taskinstance.py:1138} INFO - Marking task as SUCCESS. dag_id=insurance_claims_pipeline, task_id=check_infrastructure, execution_date=20260307T211437, start_date=20260307T211452, end_date=20260307T211452
[2026-03-07T21:14:52.992+0000] {local_task_job_runner.py:234} INFO - Task exited with return code 0
[2026-03-07T21:14:53.030+0000] {taskinstance.py:3280} INFO - 1 downstream tasks scheduled from follow-on schedule check
