[2026-03-07T21:15:26.108+0000] {taskinstance.py:1956} INFO - Dependencies all met for dep_context=non-requeueable deps ti=<TaskInstance: insurance_claims_pipeline.produce_claims scheduled__2026-03-07T21:00:00+00:00 [queued]>
[2026-03-07T21:15:26.114+0000] {taskinstance.py:1956} INFO - Dependencies all met for dep_context=requeueable deps ti=<TaskInstance: insurance_claims_pipeline.produce_claims scheduled__2026-03-07T21:00:00+00:00 [queued]>
[2026-03-07T21:15:26.115+0000] {taskinstance.py:2170} INFO - Starting attempt 1 of 3
[2026-03-07T21:15:26.123+0000] {taskinstance.py:2191} INFO - Executing <Task(PythonOperator): produce_claims> on 2026-03-07 21:00:00+00:00
[2026-03-07T21:15:26.126+0000] {standard_task_runner.py:60} INFO - Started process 701 to run task
[2026-03-07T21:15:26.128+0000] {standard_task_runner.py:87} INFO - Running: ['airflow', 'tasks', 'run', 'insurance_claims_pipeline', 'produce_claims', 'scheduled__2026-03-07T21:00:00+00:00', '--job-id', '16', '--raw', '--subdir', 'DAGS_FOLDER/insurance_claims_pipeline.py', '--cfg-path', '/tmp/tmpdcs38t4z']
[2026-03-07T21:15:26.130+0000] {standard_task_runner.py:88} INFO - Job 16: Subtask produce_claims
[2026-03-07T21:15:26.174+0000] {task_command.py:423} INFO - Running <TaskInstance: insurance_claims_pipeline.produce_claims scheduled__2026-03-07T21:00:00+00:00 [running]> on host 9dc18f9f578f
[2026-03-07T21:15:26.238+0000] {taskinstance.py:2480} INFO - Exporting env vars: AIRFLOW_CTX_DAG_OWNER='insurance-pipeline-team' AIRFLOW_CTX_DAG_ID='insurance_claims_pipeline' AIRFLOW_CTX_TASK_ID='produce_claims' AIRFLOW_CTX_EXECUTION_DATE='2026-03-07T21:00:00+00:00' AIRFLOW_CTX_TRY_NUMBER='1' AIRFLOW_CTX_DAG_RUN_ID='scheduled__2026-03-07T21:00:00+00:00'
[2026-03-07T21:15:26.410+0000] {logging_mixin.py:188} INFO - 2026-03-07 21:15:26 [info     ] OTLP tracing exporter initialized endpoint=http://jaeger:4317
[2026-03-07T21:15:26.411+0000] {logging_mixin.py:188} INFO - 2026-03-07 21:15:26 [info     ] Tracing initialized            service=airflow-claims-producer
[2026-03-07T21:15:26.424+0000] {logging_mixin.py:188} INFO - 2026-03-07 21:15:26 [info     ] Claim produced                 amount=675168.85 claim_id=CLM-63A1489A3AF1 claim_type=life
[2026-03-07T21:15:26.425+0000] {logging_mixin.py:188} INFO - 2026-03-07 21:15:26 [info     ] Claim produced                 amount=118389.57 claim_id=CLM-CE1CEF76D32A claim_type=liability
[2026-03-07T21:15:26.425+0000] {logging_mixin.py:188} INFO - 2026-03-07 21:15:26 [info     ] Claim produced                 amount=5434.34 claim_id=CLM-FDE5B8AFAC05 claim_type=liability
[2026-03-07T21:15:26.426+0000] {logging_mixin.py:188} INFO - 2026-03-07 21:15:26 [info     ] Claim produced                 amount=40214.72 claim_id=CLM-4E911693DC96 claim_type=workers_comp
[2026-03-07T21:15:26.427+0000] {logging_mixin.py:188} INFO - 2026-03-07 21:15:26 [info     ] Claim produced                 amount=148317.33 claim_id=CLM-652D613EE256 claim_type=liability
[2026-03-07T21:15:26.427+0000] {logging_mixin.py:188} INFO - 2026-03-07 21:15:26 [info     ] Claim produced                 amount=69910.84 claim_id=CLM-F7B361DD185C claim_type=auto
[2026-03-07T21:15:26.428+0000] {logging_mixin.py:188} INFO - 2026-03-07 21:15:26 [info     ] Claim produced                 amount=28948.1 claim_id=CLM-FA8CB5517D53 claim_type=auto
[2026-03-07T21:15:26.428+0000] {logging_mixin.py:188} INFO - 2026-03-07 21:15:26 [info     ] Claim produced                 amount=47090.76 claim_id=CLM-5EF91071BED0 claim_type=life
[2026-03-07T21:15:26.429+0000] {logging_mixin.py:188} INFO - 2026-03-07 21:15:26 [info     ] Claim produced                 amount=393956.18 claim_id=CLM-906795AB2763 claim_type=life
[2026-03-07T21:15:26.429+0000] {logging_mixin.py:188} INFO - 2026-03-07 21:15:26 [info     ] Claim produced                 amount=91693.41 claim_id=CLM-5519173F91B2 claim_type=liability
[2026-03-07T21:15:26.430+0000] {logging_mixin.py:188} INFO - 2026-03-07 21:15:26 [info     ] Claim produced                 amount=193332.17 claim_id=CLM-FECADF03A53B claim_type=liability
[2026-03-07T21:15:26.430+0000] {logging_mixin.py:188} INFO - 2026-03-07 21:15:26 [info     ] Claim produced                 amount=103045.59 claim_id=CLM-D02C9E13BA06 claim_type=liability
[2026-03-07T21:15:26.431+0000] {logging_mixin.py:188} INFO - 2026-03-07 21:15:26 [info     ] Claim produced                 amount=44240.47 claim_id=CLM-789E510E184E claim_type=health
[2026-03-07T21:15:26.431+0000] {logging_mixin.py:188} INFO - 2026-03-07 21:15:26 [info     ] Claim produced                 amount=232016.32 claim_id=CLM-02D3EE676274 claim_type=property
[2026-03-07T21:15:26.432+0000] {logging_mixin.py:188} INFO - 2026-03-07 21:15:26 [info     ] Claim produced                 amount=72951.67 claim_id=CLM-6EBA2F4E3E22 claim_type=liability
[2026-03-07T21:15:26.432+0000] {logging_mixin.py:188} INFO - 2026-03-07 21:15:26 [info     ] Claim produced                 amount=76011.18 claim_id=CLM-F6870713DB97 claim_type=health
[2026-03-07T21:15:26.433+0000] {logging_mixin.py:188} INFO - 2026-03-07 21:15:26 [info     ] Claim produced                 amount=73849.83 claim_id=CLM-53AF3174164F claim_type=auto
[2026-03-07T21:15:26.433+0000] {logging_mixin.py:188} INFO - 2026-03-07 21:15:26 [info     ] Claim produced                 amount=51288.81 claim_id=CLM-4AD7D7D59C2A claim_type=health
[2026-03-07T21:15:26.434+0000] {logging_mixin.py:188} INFO - 2026-03-07 21:15:26 [info     ] Claim produced                 amount=736598.64 claim_id=CLM-F46E54A2412E claim_type=life
[2026-03-07T21:15:26.434+0000] {logging_mixin.py:188} INFO - 2026-03-07 21:15:26 [info     ] Claim produced                 amount=47648.24 claim_id=CLM-CF9C0B06E5E9 claim_type=auto
[2026-03-07T21:15:26.435+0000] {logging_mixin.py:188} INFO - 2026-03-07 21:15:26 [info     ] Claim produced                 amount=344962.89 claim_id=CLM-D41493BA6C0A claim_type=property
[2026-03-07T21:15:26.435+0000] {logging_mixin.py:188} INFO - 2026-03-07 21:15:26 [info     ] Claim produced                 amount=34169.99 claim_id=CLM-664C238433BF claim_type=auto
[2026-03-07T21:15:26.435+0000] {logging_mixin.py:188} INFO - 2026-03-07 21:15:26 [info     ] Claim produced                 amount=90667.66 claim_id=CLM-191C86F7AA19 claim_type=auto
[2026-03-07T21:15:26.436+0000] {logging_mixin.py:188} INFO - 2026-03-07 21:15:26 [info     ] Claim produced                 amount=468806.19 claim_id=CLM-5F146A6DBC10 claim_type=property
[2026-03-07T21:15:26.436+0000] {logging_mixin.py:188} INFO - 2026-03-07 21:15:26 [info     ] Claim produced                 amount=23081.74 claim_id=CLM-C067B1063306 claim_type=workers_comp
[2026-03-07T21:15:26.437+0000] {logging_mixin.py:188} INFO - 2026-03-07 21:15:26 [info     ] Claim produced                 amount=158207.49 claim_id=CLM-2FD5C7DA73FD claim_type=liability
[2026-03-07T21:15:26.437+0000] {logging_mixin.py:188} INFO - 2026-03-07 21:15:26 [info     ] Claim produced                 amount=178188.18 claim_id=CLM-1CFDBAE52125 claim_type=liability
[2026-03-07T21:15:26.438+0000] {logging_mixin.py:188} INFO - 2026-03-07 21:15:26 [info     ] Claim produced                 amount=-100 claim_id=CLM-0F6FB8FEB028 claim_type=workers_comp
[2026-03-07T21:15:26.438+0000] {logging_mixin.py:188} INFO - 2026-03-07 21:15:26 [info     ] Claim produced                 amount=177237.2 claim_id=CLM-5882452F673F claim_type=workers_comp
[2026-03-07T21:15:26.439+0000] {logging_mixin.py:188} INFO - 2026-03-07 21:15:26 [info     ] Claim produced                 amount=39774.56 claim_id=CLM-EA7C5DD7E0C9 claim_type=workers_comp
[2026-03-07T21:15:26.439+0000] {logging_mixin.py:188} INFO - 2026-03-07 21:15:26 [info     ] Claim produced                 amount=418685.43 claim_id=CLM-FE4C02F67491 claim_type=life
[2026-03-07T21:15:26.440+0000] {logging_mixin.py:188} INFO - 2026-03-07 21:15:26 [info     ] Claim produced                 amount=18308.29 claim_id=CLM-5A597FC2FD67 claim_type=property
[2026-03-07T21:15:26.441+0000] {logging_mixin.py:188} INFO - 2026-03-07 21:15:26 [info     ] Claim produced                 amount=315487.29 claim_id=CLM-48ED1D89DB1C claim_type=property
[2026-03-07T21:15:26.441+0000] {logging_mixin.py:188} INFO - 2026-03-07 21:15:26 [info     ] Claim produced                 amount=65307.64 claim_id=CLM-40F948CF9FF8 claim_type=liability
[2026-03-07T21:15:26.442+0000] {logging_mixin.py:188} INFO - 2026-03-07 21:15:26 [info     ] Claim produced                 amount=234597.11 claim_id=CLM-ACE1B0A834BB claim_type=auto
[2026-03-07T21:15:26.442+0000] {logging_mixin.py:188} INFO - 2026-03-07 21:15:26 [info     ] Claim produced                 amount=96209.64 claim_id=CLM-5EC577FB8CF3 claim_type=workers_comp
[2026-03-07T21:15:26.443+0000] {logging_mixin.py:188} INFO - 2026-03-07 21:15:26 [info     ] Claim produced                 amount=277352.12 claim_id=CLM-22440652F7F8 claim_type=life
[2026-03-07T21:15:26.443+0000] {logging_mixin.py:188} INFO - 2026-03-07 21:15:26 [info     ] Claim produced                 amount=24175.37 claim_id=CLM-EE46FF30DF76 claim_type=liability
[2026-03-07T21:15:26.443+0000] {logging_mixin.py:188} INFO - 2026-03-07 21:15:26 [info     ] Claim produced                 amount=69704.0 claim_id=CLM-02BF7E8D4BD6 claim_type=liability
[2026-03-07T21:15:26.444+0000] {logging_mixin.py:188} INFO - 2026-03-07 21:15:26 [info     ] Claim produced                 amount=191541.4 claim_id=CLM-4AA01EB75BC9 claim_type=liability
[2026-03-07T21:15:26.444+0000] {logging_mixin.py:188} INFO - 2026-03-07 21:15:26 [info     ] Claim produced                 amount=92570.87 claim_id=CLM-D7B62E8ACD9C claim_type=health
[2026-03-07T21:15:26.445+0000] {logging_mixin.py:188} INFO - 2026-03-07 21:15:26 [info     ] Claim produced                 amount=184639.11 claim_id=CLM-E2F0C99634C1 claim_type=liability
[2026-03-07T21:15:26.445+0000] {logging_mixin.py:188} INFO - 2026-03-07 21:15:26 [info     ] Claim produced                 amount=692313.65 claim_id=CLM-1FD78A4ECA72 claim_type=health
[2026-03-07T21:15:26.445+0000] {logging_mixin.py:188} INFO - 2026-03-07 21:15:26 [info     ] Claim produced                 amount=9343.42 claim_id=CLM-9073F6900F53 claim_type=liability
[2026-03-07T21:15:26.446+0000] {logging_mixin.py:188} INFO - 2026-03-07 21:15:26 [info     ] Claim produced                 amount=365679.41 claim_id=CLM-7EC21075CFCD claim_type=property
[2026-03-07T21:15:26.446+0000] {logging_mixin.py:188} INFO - 2026-03-07 21:15:26 [info     ] Claim produced                 amount=392110.8 claim_id=CLM-0D38442C4032 claim_type=workers_comp
[2026-03-07T21:15:26.447+0000] {logging_mixin.py:188} INFO - 2026-03-07 21:15:26 [info     ] Claim produced                 amount=160947.56 claim_id=CLM-F3A82BA9C531 claim_type=liability
[2026-03-07T21:15:26.447+0000] {logging_mixin.py:188} INFO - 2026-03-07 21:15:26 [info     ] Claim produced                 amount=30795.12 claim_id=CLM-687E9F93283A claim_type=auto
[2026-03-07T21:15:26.448+0000] {logging_mixin.py:188} INFO - 2026-03-07 21:15:26 [info     ] Claim produced                 amount=210220.73 claim_id=CLM-493BC3E3E483 claim_type=health
[2026-03-07T21:15:26.448+0000] {logging_mixin.py:188} INFO - 2026-03-07 21:15:26 [info     ] Claim produced                 amount=27858.78 claim_id=CLM-38A6EC4141E4 claim_type=auto
[2026-03-07T21:15:27.421+0000] {logging_mixin.py:188} INFO - 2026-03-07 21:15:27 [info     ] Batch produced: 50/50 claims
[2026-03-07T21:15:27.422+0000] {logging_mixin.py:188} INFO - 2026-03-07 21:15:27 [info     ] Claims producer closed
[2026-03-07T21:15:27.453+0000] {logging_mixin.py:188} INFO - Produced 50 claims to Kafka
[2026-03-07T21:15:27.454+0000] {python.py:201} INFO - Done. Returned value was: 50
[2026-03-07T21:15:27.476+0000] {taskinstance.py:1138} INFO - Marking task as SUCCESS. dag_id=insurance_claims_pipeline, task_id=produce_claims, execution_date=20260307T210000, start_date=20260307T211526, end_date=20260307T211527
[2026-03-07T21:15:27.498+0000] {local_task_job_runner.py:234} INFO - Task exited with return code 0
[2026-03-07T21:15:27.522+0000] {taskinstance.py:3280} INFO - 1 downstream tasks scheduled from follow-on schedule check
