[2026-03-07T21:15:24.662+0000] {taskinstance.py:1956} INFO - Dependencies all met for dep_context=non-requeueable deps ti=<TaskInstance: insurance_claims_pipeline.check_infrastructure scheduled__2026-03-07T21:00:00+00:00 [queued]>
[2026-03-07T21:15:24.670+0000] {taskinstance.py:1956} INFO - Dependencies all met for dep_context=requeueable deps ti=<TaskInstance: insurance_claims_pipeline.check_infrastructure scheduled__2026-03-07T21:00:00+00:00 [queued]>
[2026-03-07T21:15:24.671+0000] {taskinstance.py:2170} INFO - Starting attempt 1 of 3
[2026-03-07T21:15:24.680+0000] {taskinstance.py:2191} INFO - Executing <Task(PythonOperator): check_infrastructure> on 2026-03-07 21:00:00+00:00
[2026-03-07T21:15:24.685+0000] {standard_task_runner.py:60} INFO - Started process 678 to run task
[2026-03-07T21:15:24.687+0000] {standard_task_runner.py:87} INFO - Running: ['airflow', 'tasks', 'run', 'insurance_claims_pipeline', 'check_infrastructure', 'scheduled__2026-03-07T21:00:00+00:00', '--job-id', '15', '--raw', '--subdir', 'DAGS_FOLDER/insurance_claims_pipeline.py', '--cfg-path', '/tmp/tmpmxq4izz0']
[2026-03-07T21:15:24.689+0000] {standard_task_runner.py:88} INFO - Job 15: Subtask check_infrastructure
[2026-03-07T21:15:24.738+0000] {task_command.py:423} INFO - Running <TaskInstance: insurance_claims_pipeline.check_infrastructure scheduled__2026-03-07T21:00:00+00:00 [running]> on host 9dc18f9f578f
[2026-03-07T21:15:24.847+0000] {taskinstance.py:2480} INFO - Exporting env vars: AIRFLOW_CTX_DAG_OWNER='insurance-pipeline-team' AIRFLOW_CTX_DAG_ID='insurance_claims_pipeline' AIRFLOW_CTX_TASK_ID='check_infrastructure' AIRFLOW_CTX_EXECUTION_DATE='2026-03-07T21:00:00+00:00' AIRFLOW_CTX_TRY_NUMBER='1' AIRFLOW_CTX_DAG_RUN_ID='scheduled__2026-03-07T21:00:00+00:00'
[2026-03-07T21:15:24.993+0000] {logging_mixin.py:188} INFO - 2026-03-07 21:15:24 [info     ] OTLP tracing exporter initialized endpoint=http://jaeger:4317
[2026-03-07T21:15:24.994+0000] {logging_mixin.py:188} INFO - 2026-03-07 21:15:24 [info     ] Tracing initialized            service=airflow-health-check
[2026-03-07T21:15:25.417+0000] {_client.py:1027} INFO - HTTP Request: GET http://jaeger:16686/api/services "HTTP/1.1 200 OK"
[2026-03-07T21:15:25.442+0000] {logging_mixin.py:188} INFO - Infrastructure Health: healthy
[2026-03-07T21:15:25.442+0000] {logging_mixin.py:188} INFO - Components: 4/10 healthy
[2026-03-07T21:15:25.443+0000] {logging_mixin.py:188} INFO -   - kafka_broker: healthy (16.2ms)
[2026-03-07T21:15:25.443+0000] {logging_mixin.py:188} INFO -   - claims_producer: unknown (0.0ms)
[2026-03-07T21:15:25.443+0000] {logging_mixin.py:188} INFO -   - claims_validator: unknown (0.0ms)
[2026-03-07T21:15:25.443+0000] {logging_mixin.py:188} INFO -   - fraud_detector: unknown (0.0ms)
[2026-03-07T21:15:25.443+0000] {logging_mixin.py:188} INFO -   - claims_enricher: unknown (0.0ms)
[2026-03-07T21:15:25.443+0000] {logging_mixin.py:188} INFO -   - postgres_db: healthy (6.3ms)
[2026-03-07T21:15:25.443+0000] {logging_mixin.py:188} INFO -   - minio_s3: healthy (307.9ms)
[2026-03-07T21:15:25.443+0000] {logging_mixin.py:188} INFO -   - jaeger_tracing: healthy (92.9ms)
[2026-03-07T21:15:25.444+0000] {logging_mixin.py:188} INFO -   - prometheus_metrics: unknown (0.0ms)
[2026-03-07T21:15:25.444+0000] {logging_mixin.py:188} INFO -   - lineage_tracker: unknown (0.0ms)
[2026-03-07T21:15:25.444+0000] {python.py:201} INFO - Done. Returned value was: healthy
[2026-03-07T21:15:25.461+0000] {taskinstance.py:1138} INFO - Marking task as SUCCESS. dag_id=insurance_claims_pipeline, task_id=check_infrastructure, execution_date=20260307T210000, start_date=20260307T211524, end_date=20260307T211525
[2026-03-07T21:15:25.483+0000] {local_task_job_runner.py:234} INFO - Task exited with return code 0
[2026-03-07T21:15:25.506+0000] {taskinstance.py:3280} INFO - 1 downstream tasks scheduled from follow-on schedule check
