[2026-03-07T21:22:26.871+0000] {taskinstance.py:1956} INFO - Dependencies all met for dep_context=non-requeueable deps ti=<TaskInstance: insurance_claims_pipeline.check_infrastructure manual__2026-03-07T21:22:20+00:00 [queued]>
[2026-03-07T21:22:26.878+0000] {taskinstance.py:1956} INFO - Dependencies all met for dep_context=requeueable deps ti=<TaskInstance: insurance_claims_pipeline.check_infrastructure manual__2026-03-07T21:22:20+00:00 [queued]>
[2026-03-07T21:22:26.878+0000] {taskinstance.py:2170} INFO - Starting attempt 1 of 3
[2026-03-07T21:22:26.893+0000] {taskinstance.py:2191} INFO - Executing <Task(PythonOperator): check_infrastructure> on 2026-03-07 21:22:20+00:00
[2026-03-07T21:22:26.896+0000] {standard_task_runner.py:60} INFO - Started process 1200 to run task
[2026-03-07T21:22:26.898+0000] {standard_task_runner.py:87} INFO - Running: ['airflow', 'tasks', 'run', 'insurance_claims_pipeline', 'check_infrastructure', 'manual__2026-03-07T21:22:20+00:00', '--job-id', '27', '--raw', '--subdir', 'DAGS_FOLDER/insurance_claims_pipeline.py', '--cfg-path', '/tmp/tmp4t_ruxd0']
[2026-03-07T21:22:26.900+0000] {standard_task_runner.py:88} INFO - Job 27: Subtask check_infrastructure
[2026-03-07T21:22:26.948+0000] {task_command.py:423} INFO - Running <TaskInstance: insurance_claims_pipeline.check_infrastructure manual__2026-03-07T21:22:20+00:00 [running]> on host 9dc18f9f578f
[2026-03-07T21:22:27.015+0000] {taskinstance.py:2480} INFO - Exporting env vars: AIRFLOW_CTX_DAG_OWNER='insurance-pipeline-team' AIRFLOW_CTX_DAG_ID='insurance_claims_pipeline' AIRFLOW_CTX_TASK_ID='check_infrastructure' AIRFLOW_CTX_EXECUTION_DATE='2026-03-07T21:22:20+00:00' AIRFLOW_CTX_TRY_NUMBER='1' AIRFLOW_CTX_DAG_RUN_ID='manual__2026-03-07T21:22:20+00:00'
[2026-03-07T21:22:27.118+0000] {logging_mixin.py:188} INFO - 2026-03-07 21:22:27 [info     ] OTLP tracing exporter initialized endpoint=http://jaeger:4317
[2026-03-07T21:22:27.118+0000] {logging_mixin.py:188} INFO - 2026-03-07 21:22:27 [info     ] Tracing initialized            service=airflow-health-check
[2026-03-07T21:22:27.480+0000] {_client.py:1027} INFO - HTTP Request: GET http://jaeger:16686/api/services "HTTP/1.1 200 OK"
[2026-03-07T21:22:27.504+0000] {logging_mixin.py:188} INFO - Infrastructure Health: healthy
[2026-03-07T21:22:27.505+0000] {logging_mixin.py:188} INFO - Components: 4/10 healthy
[2026-03-07T21:22:27.505+0000] {logging_mixin.py:188} INFO -   - kafka_broker: healthy (32.3ms)
[2026-03-07T21:22:27.505+0000] {logging_mixin.py:188} INFO -   - claims_producer: unknown (0.0ms)
[2026-03-07T21:22:27.505+0000] {logging_mixin.py:188} INFO -   - claims_validator: unknown (0.0ms)
[2026-03-07T21:22:27.505+0000] {logging_mixin.py:188} INFO -   - fraud_detector: unknown (0.0ms)
[2026-03-07T21:22:27.506+0000] {logging_mixin.py:188} INFO -   - claims_enricher: unknown (0.0ms)
[2026-03-07T21:22:27.506+0000] {logging_mixin.py:188} INFO -   - postgres_db: healthy (4.3ms)
[2026-03-07T21:22:27.506+0000] {logging_mixin.py:188} INFO -   - minio_s3: healthy (228.4ms)
[2026-03-07T21:22:27.506+0000] {logging_mixin.py:188} INFO -   - jaeger_tracing: healthy (97.9ms)
[2026-03-07T21:22:27.506+0000] {logging_mixin.py:188} INFO -   - prometheus_metrics: unknown (0.0ms)
[2026-03-07T21:22:27.506+0000] {logging_mixin.py:188} INFO -   - lineage_tracker: unknown (0.0ms)
[2026-03-07T21:22:27.506+0000] {python.py:201} INFO - Done. Returned value was: healthy
[2026-03-07T21:22:27.525+0000] {taskinstance.py:1138} INFO - Marking task as SUCCESS. dag_id=insurance_claims_pipeline, task_id=check_infrastructure, execution_date=20260307T212220, start_date=20260307T212226, end_date=20260307T212227
[2026-03-07T21:22:27.575+0000] {local_task_job_runner.py:234} INFO - Task exited with return code 0
[2026-03-07T21:22:27.597+0000] {taskinstance.py:3280} INFO - 1 downstream tasks scheduled from follow-on schedule check
