[2026-03-07T21:30:04.567+0000] {taskinstance.py:1956} INFO - Dependencies all met for dep_context=non-requeueable deps ti=<TaskInstance: insurance_claims_pipeline.produce_claims scheduled__2026-03-07T21:15:00+00:00 [queued]>
[2026-03-07T21:30:04.579+0000] {taskinstance.py:1956} INFO - Dependencies all met for dep_context=requeueable deps ti=<TaskInstance: insurance_claims_pipeline.produce_claims scheduled__2026-03-07T21:15:00+00:00 [queued]>
[2026-03-07T21:30:04.579+0000] {taskinstance.py:2170} INFO - Starting attempt 1 of 3
[2026-03-07T21:30:04.591+0000] {taskinstance.py:2191} INFO - Executing <Task(PythonOperator): produce_claims> on 2026-03-07 21:15:00+00:00
[2026-03-07T21:30:04.596+0000] {standard_task_runner.py:60} INFO - Started process 1589 to run task
[2026-03-07T21:30:04.600+0000] {standard_task_runner.py:87} INFO - Running: ['airflow', 'tasks', 'run', 'insurance_claims_pipeline', 'produce_claims', 'scheduled__2026-03-07T21:15:00+00:00', '--job-id', '34', '--raw', '--subdir', 'DAGS_FOLDER/insurance_claims_pipeline.py', '--cfg-path', '/tmp/tmpqdd369t9']
[2026-03-07T21:30:04.606+0000] {standard_task_runner.py:88} INFO - Job 34: Subtask produce_claims
[2026-03-07T21:30:04.706+0000] {task_command.py:423} INFO - Running <TaskInstance: insurance_claims_pipeline.produce_claims scheduled__2026-03-07T21:15:00+00:00 [running]> on host 9dc18f9f578f
[2026-03-07T21:30:04.808+0000] {taskinstance.py:2480} INFO - Exporting env vars: AIRFLOW_CTX_DAG_OWNER='insurance-pipeline-team' AIRFLOW_CTX_DAG_ID='insurance_claims_pipeline' AIRFLOW_CTX_TASK_ID='produce_claims' AIRFLOW_CTX_EXECUTION_DATE='2026-03-07T21:15:00+00:00' AIRFLOW_CTX_TRY_NUMBER='1' AIRFLOW_CTX_DAG_RUN_ID='scheduled__2026-03-07T21:15:00+00:00'
[2026-03-07T21:30:05.112+0000] {logging_mixin.py:188} INFO - 2026-03-07 21:30:05 [info     ] OTLP tracing exporter initialized endpoint=http://jaeger:4317
[2026-03-07T21:30:05.113+0000] {logging_mixin.py:188} INFO - 2026-03-07 21:30:05 [info     ] Tracing initialized            service=airflow-claims-producer
[2026-03-07T21:30:05.140+0000] {logging_mixin.py:188} INFO - 2026-03-07 21:30:05 [info     ] Claim produced                 amount=59405.75 claim_id=CLM-8570522A247C claim_type=auto
[2026-03-07T21:30:05.143+0000] {logging_mixin.py:188} INFO - 2026-03-07 21:30:05 [info     ] Claim produced                 amount=227248.21 claim_id=CLM-F839934651FC claim_type=auto
[2026-03-07T21:30:05.145+0000] {logging_mixin.py:188} INFO - 2026-03-07 21:30:05 [info     ] Claim produced                 amount=930.29 claim_id=CLM-87FC00370412 claim_type=health
[2026-03-07T21:30:05.149+0000] {logging_mixin.py:188} INFO - 2026-03-07 21:30:05 [info     ] Claim produced                 amount=337305.48 claim_id=CLM-A6ABD0D3CD49 claim_type=workers_comp
[2026-03-07T21:30:05.152+0000] {logging_mixin.py:188} INFO - 2026-03-07 21:30:05 [info     ] Claim produced                 amount=151658.04 claim_id=CLM-3E817D6E689F claim_type=life
[2026-03-07T21:30:05.154+0000] {logging_mixin.py:188} INFO - 2026-03-07 21:30:05 [info     ] Claim produced                 amount=137667.67 claim_id=CLM-46CFBECF7E6D claim_type=health
[2026-03-07T21:30:05.156+0000] {logging_mixin.py:188} INFO - 2026-03-07 21:30:05 [info     ] Claim produced                 amount=5746.65 claim_id=CLM-CE4F814997BC claim_type=workers_comp
[2026-03-07T21:30:05.157+0000] {logging_mixin.py:188} INFO - 2026-03-07 21:30:05 [info     ] Claim produced                 amount=22731.7 claim_id=CLM-90F4A66FBD1B claim_type=auto
[2026-03-07T21:30:05.158+0000] {logging_mixin.py:188} INFO - 2026-03-07 21:30:05 [info     ] Claim produced                 amount=52561.48 claim_id=CLM-C894FADE9DB8 claim_type=auto
[2026-03-07T21:30:05.159+0000] {logging_mixin.py:188} INFO - 2026-03-07 21:30:05 [info     ] Claim produced                 amount=871455.69 claim_id=CLM-D4F708283BA1 claim_type=life
[2026-03-07T21:30:05.160+0000] {logging_mixin.py:188} INFO - 2026-03-07 21:30:05 [info     ] Claim produced                 amount=460860.56 claim_id=CLM-B91135235595 claim_type=property
[2026-03-07T21:30:05.161+0000] {logging_mixin.py:188} INFO - 2026-03-07 21:30:05 [info     ] Claim produced                 amount=89788.84 claim_id=CLM-A6DCB628ADA9 claim_type=workers_comp
[2026-03-07T21:30:05.162+0000] {logging_mixin.py:188} INFO - 2026-03-07 21:30:05 [info     ] Claim produced                 amount=235448.11 claim_id=CLM-92D9E17EF583 claim_type=health
[2026-03-07T21:30:05.163+0000] {logging_mixin.py:188} INFO - 2026-03-07 21:30:05 [info     ] Claim produced                 amount=152126.81 claim_id=CLM-3CD1C6FD172B claim_type=liability
[2026-03-07T21:30:05.164+0000] {logging_mixin.py:188} INFO - 2026-03-07 21:30:05 [info     ] Claim produced                 amount=686838.22 claim_id=CLM-F441078D15DD claim_type=life
[2026-03-07T21:30:05.166+0000] {logging_mixin.py:188} INFO - 2026-03-07 21:30:05 [info     ] Claim produced                 amount=106801.88 claim_id=CLM-E0422B75F495 claim_type=property
[2026-03-07T21:30:05.167+0000] {logging_mixin.py:188} INFO - 2026-03-07 21:30:05 [info     ] Claim produced                 amount=42614.1 claim_id=CLM-B49EA052F5E9 claim_type=workers_comp
[2026-03-07T21:30:05.169+0000] {logging_mixin.py:188} INFO - 2026-03-07 21:30:05 [info     ] Claim produced                 amount=293249.46 claim_id=CLM-A390E428E556 claim_type=property
[2026-03-07T21:30:05.170+0000] {logging_mixin.py:188} INFO - 2026-03-07 21:30:05 [info     ] Claim produced                 amount=472671.71 claim_id=CLM-F0C2A1C4EFA5 claim_type=liability
[2026-03-07T21:30:05.172+0000] {logging_mixin.py:188} INFO - 2026-03-07 21:30:05 [info     ] Claim produced                 amount=929118.84 claim_id=CLM-AD1CBF38D8D3 claim_type=property
[2026-03-07T21:30:05.173+0000] {logging_mixin.py:188} INFO - 2026-03-07 21:30:05 [info     ] Claim produced                 amount=93095.46 claim_id=CLM-F7DA72849930 claim_type=workers_comp
[2026-03-07T21:30:05.175+0000] {logging_mixin.py:188} INFO - 2026-03-07 21:30:05 [info     ] Claim produced                 amount=107500.27 claim_id=CLM-726EAEAABDF0 claim_type=workers_comp
[2026-03-07T21:30:05.176+0000] {logging_mixin.py:188} INFO - 2026-03-07 21:30:05 [info     ] Claim produced                 amount=961955.56 claim_id=CLM-B1377E151431 claim_type=life
[2026-03-07T21:30:05.177+0000] {logging_mixin.py:188} INFO - 2026-03-07 21:30:05 [info     ] Claim produced                 amount=77752.64 claim_id=CLM-89730175ACD9 claim_type=health
[2026-03-07T21:30:05.177+0000] {logging_mixin.py:188} INFO - 2026-03-07 21:30:05 [info     ] Claim produced                 amount=648577.56 claim_id=CLM-748944770224 claim_type=workers_comp
[2026-03-07T21:30:05.178+0000] {logging_mixin.py:188} INFO - 2026-03-07 21:30:05 [info     ] Claim produced                 amount=2102.57 claim_id=CLM-CD714F72BB44 claim_type=property
[2026-03-07T21:30:05.179+0000] {logging_mixin.py:188} INFO - 2026-03-07 21:30:05 [info     ] Claim produced                 amount=184262.52 claim_id=CLM-A37DB0E17E98 claim_type=health
[2026-03-07T21:30:05.180+0000] {logging_mixin.py:188} INFO - 2026-03-07 21:30:05 [info     ] Claim produced                 amount=22645.84 claim_id=CLM-BC8A1FEFB1DB claim_type=liability
[2026-03-07T21:30:05.180+0000] {logging_mixin.py:188} INFO - 2026-03-07 21:30:05 [info     ] Claim produced                 amount=956.33 claim_id=CLM-4BCF18D3DE06 claim_type=health
[2026-03-07T21:30:05.181+0000] {logging_mixin.py:188} INFO - 2026-03-07 21:30:05 [info     ] Claim produced                 amount=106214.26 claim_id=CLM-F458E7F64F99 claim_type=liability
[2026-03-07T21:30:05.182+0000] {logging_mixin.py:188} INFO - 2026-03-07 21:30:05 [info     ] Claim produced                 amount=6335.82 claim_id=CLM-B5AD764AB4E9 claim_type=workers_comp
[2026-03-07T21:30:05.182+0000] {logging_mixin.py:188} INFO - 2026-03-07 21:30:05 [info     ] Claim produced                 amount=530584.11 claim_id=CLM-53548176AB5A claim_type=health
[2026-03-07T21:30:05.183+0000] {logging_mixin.py:188} INFO - 2026-03-07 21:30:05 [info     ] Claim produced                 amount=-100 claim_id=CLM-527DBC0A6FC4 claim_type=workers_comp
[2026-03-07T21:30:05.183+0000] {logging_mixin.py:188} INFO - 2026-03-07 21:30:05 [info     ] Claim produced                 amount=10301.09 claim_id=CLM-057D745FEAEB claim_type=workers_comp
[2026-03-07T21:30:05.184+0000] {logging_mixin.py:188} INFO - 2026-03-07 21:30:05 [info     ] Claim produced                 amount=88242.33 claim_id=CLM-325B85E37A53 claim_type=workers_comp
[2026-03-07T21:30:05.185+0000] {logging_mixin.py:188} INFO - 2026-03-07 21:30:05 [info     ] Claim produced                 amount=152567.75 claim_id=CLM-A07358C14837 claim_type=liability
[2026-03-07T21:30:05.185+0000] {logging_mixin.py:188} INFO - 2026-03-07 21:30:05 [info     ] Claim produced                 amount=955498.55 claim_id=CLM-B4D2694EEF27 claim_type=life
[2026-03-07T21:30:05.186+0000] {logging_mixin.py:188} INFO - 2026-03-07 21:30:05 [info     ] Claim produced                 amount=199859.12 claim_id=CLM-82FF82AA4B15 claim_type=health
[2026-03-07T21:30:05.188+0000] {logging_mixin.py:188} INFO - 2026-03-07 21:30:05 [info     ] Claim produced                 amount=96587.31 claim_id=CLM-232ABE583154 claim_type=workers_comp
[2026-03-07T21:30:05.189+0000] {logging_mixin.py:188} INFO - 2026-03-07 21:30:05 [info     ] Claim produced                 amount=184059.38 claim_id=CLM-4E16C3F0B794 claim_type=property
[2026-03-07T21:30:05.191+0000] {logging_mixin.py:188} INFO - 2026-03-07 21:30:05 [info     ] Claim produced                 amount=1244999.83 claim_id=CLM-102049703071 claim_type=property
[2026-03-07T21:30:05.192+0000] {logging_mixin.py:188} INFO - 2026-03-07 21:30:05 [info     ] Claim produced                 amount=141159.12 claim_id=CLM-0884312004BB claim_type=workers_comp
[2026-03-07T21:30:05.192+0000] {logging_mixin.py:188} INFO - 2026-03-07 21:30:05 [info     ] Claim produced                 amount=671516.33 claim_id=CLM-B7BA09A345E1 claim_type=life
[2026-03-07T21:30:05.193+0000] {logging_mixin.py:188} INFO - 2026-03-07 21:30:05 [info     ] Claim produced                 amount=192766.48 claim_id=CLM-604FC0338080 claim_type=auto
[2026-03-07T21:30:05.194+0000] {logging_mixin.py:188} INFO - 2026-03-07 21:30:05 [info     ] Claim produced                 amount=18824.27 claim_id=CLM-70BF02FD4341 claim_type=liability
[2026-03-07T21:30:05.194+0000] {logging_mixin.py:188} INFO - 2026-03-07 21:30:05 [info     ] Claim produced                 amount=21340.54 claim_id=CLM-37DE0D8F390C claim_type=workers_comp
[2026-03-07T21:30:05.195+0000] {logging_mixin.py:188} INFO - 2026-03-07 21:30:05 [info     ] Claim produced                 amount=112115.59 claim_id=CLM-3F8FAB60AB4B claim_type=health
[2026-03-07T21:30:05.195+0000] {logging_mixin.py:188} INFO - 2026-03-07 21:30:05 [info     ] Claim produced                 amount=32879.83 claim_id=CLM-500C5A63E7FD claim_type=liability
[2026-03-07T21:30:05.197+0000] {logging_mixin.py:188} INFO - 2026-03-07 21:30:05 [info     ] Claim produced                 amount=13826.45 claim_id=CLM-2CE4FCF83FC1 claim_type=auto
[2026-03-07T21:30:05.198+0000] {logging_mixin.py:188} INFO - 2026-03-07 21:30:05 [info     ] Claim produced                 amount=199173.81 claim_id=CLM-3D5C9BD9AC02 claim_type=health
[2026-03-07T21:30:06.121+0000] {logging_mixin.py:188} INFO - 2026-03-07 21:30:06 [info     ] Batch produced: 50/50 claims
[2026-03-07T21:30:06.122+0000] {logging_mixin.py:188} INFO - 2026-03-07 21:30:06 [info     ] Claims producer closed
[2026-03-07T21:30:06.158+0000] {logging_mixin.py:188} INFO - Produced 50 claims to Kafka
[2026-03-07T21:30:06.160+0000] {python.py:201} INFO - Done. Returned value was: 50
[2026-03-07T21:30:06.185+0000] {taskinstance.py:1138} INFO - Marking task as SUCCESS. dag_id=insurance_claims_pipeline, task_id=produce_claims, execution_date=20260307T211500, start_date=20260307T213004, end_date=20260307T213006
[2026-03-07T21:30:06.236+0000] {local_task_job_runner.py:234} INFO - Task exited with return code 0
[2026-03-07T21:30:06.272+0000] {taskinstance.py:3280} INFO - 1 downstream tasks scheduled from follow-on schedule check
