[2026-03-07T21:14:49.538+0000] {taskinstance.py:1956} INFO - Dependencies all met for dep_context=non-requeueable deps ti=<TaskInstance: insurance_claims_pipeline.lineage_report manual__2026-03-02T01:46:19+00:00 [queued]>
[2026-03-07T21:14:49.552+0000] {taskinstance.py:1956} INFO - Dependencies all met for dep_context=requeueable deps ti=<TaskInstance: insurance_claims_pipeline.lineage_report manual__2026-03-02T01:46:19+00:00 [queued]>
[2026-03-07T21:14:49.554+0000] {taskinstance.py:2170} INFO - Starting attempt 1 of 3
[2026-03-07T21:14:49.579+0000] {taskinstance.py:2191} INFO - Executing <Task(PythonOperator): lineage_report> on 2026-03-02 01:46:19+00:00
[2026-03-07T21:14:49.585+0000] {standard_task_runner.py:60} INFO - Started process 493 to run task
[2026-03-07T21:14:49.592+0000] {standard_task_runner.py:87} INFO - Running: ['airflow', 'tasks', 'run', 'insurance_claims_pipeline', 'lineage_report', 'manual__2026-03-02T01:46:19+00:00', '--job-id', '6', '--raw', '--subdir', 'DAGS_FOLDER/insurance_claims_pipeline.py', '--cfg-path', '/tmp/tmprxz2qw2c']
[2026-03-07T21:14:49.597+0000] {standard_task_runner.py:88} INFO - Job 6: Subtask lineage_report
[2026-03-07T21:14:49.737+0000] {task_command.py:423} INFO - Running <TaskInstance: insurance_claims_pipeline.lineage_report manual__2026-03-02T01:46:19+00:00 [running]> on host 9dc18f9f578f
[2026-03-07T21:14:49.878+0000] {taskinstance.py:2480} INFO - Exporting env vars: AIRFLOW_CTX_DAG_OWNER='insurance-pipeline-team' AIRFLOW_CTX_DAG_ID='insurance_claims_pipeline' AIRFLOW_CTX_TASK_ID='lineage_report' AIRFLOW_CTX_EXECUTION_DATE='2026-03-02T01:46:19+00:00' AIRFLOW_CTX_TRY_NUMBER='1' AIRFLOW_CTX_DAG_RUN_ID='manual__2026-03-02T01:46:19+00:00'
[2026-03-07T21:14:50.172+0000] {logging_mixin.py:188} INFO - 2026-03-07 21:14:50 [info     ] OTLP tracing exporter initialized endpoint=http://jaeger:4317
[2026-03-07T21:14:50.173+0000] {logging_mixin.py:188} INFO - 2026-03-07 21:14:50 [info     ] Tracing initialized            service=insurance-claims-pipeline
[2026-03-07T21:14:50.340+0000] {logging_mixin.py:188} INFO - ============================================================
[2026-03-07T21:14:50.341+0000] {logging_mixin.py:188} INFO - PIPELINE LINEAGE REPORT
[2026-03-07T21:14:50.342+0000] {logging_mixin.py:188} INFO - ============================================================
[2026-03-07T21:14:50.343+0000] {logging_mixin.py:188} INFO - Total Lineage Events:  54274
[2026-03-07T21:14:50.343+0000] {logging_mixin.py:188} INFO - Successful Events:     53670
[2026-03-07T21:14:50.344+0000] {logging_mixin.py:188} INFO - Error Events:          604
[2026-03-07T21:14:50.345+0000] {logging_mixin.py:188} INFO - Success Rate:          98.89%
[2026-03-07T21:14:50.346+0000] {logging_mixin.py:188} INFO - Pipeline Coverage:     100.0%
[2026-03-07T21:14:50.346+0000] {logging_mixin.py:188} INFO - Active Edges:          6 / 6
[2026-03-07T21:14:50.346+0000] {logging_mixin.py:188} INFO - ============================================================
[2026-03-07T21:14:50.348+0000] {logging_mixin.py:188} INFO - 
Edge Statistics:
[2026-03-07T21:14:50.348+0000] {logging_mixin.py:188} INFO -   tx_validation → sink_dlq: 0 records, 0.0ms avg, 0 errors
[2026-03-07T21:14:50.349+0000] {logging_mixin.py:188} INFO -   src_claims_ingestion → tx_validation: 11338 records, 0.23ms avg, 604 errors
[2026-03-07T21:14:50.350+0000] {logging_mixin.py:188} INFO -   tx_validation → tx_fraud_detection: 10734 records, 0.29ms avg, 0 errors
[2026-03-07T21:14:50.350+0000] {logging_mixin.py:188} INFO -   tx_fraud_detection → tx_enrichment: 10734 records, 0.3ms avg, 0 errors
[2026-03-07T21:14:50.351+0000] {logging_mixin.py:188} INFO -   tx_enrichment → sink_s3_datalake: 10734 records, 160.42ms avg, 0 errors
[2026-03-07T21:14:50.352+0000] {logging_mixin.py:188} INFO -   tx_enrichment → sink_postgres: 10734 records, 0.0ms avg, 0 errors
[2026-03-07T21:14:50.391+0000] {python.py:201} INFO - Done. Returned value was: {'total_lineage_events': 54274, 'successful_events': 53670, 'error_events': 604, 'success_rate': 98.89, 'total_edges': 6, 'active_edges': 6, 'pipeline_coverage_percent': 100.0}
[2026-03-07T21:14:50.425+0000] {taskinstance.py:1138} INFO - Marking task as SUCCESS. dag_id=insurance_claims_pipeline, task_id=lineage_report, execution_date=20260302T014619, start_date=20260307T211449, end_date=20260307T211450
[2026-03-07T21:14:50.474+0000] {local_task_job_runner.py:234} INFO - Task exited with return code 0
[2026-03-07T21:14:50.510+0000] {taskinstance.py:3280} INFO - 1 downstream tasks scheduled from follow-on schedule check
