[2026-03-07T21:15:11.153+0000] {taskinstance.py:1956} INFO - Dependencies all met for dep_context=non-requeueable deps ti=<TaskInstance: insurance_claims_pipeline.lineage_report manual__2026-03-07T21:14:37+00:00 [queued]>
[2026-03-07T21:15:11.171+0000] {taskinstance.py:1956} INFO - Dependencies all met for dep_context=requeueable deps ti=<TaskInstance: insurance_claims_pipeline.lineage_report manual__2026-03-07T21:14:37+00:00 [queued]>
[2026-03-07T21:15:11.172+0000] {taskinstance.py:2170} INFO - Starting attempt 1 of 3
[2026-03-07T21:15:11.186+0000] {taskinstance.py:2191} INFO - Executing <Task(PythonOperator): lineage_report> on 2026-03-07 21:14:37+00:00
[2026-03-07T21:15:11.189+0000] {standard_task_runner.py:60} INFO - Started process 630 to run task
[2026-03-07T21:15:11.194+0000] {standard_task_runner.py:87} INFO - Running: ['airflow', 'tasks', 'run', 'insurance_claims_pipeline', 'lineage_report', 'manual__2026-03-07T21:14:37+00:00', '--job-id', '12', '--raw', '--subdir', 'DAGS_FOLDER/insurance_claims_pipeline.py', '--cfg-path', '/tmp/tmpyfsw5z51']
[2026-03-07T21:15:11.197+0000] {standard_task_runner.py:88} INFO - Job 12: Subtask lineage_report
[2026-03-07T21:15:11.298+0000] {task_command.py:423} INFO - Running <TaskInstance: insurance_claims_pipeline.lineage_report manual__2026-03-07T21:14:37+00:00 [running]> on host 9dc18f9f578f
[2026-03-07T21:15:11.524+0000] {taskinstance.py:2480} INFO - Exporting env vars: AIRFLOW_CTX_DAG_OWNER='insurance-pipeline-team' AIRFLOW_CTX_DAG_ID='insurance_claims_pipeline' AIRFLOW_CTX_TASK_ID='lineage_report' AIRFLOW_CTX_EXECUTION_DATE='2026-03-07T21:14:37+00:00' AIRFLOW_CTX_TRY_NUMBER='1' AIRFLOW_CTX_DAG_RUN_ID='manual__2026-03-07T21:14:37+00:00'
[2026-03-07T21:15:11.828+0000] {logging_mixin.py:188} INFO - 2026-03-07 21:15:11 [info     ] OTLP tracing exporter initialized endpoint=http://jaeger:4317
[2026-03-07T21:15:11.829+0000] {logging_mixin.py:188} INFO - 2026-03-07 21:15:11 [info     ] Tracing initialized            service=insurance-claims-pipeline
[2026-03-07T21:15:11.960+0000] {logging_mixin.py:188} INFO - ============================================================
[2026-03-07T21:15:11.961+0000] {logging_mixin.py:188} INFO - PIPELINE LINEAGE REPORT
[2026-03-07T21:15:11.961+0000] {logging_mixin.py:188} INFO - ============================================================
[2026-03-07T21:15:11.962+0000] {logging_mixin.py:188} INFO - Total Lineage Events:  54491
[2026-03-07T21:15:11.963+0000] {logging_mixin.py:188} INFO - Successful Events:     53880
[2026-03-07T21:15:11.964+0000] {logging_mixin.py:188} INFO - Error Events:          611
[2026-03-07T21:15:11.966+0000] {logging_mixin.py:188} INFO - Success Rate:          98.88%
[2026-03-07T21:15:11.966+0000] {logging_mixin.py:188} INFO - Pipeline Coverage:     100.0%
[2026-03-07T21:15:11.967+0000] {logging_mixin.py:188} INFO - Active Edges:          6 / 6
[2026-03-07T21:15:11.971+0000] {logging_mixin.py:188} INFO - ============================================================
[2026-03-07T21:15:11.972+0000] {logging_mixin.py:188} INFO - 
Edge Statistics:
[2026-03-07T21:15:11.975+0000] {logging_mixin.py:188} INFO -   tx_validation → sink_dlq: 0 records, 0.0ms avg, 0 errors
[2026-03-07T21:15:11.976+0000] {logging_mixin.py:188} INFO -   tx_validation → tx_fraud_detection: 10776 records, 0.12ms avg, 0 errors
[2026-03-07T21:15:11.977+0000] {logging_mixin.py:188} INFO -   tx_fraud_detection → tx_enrichment: 10776 records, 0.19ms avg, 0 errors
[2026-03-07T21:15:11.978+0000] {logging_mixin.py:188} INFO -   tx_enrichment → sink_s3_datalake: 10776 records, 96.19ms avg, 0 errors
[2026-03-07T21:15:11.979+0000] {logging_mixin.py:188} INFO -   tx_enrichment → sink_postgres: 10776 records, 0.0ms avg, 0 errors
[2026-03-07T21:15:11.979+0000] {logging_mixin.py:188} INFO -   src_claims_ingestion → tx_validation: 11387 records, 0.13ms avg, 611 errors
[2026-03-07T21:15:12.010+0000] {python.py:201} INFO - Done. Returned value was: {'total_lineage_events': 54491, 'successful_events': 53880, 'error_events': 611, 'success_rate': 98.88, 'total_edges': 6, 'active_edges': 6, 'pipeline_coverage_percent': 100.0}
[2026-03-07T21:15:12.062+0000] {taskinstance.py:1138} INFO - Marking task as SUCCESS. dag_id=insurance_claims_pipeline, task_id=lineage_report, execution_date=20260307T211437, start_date=20260307T211511, end_date=20260307T211512
[2026-03-07T21:15:12.129+0000] {local_task_job_runner.py:234} INFO - Task exited with return code 0
[2026-03-07T21:15:12.162+0000] {taskinstance.py:3280} INFO - 1 downstream tasks scheduled from follow-on schedule check
