[2026-03-07T21:15:11.154+0000] {taskinstance.py:1956} INFO - Dependencies all met for dep_context=non-requeueable deps ti=<TaskInstance: insurance_claims_pipeline.generate_summary manual__2026-03-07T21:14:37+00:00 [queued]>
[2026-03-07T21:15:11.168+0000] {taskinstance.py:1956} INFO - Dependencies all met for dep_context=requeueable deps ti=<TaskInstance: insurance_claims_pipeline.generate_summary manual__2026-03-07T21:14:37+00:00 [queued]>
[2026-03-07T21:15:11.168+0000] {taskinstance.py:2170} INFO - Starting attempt 1 of 3
[2026-03-07T21:15:11.182+0000] {taskinstance.py:2191} INFO - Executing <Task(PythonOperator): generate_summary> on 2026-03-07 21:14:37+00:00
[2026-03-07T21:15:11.185+0000] {standard_task_runner.py:60} INFO - Started process 629 to run task
[2026-03-07T21:15:11.188+0000] {standard_task_runner.py:87} INFO - Running: ['airflow', 'tasks', 'run', 'insurance_claims_pipeline', 'generate_summary', 'manual__2026-03-07T21:14:37+00:00', '--job-id', '13', '--raw', '--subdir', 'DAGS_FOLDER/insurance_claims_pipeline.py', '--cfg-path', '/tmp/tmp1qwq_ggl']
[2026-03-07T21:15:11.191+0000] {standard_task_runner.py:88} INFO - Job 13: Subtask generate_summary
[2026-03-07T21:15:11.267+0000] {task_command.py:423} INFO - Running <TaskInstance: insurance_claims_pipeline.generate_summary manual__2026-03-07T21:14:37+00:00 [running]> on host 9dc18f9f578f
[2026-03-07T21:15:11.504+0000] {taskinstance.py:2480} INFO - Exporting env vars: AIRFLOW_CTX_DAG_OWNER='insurance-pipeline-team' AIRFLOW_CTX_DAG_ID='insurance_claims_pipeline' AIRFLOW_CTX_TASK_ID='generate_summary' AIRFLOW_CTX_EXECUTION_DATE='2026-03-07T21:14:37+00:00' AIRFLOW_CTX_TRY_NUMBER='1' AIRFLOW_CTX_DAG_RUN_ID='manual__2026-03-07T21:14:37+00:00'
[2026-03-07T21:15:11.751+0000] {logging_mixin.py:188} INFO - 2026-03-07 21:15:11 [info     ] OTLP tracing exporter initialized endpoint=http://jaeger:4317
[2026-03-07T21:15:11.752+0000] {logging_mixin.py:188} INFO - 2026-03-07 21:15:11 [info     ] Tracing initialized            service=airflow-summary-generator
[2026-03-07T21:15:11.838+0000] {logging_mixin.py:188} INFO - ============================================================
[2026-03-07T21:15:11.838+0000] {logging_mixin.py:188} INFO - CLAIMS PROCESSING SUMMARY
[2026-03-07T21:15:11.839+0000] {logging_mixin.py:188} INFO - ============================================================
[2026-03-07T21:15:11.840+0000] {logging_mixin.py:188} INFO - Total Claims:      10993
[2026-03-07T21:15:11.840+0000] {logging_mixin.py:188} INFO - Completed:         10993 (100.0%)
[2026-03-07T21:15:11.841+0000] {logging_mixin.py:188} INFO - Rejected:          0
[2026-03-07T21:15:11.841+0000] {logging_mixin.py:188} INFO - Fraud Flagged:     0
[2026-03-07T21:15:11.842+0000] {logging_mixin.py:188} INFO - Total Amount:      $2,840,092,490.39
[2026-03-07T21:15:11.842+0000] {logging_mixin.py:188} INFO - Avg Fraud Score:   0.2679
[2026-03-07T21:15:11.843+0000] {logging_mixin.py:188} INFO - ============================================================
[2026-03-07T21:15:11.877+0000] {python.py:201} INFO - Done. Returned value was: {'total_claims': 10993, 'completed': 10993, 'rejected': 0, 'flagged_fraud': 0, 'total_amount': 2840092490.39, 'avg_fraud_score': 0.26791667424724847, 'completion_rate': 100.0, 'generated_at': '2026-03-07T21:15:11.837961'}
[2026-03-07T21:15:11.938+0000] {taskinstance.py:1138} INFO - Marking task as SUCCESS. dag_id=insurance_claims_pipeline, task_id=generate_summary, execution_date=20260307T211437, start_date=20260307T211511, end_date=20260307T211511
[2026-03-07T21:15:12.003+0000] {local_task_job_runner.py:234} INFO - Task exited with return code 0
[2026-03-07T21:15:12.055+0000] {taskinstance.py:3280} INFO - 0 downstream tasks scheduled from follow-on schedule check
