[2026-03-07T21:08:08.019+0000] {processor.py:161} INFO - Started process (PID=168) to work on /opt/airflow/dags/backup_disaster_recovery.py
[2026-03-07T21:08:08.024+0000] {processor.py:830} INFO - Processing file /opt/airflow/dags/backup_disaster_recovery.py for tasks to queue
[2026-03-07T21:08:08.025+0000] {logging_mixin.py:188} INFO - [2026-03-07T21:08:08.025+0000] {dagbag.py:538} INFO - Filling up the DagBag from /opt/airflow/dags/backup_disaster_recovery.py
[2026-03-07T21:08:08.280+0000] {processor.py:840} INFO - DAG(s) 'backup_and_disaster_recovery' retrieved from /opt/airflow/dags/backup_disaster_recovery.py
[2026-03-07T21:08:08.328+0000] {logging_mixin.py:188} INFO - [2026-03-07T21:08:08.327+0000] {dag.py:3036} INFO - Sync 1 DAGs
[2026-03-07T21:08:08.373+0000] {logging_mixin.py:188} INFO - [2026-03-07T21:08:08.372+0000] {dag.py:3823} INFO - Setting next_dagrun for backup_and_disaster_recovery to 2026-03-06 02:00:00+00:00, run_after=2026-03-07 02:00:00+00:00
[2026-03-07T21:08:08.420+0000] {processor.py:183} INFO - Processing /opt/airflow/dags/backup_disaster_recovery.py took 0.422 seconds
[2026-03-07T21:08:38.621+0000] {processor.py:161} INFO - Started process (PID=188) to work on /opt/airflow/dags/backup_disaster_recovery.py
[2026-03-07T21:08:38.627+0000] {processor.py:830} INFO - Processing file /opt/airflow/dags/backup_disaster_recovery.py for tasks to queue
[2026-03-07T21:08:38.632+0000] {logging_mixin.py:188} INFO - [2026-03-07T21:08:38.631+0000] {dagbag.py:538} INFO - Filling up the DagBag from /opt/airflow/dags/backup_disaster_recovery.py
[2026-03-07T21:08:38.958+0000] {processor.py:840} INFO - DAG(s) 'backup_and_disaster_recovery' retrieved from /opt/airflow/dags/backup_disaster_recovery.py
[2026-03-07T21:08:39.145+0000] {logging_mixin.py:188} INFO - [2026-03-07T21:08:39.144+0000] {dag.py:3036} INFO - Sync 1 DAGs
[2026-03-07T21:08:39.228+0000] {logging_mixin.py:188} INFO - [2026-03-07T21:08:39.227+0000] {dag.py:3823} INFO - Setting next_dagrun for backup_and_disaster_recovery to 2026-03-06 02:00:00+00:00, run_after=2026-03-07 02:00:00+00:00
[2026-03-07T21:08:39.380+0000] {processor.py:183} INFO - Processing /opt/airflow/dags/backup_disaster_recovery.py took 0.769 seconds
[2026-03-07T21:09:09.479+0000] {processor.py:161} INFO - Started process (PID=208) to work on /opt/airflow/dags/backup_disaster_recovery.py
[2026-03-07T21:09:09.480+0000] {processor.py:830} INFO - Processing file /opt/airflow/dags/backup_disaster_recovery.py for tasks to queue
[2026-03-07T21:09:09.480+0000] {logging_mixin.py:188} INFO - [2026-03-07T21:09:09.480+0000] {dagbag.py:538} INFO - Filling up the DagBag from /opt/airflow/dags/backup_disaster_recovery.py
[2026-03-07T21:09:09.652+0000] {processor.py:840} INFO - DAG(s) 'backup_and_disaster_recovery' retrieved from /opt/airflow/dags/backup_disaster_recovery.py
[2026-03-07T21:09:09.717+0000] {logging_mixin.py:188} INFO - [2026-03-07T21:09:09.716+0000] {dag.py:3036} INFO - Sync 1 DAGs
[2026-03-07T21:09:09.755+0000] {logging_mixin.py:188} INFO - [2026-03-07T21:09:09.754+0000] {dag.py:3823} INFO - Setting next_dagrun for backup_and_disaster_recovery to 2026-03-06 02:00:00+00:00, run_after=2026-03-07 02:00:00+00:00
[2026-03-07T21:09:09.785+0000] {processor.py:183} INFO - Processing /opt/airflow/dags/backup_disaster_recovery.py took 0.309 seconds
[2026-03-07T21:09:40.061+0000] {processor.py:161} INFO - Started process (PID=230) to work on /opt/airflow/dags/backup_disaster_recovery.py
[2026-03-07T21:09:40.067+0000] {processor.py:830} INFO - Processing file /opt/airflow/dags/backup_disaster_recovery.py for tasks to queue
[2026-03-07T21:09:40.073+0000] {logging_mixin.py:188} INFO - [2026-03-07T21:09:40.070+0000] {dagbag.py:538} INFO - Filling up the DagBag from /opt/airflow/dags/backup_disaster_recovery.py
[2026-03-07T21:09:40.521+0000] {processor.py:840} INFO - DAG(s) 'backup_and_disaster_recovery' retrieved from /opt/airflow/dags/backup_disaster_recovery.py
[2026-03-07T21:09:40.598+0000] {logging_mixin.py:188} INFO - [2026-03-07T21:09:40.598+0000] {dag.py:3036} INFO - Sync 1 DAGs
[2026-03-07T21:09:40.638+0000] {logging_mixin.py:188} INFO - [2026-03-07T21:09:40.638+0000] {dag.py:3823} INFO - Setting next_dagrun for backup_and_disaster_recovery to 2026-03-06 02:00:00+00:00, run_after=2026-03-07 02:00:00+00:00
[2026-03-07T21:09:40.683+0000] {processor.py:183} INFO - Processing /opt/airflow/dags/backup_disaster_recovery.py took 0.631 seconds
[2026-03-07T21:10:10.796+0000] {processor.py:161} INFO - Started process (PID=242) to work on /opt/airflow/dags/backup_disaster_recovery.py
[2026-03-07T21:10:10.797+0000] {processor.py:830} INFO - Processing file /opt/airflow/dags/backup_disaster_recovery.py for tasks to queue
[2026-03-07T21:10:10.797+0000] {logging_mixin.py:188} INFO - [2026-03-07T21:10:10.797+0000] {dagbag.py:538} INFO - Filling up the DagBag from /opt/airflow/dags/backup_disaster_recovery.py
[2026-03-07T21:10:10.911+0000] {processor.py:840} INFO - DAG(s) 'backup_and_disaster_recovery' retrieved from /opt/airflow/dags/backup_disaster_recovery.py
[2026-03-07T21:10:10.940+0000] {logging_mixin.py:188} INFO - [2026-03-07T21:10:10.940+0000] {dag.py:3036} INFO - Sync 1 DAGs
[2026-03-07T21:10:10.959+0000] {logging_mixin.py:188} INFO - [2026-03-07T21:10:10.959+0000] {dag.py:3823} INFO - Setting next_dagrun for backup_and_disaster_recovery to 2026-03-06 02:00:00+00:00, run_after=2026-03-07 02:00:00+00:00
[2026-03-07T21:10:10.974+0000] {processor.py:183} INFO - Processing /opt/airflow/dags/backup_disaster_recovery.py took 0.180 seconds
[2026-03-07T21:10:41.080+0000] {processor.py:161} INFO - Started process (PID=258) to work on /opt/airflow/dags/backup_disaster_recovery.py
[2026-03-07T21:10:41.081+0000] {processor.py:830} INFO - Processing file /opt/airflow/dags/backup_disaster_recovery.py for tasks to queue
[2026-03-07T21:10:41.084+0000] {logging_mixin.py:188} INFO - [2026-03-07T21:10:41.083+0000] {dagbag.py:538} INFO - Filling up the DagBag from /opt/airflow/dags/backup_disaster_recovery.py
[2026-03-07T21:10:41.264+0000] {processor.py:840} INFO - DAG(s) 'backup_and_disaster_recovery' retrieved from /opt/airflow/dags/backup_disaster_recovery.py
[2026-03-07T21:10:41.297+0000] {logging_mixin.py:188} INFO - [2026-03-07T21:10:41.297+0000] {dag.py:3036} INFO - Sync 1 DAGs
[2026-03-07T21:10:41.318+0000] {logging_mixin.py:188} INFO - [2026-03-07T21:10:41.318+0000] {dag.py:3823} INFO - Setting next_dagrun for backup_and_disaster_recovery to 2026-03-06 02:00:00+00:00, run_after=2026-03-07 02:00:00+00:00
[2026-03-07T21:10:41.334+0000] {processor.py:183} INFO - Processing /opt/airflow/dags/backup_disaster_recovery.py took 0.260 seconds
[2026-03-07T21:11:11.539+0000] {processor.py:161} INFO - Started process (PID=276) to work on /opt/airflow/dags/backup_disaster_recovery.py
[2026-03-07T21:11:11.541+0000] {processor.py:830} INFO - Processing file /opt/airflow/dags/backup_disaster_recovery.py for tasks to queue
[2026-03-07T21:11:11.542+0000] {logging_mixin.py:188} INFO - [2026-03-07T21:11:11.542+0000] {dagbag.py:538} INFO - Filling up the DagBag from /opt/airflow/dags/backup_disaster_recovery.py
[2026-03-07T21:11:11.706+0000] {processor.py:840} INFO - DAG(s) 'backup_and_disaster_recovery' retrieved from /opt/airflow/dags/backup_disaster_recovery.py
[2026-03-07T21:11:11.737+0000] {logging_mixin.py:188} INFO - [2026-03-07T21:11:11.736+0000] {dag.py:3036} INFO - Sync 1 DAGs
[2026-03-07T21:11:11.763+0000] {logging_mixin.py:188} INFO - [2026-03-07T21:11:11.762+0000] {dag.py:3823} INFO - Setting next_dagrun for backup_and_disaster_recovery to 2026-03-06 02:00:00+00:00, run_after=2026-03-07 02:00:00+00:00
[2026-03-07T21:11:11.780+0000] {processor.py:183} INFO - Processing /opt/airflow/dags/backup_disaster_recovery.py took 0.246 seconds
[2026-03-07T21:11:42.570+0000] {processor.py:161} INFO - Started process (PID=295) to work on /opt/airflow/dags/backup_disaster_recovery.py
[2026-03-07T21:11:42.574+0000] {processor.py:830} INFO - Processing file /opt/airflow/dags/backup_disaster_recovery.py for tasks to queue
[2026-03-07T21:11:42.583+0000] {logging_mixin.py:188} INFO - [2026-03-07T21:11:42.578+0000] {dagbag.py:538} INFO - Filling up the DagBag from /opt/airflow/dags/backup_disaster_recovery.py
[2026-03-07T21:11:43.033+0000] {processor.py:840} INFO - DAG(s) 'backup_and_disaster_recovery' retrieved from /opt/airflow/dags/backup_disaster_recovery.py
[2026-03-07T21:11:43.089+0000] {logging_mixin.py:188} INFO - [2026-03-07T21:11:43.089+0000] {dag.py:3036} INFO - Sync 1 DAGs
[2026-03-07T21:11:43.128+0000] {logging_mixin.py:188} INFO - [2026-03-07T21:11:43.127+0000] {dag.py:3823} INFO - Setting next_dagrun for backup_and_disaster_recovery to 2026-03-06 02:00:00+00:00, run_after=2026-03-07 02:00:00+00:00
[2026-03-07T21:11:43.159+0000] {processor.py:183} INFO - Processing /opt/airflow/dags/backup_disaster_recovery.py took 0.600 seconds
[2026-03-07T21:12:13.254+0000] {processor.py:161} INFO - Started process (PID=315) to work on /opt/airflow/dags/backup_disaster_recovery.py
[2026-03-07T21:12:13.256+0000] {processor.py:830} INFO - Processing file /opt/airflow/dags/backup_disaster_recovery.py for tasks to queue
[2026-03-07T21:12:13.257+0000] {logging_mixin.py:188} INFO - [2026-03-07T21:12:13.257+0000] {dagbag.py:538} INFO - Filling up the DagBag from /opt/airflow/dags/backup_disaster_recovery.py
[2026-03-07T21:12:13.430+0000] {processor.py:840} INFO - DAG(s) 'backup_and_disaster_recovery' retrieved from /opt/airflow/dags/backup_disaster_recovery.py
[2026-03-07T21:12:13.525+0000] {logging_mixin.py:188} INFO - [2026-03-07T21:12:13.524+0000] {dag.py:3036} INFO - Sync 1 DAGs
[2026-03-07T21:12:13.557+0000] {logging_mixin.py:188} INFO - [2026-03-07T21:12:13.556+0000] {dag.py:3823} INFO - Setting next_dagrun for backup_and_disaster_recovery to 2026-03-06 02:00:00+00:00, run_after=2026-03-07 02:00:00+00:00
[2026-03-07T21:12:13.595+0000] {processor.py:183} INFO - Processing /opt/airflow/dags/backup_disaster_recovery.py took 0.345 seconds
[2026-03-07T21:12:43.941+0000] {processor.py:161} INFO - Started process (PID=331) to work on /opt/airflow/dags/backup_disaster_recovery.py
[2026-03-07T21:12:43.946+0000] {processor.py:830} INFO - Processing file /opt/airflow/dags/backup_disaster_recovery.py for tasks to queue
[2026-03-07T21:12:43.953+0000] {logging_mixin.py:188} INFO - [2026-03-07T21:12:43.952+0000] {dagbag.py:538} INFO - Filling up the DagBag from /opt/airflow/dags/backup_disaster_recovery.py
[2026-03-07T21:12:44.268+0000] {processor.py:840} INFO - DAG(s) 'backup_and_disaster_recovery' retrieved from /opt/airflow/dags/backup_disaster_recovery.py
[2026-03-07T21:12:44.300+0000] {logging_mixin.py:188} INFO - [2026-03-07T21:12:44.300+0000] {dag.py:3036} INFO - Sync 1 DAGs
[2026-03-07T21:12:44.323+0000] {logging_mixin.py:188} INFO - [2026-03-07T21:12:44.322+0000] {dag.py:3823} INFO - Setting next_dagrun for backup_and_disaster_recovery to 2026-03-06 02:00:00+00:00, run_after=2026-03-07 02:00:00+00:00
[2026-03-07T21:12:44.345+0000] {processor.py:183} INFO - Processing /opt/airflow/dags/backup_disaster_recovery.py took 0.416 seconds
[2026-03-07T21:13:15.017+0000] {processor.py:161} INFO - Started process (PID=349) to work on /opt/airflow/dags/backup_disaster_recovery.py
[2026-03-07T21:13:15.020+0000] {processor.py:830} INFO - Processing file /opt/airflow/dags/backup_disaster_recovery.py for tasks to queue
[2026-03-07T21:13:15.030+0000] {logging_mixin.py:188} INFO - [2026-03-07T21:13:15.027+0000] {dagbag.py:538} INFO - Filling up the DagBag from /opt/airflow/dags/backup_disaster_recovery.py
[2026-03-07T21:13:16.049+0000] {processor.py:840} INFO - DAG(s) 'backup_and_disaster_recovery' retrieved from /opt/airflow/dags/backup_disaster_recovery.py
[2026-03-07T21:13:16.578+0000] {logging_mixin.py:188} INFO - [2026-03-07T21:13:16.576+0000] {dag.py:3036} INFO - Sync 1 DAGs
[2026-03-07T21:13:16.738+0000] {logging_mixin.py:188} INFO - [2026-03-07T21:13:16.737+0000] {dag.py:3823} INFO - Setting next_dagrun for backup_and_disaster_recovery to 2026-03-06 02:00:00+00:00, run_after=2026-03-07 02:00:00+00:00
[2026-03-07T21:13:16.894+0000] {processor.py:183} INFO - Processing /opt/airflow/dags/backup_disaster_recovery.py took 1.884 seconds
[2026-03-07T21:13:47.130+0000] {processor.py:161} INFO - Started process (PID=361) to work on /opt/airflow/dags/backup_disaster_recovery.py
[2026-03-07T21:13:47.131+0000] {processor.py:830} INFO - Processing file /opt/airflow/dags/backup_disaster_recovery.py for tasks to queue
[2026-03-07T21:13:47.132+0000] {logging_mixin.py:188} INFO - [2026-03-07T21:13:47.131+0000] {dagbag.py:538} INFO - Filling up the DagBag from /opt/airflow/dags/backup_disaster_recovery.py
[2026-03-07T21:13:47.278+0000] {processor.py:840} INFO - DAG(s) 'backup_and_disaster_recovery' retrieved from /opt/airflow/dags/backup_disaster_recovery.py
[2026-03-07T21:13:47.311+0000] {logging_mixin.py:188} INFO - [2026-03-07T21:13:47.311+0000] {dag.py:3036} INFO - Sync 1 DAGs
[2026-03-07T21:13:47.340+0000] {logging_mixin.py:188} INFO - [2026-03-07T21:13:47.340+0000] {dag.py:3823} INFO - Setting next_dagrun for backup_and_disaster_recovery to 2026-03-06 02:00:00+00:00, run_after=2026-03-07 02:00:00+00:00
[2026-03-07T21:13:47.358+0000] {processor.py:183} INFO - Processing /opt/airflow/dags/backup_disaster_recovery.py took 0.234 seconds
[2026-03-07T21:14:19.758+0000] {processor.py:161} INFO - Started process (PID=454) to work on /opt/airflow/dags/backup_disaster_recovery.py
[2026-03-07T21:14:19.782+0000] {processor.py:830} INFO - Processing file /opt/airflow/dags/backup_disaster_recovery.py for tasks to queue
[2026-03-07T21:14:19.794+0000] {logging_mixin.py:188} INFO - [2026-03-07T21:14:19.792+0000] {dagbag.py:538} INFO - Filling up the DagBag from /opt/airflow/dags/backup_disaster_recovery.py
[2026-03-07T21:14:21.567+0000] {processor.py:840} INFO - DAG(s) 'backup_and_disaster_recovery' retrieved from /opt/airflow/dags/backup_disaster_recovery.py
[2026-03-07T21:14:21.708+0000] {logging_mixin.py:188} INFO - [2026-03-07T21:14:21.708+0000] {dag.py:3036} INFO - Sync 1 DAGs
[2026-03-07T21:14:21.867+0000] {logging_mixin.py:188} INFO - [2026-03-07T21:14:21.866+0000] {dag.py:3823} INFO - Setting next_dagrun for backup_and_disaster_recovery to 2026-03-06 02:00:00+00:00, run_after=2026-03-07 02:00:00+00:00
[2026-03-07T21:14:21.944+0000] {processor.py:183} INFO - Processing /opt/airflow/dags/backup_disaster_recovery.py took 2.368 seconds
[2026-03-07T21:14:52.806+0000] {processor.py:161} INFO - Started process (PID=557) to work on /opt/airflow/dags/backup_disaster_recovery.py
[2026-03-07T21:14:52.810+0000] {processor.py:830} INFO - Processing file /opt/airflow/dags/backup_disaster_recovery.py for tasks to queue
[2026-03-07T21:14:52.815+0000] {logging_mixin.py:188} INFO - [2026-03-07T21:14:52.814+0000] {dagbag.py:538} INFO - Filling up the DagBag from /opt/airflow/dags/backup_disaster_recovery.py
[2026-03-07T21:14:52.965+0000] {processor.py:840} INFO - DAG(s) 'backup_and_disaster_recovery' retrieved from /opt/airflow/dags/backup_disaster_recovery.py
[2026-03-07T21:14:52.988+0000] {logging_mixin.py:188} INFO - [2026-03-07T21:14:52.988+0000] {dag.py:3036} INFO - Sync 1 DAGs
[2026-03-07T21:14:53.018+0000] {logging_mixin.py:188} INFO - [2026-03-07T21:14:53.017+0000] {dag.py:3823} INFO - Setting next_dagrun for backup_and_disaster_recovery to 2026-03-06 02:00:00+00:00, run_after=2026-03-07 02:00:00+00:00
[2026-03-07T21:14:53.079+0000] {processor.py:183} INFO - Processing /opt/airflow/dags/backup_disaster_recovery.py took 0.281 seconds
[2026-03-07T21:15:23.251+0000] {processor.py:161} INFO - Started process (PID=670) to work on /opt/airflow/dags/backup_disaster_recovery.py
[2026-03-07T21:15:23.252+0000] {processor.py:830} INFO - Processing file /opt/airflow/dags/backup_disaster_recovery.py for tasks to queue
[2026-03-07T21:15:23.254+0000] {logging_mixin.py:188} INFO - [2026-03-07T21:15:23.254+0000] {dagbag.py:538} INFO - Filling up the DagBag from /opt/airflow/dags/backup_disaster_recovery.py
[2026-03-07T21:15:23.368+0000] {processor.py:840} INFO - DAG(s) 'backup_and_disaster_recovery' retrieved from /opt/airflow/dags/backup_disaster_recovery.py
[2026-03-07T21:15:23.391+0000] {logging_mixin.py:188} INFO - [2026-03-07T21:15:23.391+0000] {dag.py:3036} INFO - Sync 1 DAGs
[2026-03-07T21:15:23.407+0000] {logging_mixin.py:188} INFO - [2026-03-07T21:15:23.406+0000] {dag.py:3823} INFO - Setting next_dagrun for backup_and_disaster_recovery to 2026-03-06 02:00:00+00:00, run_after=2026-03-07 02:00:00+00:00
[2026-03-07T21:15:23.419+0000] {processor.py:183} INFO - Processing /opt/airflow/dags/backup_disaster_recovery.py took 0.171 seconds
[2026-03-07T21:15:53.636+0000] {processor.py:161} INFO - Started process (PID=812) to work on /opt/airflow/dags/backup_disaster_recovery.py
[2026-03-07T21:15:53.638+0000] {processor.py:830} INFO - Processing file /opt/airflow/dags/backup_disaster_recovery.py for tasks to queue
[2026-03-07T21:15:53.639+0000] {logging_mixin.py:188} INFO - [2026-03-07T21:15:53.639+0000] {dagbag.py:538} INFO - Filling up the DagBag from /opt/airflow/dags/backup_disaster_recovery.py
[2026-03-07T21:15:53.777+0000] {processor.py:840} INFO - DAG(s) 'backup_and_disaster_recovery' retrieved from /opt/airflow/dags/backup_disaster_recovery.py
[2026-03-07T21:15:53.797+0000] {logging_mixin.py:188} INFO - [2026-03-07T21:15:53.797+0000] {dag.py:3036} INFO - Sync 1 DAGs
[2026-03-07T21:15:53.815+0000] {logging_mixin.py:188} INFO - [2026-03-07T21:15:53.815+0000] {dag.py:3823} INFO - Setting next_dagrun for backup_and_disaster_recovery to 2026-03-06 02:00:00+00:00, run_after=2026-03-07 02:00:00+00:00
[2026-03-07T21:15:53.827+0000] {processor.py:183} INFO - Processing /opt/airflow/dags/backup_disaster_recovery.py took 0.194 seconds
[2026-03-07T21:16:24.172+0000] {processor.py:161} INFO - Started process (PID=836) to work on /opt/airflow/dags/backup_disaster_recovery.py
[2026-03-07T21:16:24.178+0000] {processor.py:830} INFO - Processing file /opt/airflow/dags/backup_disaster_recovery.py for tasks to queue
[2026-03-07T21:16:24.181+0000] {logging_mixin.py:188} INFO - [2026-03-07T21:16:24.180+0000] {dagbag.py:538} INFO - Filling up the DagBag from /opt/airflow/dags/backup_disaster_recovery.py
[2026-03-07T21:16:24.629+0000] {processor.py:840} INFO - DAG(s) 'backup_and_disaster_recovery' retrieved from /opt/airflow/dags/backup_disaster_recovery.py
[2026-03-07T21:16:24.680+0000] {logging_mixin.py:188} INFO - [2026-03-07T21:16:24.679+0000] {dag.py:3036} INFO - Sync 1 DAGs
[2026-03-07T21:16:24.737+0000] {logging_mixin.py:188} INFO - [2026-03-07T21:16:24.737+0000] {dag.py:3823} INFO - Setting next_dagrun for backup_and_disaster_recovery to 2026-03-06 02:00:00+00:00, run_after=2026-03-07 02:00:00+00:00
[2026-03-07T21:16:24.796+0000] {processor.py:183} INFO - Processing /opt/airflow/dags/backup_disaster_recovery.py took 0.629 seconds
[2026-03-07T21:16:54.997+0000] {processor.py:161} INFO - Started process (PID=860) to work on /opt/airflow/dags/backup_disaster_recovery.py
[2026-03-07T21:16:54.998+0000] {processor.py:830} INFO - Processing file /opt/airflow/dags/backup_disaster_recovery.py for tasks to queue
[2026-03-07T21:16:55.001+0000] {logging_mixin.py:188} INFO - [2026-03-07T21:16:54.999+0000] {dagbag.py:538} INFO - Filling up the DagBag from /opt/airflow/dags/backup_disaster_recovery.py
[2026-03-07T21:16:55.114+0000] {processor.py:840} INFO - DAG(s) 'backup_and_disaster_recovery' retrieved from /opt/airflow/dags/backup_disaster_recovery.py
[2026-03-07T21:16:55.136+0000] {logging_mixin.py:188} INFO - [2026-03-07T21:16:55.136+0000] {dag.py:3036} INFO - Sync 1 DAGs
[2026-03-07T21:16:55.157+0000] {logging_mixin.py:188} INFO - [2026-03-07T21:16:55.157+0000] {dag.py:3823} INFO - Setting next_dagrun for backup_and_disaster_recovery to 2026-03-06 02:00:00+00:00, run_after=2026-03-07 02:00:00+00:00
[2026-03-07T21:16:55.171+0000] {processor.py:183} INFO - Processing /opt/airflow/dags/backup_disaster_recovery.py took 0.179 seconds
[2026-03-07T21:17:25.261+0000] {processor.py:161} INFO - Started process (PID=889) to work on /opt/airflow/dags/backup_disaster_recovery.py
[2026-03-07T21:17:25.263+0000] {processor.py:830} INFO - Processing file /opt/airflow/dags/backup_disaster_recovery.py for tasks to queue
[2026-03-07T21:17:25.264+0000] {logging_mixin.py:188} INFO - [2026-03-07T21:17:25.264+0000] {dagbag.py:538} INFO - Filling up the DagBag from /opt/airflow/dags/backup_disaster_recovery.py
[2026-03-07T21:17:25.418+0000] {processor.py:840} INFO - DAG(s) 'backup_and_disaster_recovery' retrieved from /opt/airflow/dags/backup_disaster_recovery.py
[2026-03-07T21:17:25.442+0000] {logging_mixin.py:188} INFO - [2026-03-07T21:17:25.442+0000] {dag.py:3036} INFO - Sync 1 DAGs
[2026-03-07T21:17:25.461+0000] {logging_mixin.py:188} INFO - [2026-03-07T21:17:25.461+0000] {dag.py:3823} INFO - Setting next_dagrun for backup_and_disaster_recovery to 2026-03-06 02:00:00+00:00, run_after=2026-03-07 02:00:00+00:00
[2026-03-07T21:17:25.480+0000] {processor.py:183} INFO - Processing /opt/airflow/dags/backup_disaster_recovery.py took 0.222 seconds
[2026-03-07T21:17:55.700+0000] {processor.py:161} INFO - Started process (PID=907) to work on /opt/airflow/dags/backup_disaster_recovery.py
[2026-03-07T21:17:55.703+0000] {processor.py:830} INFO - Processing file /opt/airflow/dags/backup_disaster_recovery.py for tasks to queue
[2026-03-07T21:17:55.705+0000] {logging_mixin.py:188} INFO - [2026-03-07T21:17:55.704+0000] {dagbag.py:538} INFO - Filling up the DagBag from /opt/airflow/dags/backup_disaster_recovery.py
[2026-03-07T21:17:55.834+0000] {processor.py:840} INFO - DAG(s) 'backup_and_disaster_recovery' retrieved from /opt/airflow/dags/backup_disaster_recovery.py
[2026-03-07T21:17:55.856+0000] {logging_mixin.py:188} INFO - [2026-03-07T21:17:55.856+0000] {dag.py:3036} INFO - Sync 1 DAGs
[2026-03-07T21:17:55.873+0000] {logging_mixin.py:188} INFO - [2026-03-07T21:17:55.872+0000] {dag.py:3823} INFO - Setting next_dagrun for backup_and_disaster_recovery to 2026-03-06 02:00:00+00:00, run_after=2026-03-07 02:00:00+00:00
[2026-03-07T21:17:55.884+0000] {processor.py:183} INFO - Processing /opt/airflow/dags/backup_disaster_recovery.py took 0.190 seconds
[2026-03-07T21:18:26.123+0000] {processor.py:161} INFO - Started process (PID=925) to work on /opt/airflow/dags/backup_disaster_recovery.py
[2026-03-07T21:18:26.124+0000] {processor.py:830} INFO - Processing file /opt/airflow/dags/backup_disaster_recovery.py for tasks to queue
[2026-03-07T21:18:26.127+0000] {logging_mixin.py:188} INFO - [2026-03-07T21:18:26.125+0000] {dagbag.py:538} INFO - Filling up the DagBag from /opt/airflow/dags/backup_disaster_recovery.py
[2026-03-07T21:18:26.276+0000] {processor.py:840} INFO - DAG(s) 'backup_and_disaster_recovery' retrieved from /opt/airflow/dags/backup_disaster_recovery.py
[2026-03-07T21:18:26.304+0000] {logging_mixin.py:188} INFO - [2026-03-07T21:18:26.304+0000] {dag.py:3036} INFO - Sync 1 DAGs
[2026-03-07T21:18:26.325+0000] {logging_mixin.py:188} INFO - [2026-03-07T21:18:26.325+0000] {dag.py:3823} INFO - Setting next_dagrun for backup_and_disaster_recovery to 2026-03-06 02:00:00+00:00, run_after=2026-03-07 02:00:00+00:00
[2026-03-07T21:18:26.336+0000] {processor.py:183} INFO - Processing /opt/airflow/dags/backup_disaster_recovery.py took 0.221 seconds
[2026-03-07T21:18:56.689+0000] {processor.py:161} INFO - Started process (PID=943) to work on /opt/airflow/dags/backup_disaster_recovery.py
[2026-03-07T21:18:56.693+0000] {processor.py:830} INFO - Processing file /opt/airflow/dags/backup_disaster_recovery.py for tasks to queue
[2026-03-07T21:18:56.695+0000] {logging_mixin.py:188} INFO - [2026-03-07T21:18:56.694+0000] {dagbag.py:538} INFO - Filling up the DagBag from /opt/airflow/dags/backup_disaster_recovery.py
[2026-03-07T21:18:56.886+0000] {processor.py:840} INFO - DAG(s) 'backup_and_disaster_recovery' retrieved from /opt/airflow/dags/backup_disaster_recovery.py
[2026-03-07T21:18:56.918+0000] {logging_mixin.py:188} INFO - [2026-03-07T21:18:56.918+0000] {dag.py:3036} INFO - Sync 1 DAGs
[2026-03-07T21:18:56.946+0000] {logging_mixin.py:188} INFO - [2026-03-07T21:18:56.946+0000] {dag.py:3823} INFO - Setting next_dagrun for backup_and_disaster_recovery to 2026-03-06 02:00:00+00:00, run_after=2026-03-07 02:00:00+00:00
[2026-03-07T21:18:56.968+0000] {processor.py:183} INFO - Processing /opt/airflow/dags/backup_disaster_recovery.py took 0.289 seconds
[2026-03-07T21:19:27.427+0000] {processor.py:161} INFO - Started process (PID=961) to work on /opt/airflow/dags/backup_disaster_recovery.py
[2026-03-07T21:19:27.429+0000] {processor.py:830} INFO - Processing file /opt/airflow/dags/backup_disaster_recovery.py for tasks to queue
[2026-03-07T21:19:27.430+0000] {logging_mixin.py:188} INFO - [2026-03-07T21:19:27.430+0000] {dagbag.py:538} INFO - Filling up the DagBag from /opt/airflow/dags/backup_disaster_recovery.py
[2026-03-07T21:19:27.527+0000] {processor.py:840} INFO - DAG(s) 'backup_and_disaster_recovery' retrieved from /opt/airflow/dags/backup_disaster_recovery.py
[2026-03-07T21:19:27.558+0000] {logging_mixin.py:188} INFO - [2026-03-07T21:19:27.558+0000] {dag.py:3036} INFO - Sync 1 DAGs
[2026-03-07T21:19:27.576+0000] {logging_mixin.py:188} INFO - [2026-03-07T21:19:27.576+0000] {dag.py:3823} INFO - Setting next_dagrun for backup_and_disaster_recovery to 2026-03-06 02:00:00+00:00, run_after=2026-03-07 02:00:00+00:00
[2026-03-07T21:19:27.588+0000] {processor.py:183} INFO - Processing /opt/airflow/dags/backup_disaster_recovery.py took 0.162 seconds
[2026-03-07T21:19:57.862+0000] {processor.py:161} INFO - Started process (PID=971) to work on /opt/airflow/dags/backup_disaster_recovery.py
[2026-03-07T21:19:57.863+0000] {processor.py:830} INFO - Processing file /opt/airflow/dags/backup_disaster_recovery.py for tasks to queue
[2026-03-07T21:19:57.865+0000] {logging_mixin.py:188} INFO - [2026-03-07T21:19:57.864+0000] {dagbag.py:538} INFO - Filling up the DagBag from /opt/airflow/dags/backup_disaster_recovery.py
[2026-03-07T21:19:57.962+0000] {processor.py:840} INFO - DAG(s) 'backup_and_disaster_recovery' retrieved from /opt/airflow/dags/backup_disaster_recovery.py
[2026-03-07T21:19:57.985+0000] {logging_mixin.py:188} INFO - [2026-03-07T21:19:57.984+0000] {dag.py:3036} INFO - Sync 1 DAGs
[2026-03-07T21:19:58.001+0000] {logging_mixin.py:188} INFO - [2026-03-07T21:19:58.001+0000] {dag.py:3823} INFO - Setting next_dagrun for backup_and_disaster_recovery to 2026-03-06 02:00:00+00:00, run_after=2026-03-07 02:00:00+00:00
[2026-03-07T21:19:58.015+0000] {processor.py:183} INFO - Processing /opt/airflow/dags/backup_disaster_recovery.py took 0.156 seconds
[2026-03-07T21:20:28.416+0000] {processor.py:161} INFO - Started process (PID=989) to work on /opt/airflow/dags/backup_disaster_recovery.py
[2026-03-07T21:20:28.418+0000] {processor.py:830} INFO - Processing file /opt/airflow/dags/backup_disaster_recovery.py for tasks to queue
[2026-03-07T21:20:28.420+0000] {logging_mixin.py:188} INFO - [2026-03-07T21:20:28.420+0000] {dagbag.py:538} INFO - Filling up the DagBag from /opt/airflow/dags/backup_disaster_recovery.py
[2026-03-07T21:20:28.536+0000] {processor.py:840} INFO - DAG(s) 'backup_and_disaster_recovery' retrieved from /opt/airflow/dags/backup_disaster_recovery.py
[2026-03-07T21:20:28.569+0000] {logging_mixin.py:188} INFO - [2026-03-07T21:20:28.569+0000] {dag.py:3036} INFO - Sync 1 DAGs
[2026-03-07T21:20:28.588+0000] {logging_mixin.py:188} INFO - [2026-03-07T21:20:28.588+0000] {dag.py:3823} INFO - Setting next_dagrun for backup_and_disaster_recovery to 2026-03-06 02:00:00+00:00, run_after=2026-03-07 02:00:00+00:00
[2026-03-07T21:20:28.607+0000] {processor.py:183} INFO - Processing /opt/airflow/dags/backup_disaster_recovery.py took 0.195 seconds
[2026-03-07T21:20:58.879+0000] {processor.py:161} INFO - Started process (PID=1007) to work on /opt/airflow/dags/backup_disaster_recovery.py
[2026-03-07T21:20:58.884+0000] {processor.py:830} INFO - Processing file /opt/airflow/dags/backup_disaster_recovery.py for tasks to queue
[2026-03-07T21:20:58.885+0000] {logging_mixin.py:188} INFO - [2026-03-07T21:20:58.884+0000] {dagbag.py:538} INFO - Filling up the DagBag from /opt/airflow/dags/backup_disaster_recovery.py
[2026-03-07T21:20:59.086+0000] {processor.py:840} INFO - DAG(s) 'backup_and_disaster_recovery' retrieved from /opt/airflow/dags/backup_disaster_recovery.py
[2026-03-07T21:20:59.139+0000] {logging_mixin.py:188} INFO - [2026-03-07T21:20:59.139+0000] {dag.py:3036} INFO - Sync 1 DAGs
[2026-03-07T21:20:59.165+0000] {logging_mixin.py:188} INFO - [2026-03-07T21:20:59.165+0000] {dag.py:3823} INFO - Setting next_dagrun for backup_and_disaster_recovery to 2026-03-06 02:00:00+00:00, run_after=2026-03-07 02:00:00+00:00
[2026-03-07T21:20:59.183+0000] {processor.py:183} INFO - Processing /opt/airflow/dags/backup_disaster_recovery.py took 0.314 seconds
[2026-03-07T21:21:29.439+0000] {processor.py:161} INFO - Started process (PID=1025) to work on /opt/airflow/dags/backup_disaster_recovery.py
[2026-03-07T21:21:29.442+0000] {processor.py:830} INFO - Processing file /opt/airflow/dags/backup_disaster_recovery.py for tasks to queue
[2026-03-07T21:21:29.446+0000] {logging_mixin.py:188} INFO - [2026-03-07T21:21:29.445+0000] {dagbag.py:538} INFO - Filling up the DagBag from /opt/airflow/dags/backup_disaster_recovery.py
[2026-03-07T21:21:29.653+0000] {processor.py:840} INFO - DAG(s) 'backup_and_disaster_recovery' retrieved from /opt/airflow/dags/backup_disaster_recovery.py
[2026-03-07T21:21:29.691+0000] {logging_mixin.py:188} INFO - [2026-03-07T21:21:29.691+0000] {dag.py:3036} INFO - Sync 1 DAGs
[2026-03-07T21:21:29.711+0000] {logging_mixin.py:188} INFO - [2026-03-07T21:21:29.710+0000] {dag.py:3823} INFO - Setting next_dagrun for backup_and_disaster_recovery to 2026-03-06 02:00:00+00:00, run_after=2026-03-07 02:00:00+00:00
[2026-03-07T21:21:29.732+0000] {processor.py:183} INFO - Processing /opt/airflow/dags/backup_disaster_recovery.py took 0.301 seconds
[2026-03-07T21:22:00.032+0000] {processor.py:161} INFO - Started process (PID=1042) to work on /opt/airflow/dags/backup_disaster_recovery.py
[2026-03-07T21:22:00.034+0000] {processor.py:830} INFO - Processing file /opt/airflow/dags/backup_disaster_recovery.py for tasks to queue
[2026-03-07T21:22:00.037+0000] {logging_mixin.py:188} INFO - [2026-03-07T21:22:00.036+0000] {dagbag.py:538} INFO - Filling up the DagBag from /opt/airflow/dags/backup_disaster_recovery.py
[2026-03-07T21:22:00.245+0000] {processor.py:840} INFO - DAG(s) 'backup_and_disaster_recovery' retrieved from /opt/airflow/dags/backup_disaster_recovery.py
[2026-03-07T21:22:00.288+0000] {logging_mixin.py:188} INFO - [2026-03-07T21:22:00.288+0000] {dag.py:3036} INFO - Sync 1 DAGs
[2026-03-07T21:22:00.314+0000] {logging_mixin.py:188} INFO - [2026-03-07T21:22:00.314+0000] {dag.py:3823} INFO - Setting next_dagrun for backup_and_disaster_recovery to 2026-03-06 02:00:00+00:00, run_after=2026-03-07 02:00:00+00:00
[2026-03-07T21:22:00.329+0000] {processor.py:183} INFO - Processing /opt/airflow/dags/backup_disaster_recovery.py took 0.303 seconds
[2026-03-07T21:22:30.568+0000] {processor.py:161} INFO - Started process (PID=1273) to work on /opt/airflow/dags/backup_disaster_recovery.py
[2026-03-07T21:22:30.569+0000] {processor.py:830} INFO - Processing file /opt/airflow/dags/backup_disaster_recovery.py for tasks to queue
[2026-03-07T21:22:30.570+0000] {logging_mixin.py:188} INFO - [2026-03-07T21:22:30.570+0000] {dagbag.py:538} INFO - Filling up the DagBag from /opt/airflow/dags/backup_disaster_recovery.py
[2026-03-07T21:22:30.679+0000] {processor.py:840} INFO - DAG(s) 'backup_and_disaster_recovery' retrieved from /opt/airflow/dags/backup_disaster_recovery.py
[2026-03-07T21:22:30.708+0000] {logging_mixin.py:188} INFO - [2026-03-07T21:22:30.708+0000] {dag.py:3036} INFO - Sync 1 DAGs
[2026-03-07T21:22:30.729+0000] {logging_mixin.py:188} INFO - [2026-03-07T21:22:30.728+0000] {dag.py:3823} INFO - Setting next_dagrun for backup_and_disaster_recovery to 2026-03-06 02:00:00+00:00, run_after=2026-03-07 02:00:00+00:00
[2026-03-07T21:22:30.740+0000] {processor.py:183} INFO - Processing /opt/airflow/dags/backup_disaster_recovery.py took 0.177 seconds
[2026-03-07T21:23:01.339+0000] {processor.py:161} INFO - Started process (PID=1332) to work on /opt/airflow/dags/backup_disaster_recovery.py
[2026-03-07T21:23:01.341+0000] {processor.py:830} INFO - Processing file /opt/airflow/dags/backup_disaster_recovery.py for tasks to queue
[2026-03-07T21:23:01.346+0000] {logging_mixin.py:188} INFO - [2026-03-07T21:23:01.343+0000] {dagbag.py:538} INFO - Filling up the DagBag from /opt/airflow/dags/backup_disaster_recovery.py
[2026-03-07T21:23:01.534+0000] {processor.py:840} INFO - DAG(s) 'backup_and_disaster_recovery' retrieved from /opt/airflow/dags/backup_disaster_recovery.py
[2026-03-07T21:23:01.571+0000] {logging_mixin.py:188} INFO - [2026-03-07T21:23:01.571+0000] {dag.py:3036} INFO - Sync 1 DAGs
[2026-03-07T21:23:01.594+0000] {logging_mixin.py:188} INFO - [2026-03-07T21:23:01.593+0000] {dag.py:3823} INFO - Setting next_dagrun for backup_and_disaster_recovery to 2026-03-06 02:00:00+00:00, run_after=2026-03-07 02:00:00+00:00
[2026-03-07T21:23:01.614+0000] {processor.py:183} INFO - Processing /opt/airflow/dags/backup_disaster_recovery.py took 0.283 seconds
[2026-03-07T21:23:32.266+0000] {processor.py:161} INFO - Started process (PID=1350) to work on /opt/airflow/dags/backup_disaster_recovery.py
[2026-03-07T21:23:32.268+0000] {processor.py:830} INFO - Processing file /opt/airflow/dags/backup_disaster_recovery.py for tasks to queue
[2026-03-07T21:23:32.273+0000] {logging_mixin.py:188} INFO - [2026-03-07T21:23:32.272+0000] {dagbag.py:538} INFO - Filling up the DagBag from /opt/airflow/dags/backup_disaster_recovery.py
[2026-03-07T21:23:32.881+0000] {processor.py:840} INFO - DAG(s) 'backup_and_disaster_recovery' retrieved from /opt/airflow/dags/backup_disaster_recovery.py
[2026-03-07T21:23:33.033+0000] {logging_mixin.py:188} INFO - [2026-03-07T21:23:33.029+0000] {dag.py:3036} INFO - Sync 1 DAGs
[2026-03-07T21:23:33.131+0000] {logging_mixin.py:188} INFO - [2026-03-07T21:23:33.130+0000] {dag.py:3823} INFO - Setting next_dagrun for backup_and_disaster_recovery to 2026-03-06 02:00:00+00:00, run_after=2026-03-07 02:00:00+00:00
[2026-03-07T21:23:33.206+0000] {processor.py:183} INFO - Processing /opt/airflow/dags/backup_disaster_recovery.py took 0.957 seconds
[2026-03-07T21:24:03.393+0000] {processor.py:161} INFO - Started process (PID=1368) to work on /opt/airflow/dags/backup_disaster_recovery.py
[2026-03-07T21:24:03.398+0000] {processor.py:830} INFO - Processing file /opt/airflow/dags/backup_disaster_recovery.py for tasks to queue
[2026-03-07T21:24:03.402+0000] {logging_mixin.py:188} INFO - [2026-03-07T21:24:03.400+0000] {dagbag.py:538} INFO - Filling up the DagBag from /opt/airflow/dags/backup_disaster_recovery.py
[2026-03-07T21:24:03.688+0000] {processor.py:840} INFO - DAG(s) 'backup_and_disaster_recovery' retrieved from /opt/airflow/dags/backup_disaster_recovery.py
[2026-03-07T21:24:03.734+0000] {logging_mixin.py:188} INFO - [2026-03-07T21:24:03.734+0000] {dag.py:3036} INFO - Sync 1 DAGs
[2026-03-07T21:24:03.759+0000] {logging_mixin.py:188} INFO - [2026-03-07T21:24:03.758+0000] {dag.py:3823} INFO - Setting next_dagrun for backup_and_disaster_recovery to 2026-03-06 02:00:00+00:00, run_after=2026-03-07 02:00:00+00:00
[2026-03-07T21:24:03.780+0000] {processor.py:183} INFO - Processing /opt/airflow/dags/backup_disaster_recovery.py took 0.400 seconds
[2026-03-07T21:24:34.723+0000] {processor.py:161} INFO - Started process (PID=1386) to work on /opt/airflow/dags/backup_disaster_recovery.py
[2026-03-07T21:24:34.730+0000] {processor.py:830} INFO - Processing file /opt/airflow/dags/backup_disaster_recovery.py for tasks to queue
[2026-03-07T21:24:34.735+0000] {logging_mixin.py:188} INFO - [2026-03-07T21:24:34.733+0000] {dagbag.py:538} INFO - Filling up the DagBag from /opt/airflow/dags/backup_disaster_recovery.py
[2026-03-07T21:24:35.547+0000] {processor.py:840} INFO - DAG(s) 'backup_and_disaster_recovery' retrieved from /opt/airflow/dags/backup_disaster_recovery.py
[2026-03-07T21:24:35.629+0000] {logging_mixin.py:188} INFO - [2026-03-07T21:24:35.629+0000] {dag.py:3036} INFO - Sync 1 DAGs
[2026-03-07T21:24:35.701+0000] {logging_mixin.py:188} INFO - [2026-03-07T21:24:35.699+0000] {dag.py:3823} INFO - Setting next_dagrun for backup_and_disaster_recovery to 2026-03-06 02:00:00+00:00, run_after=2026-03-07 02:00:00+00:00
[2026-03-07T21:24:35.805+0000] {processor.py:183} INFO - Processing /opt/airflow/dags/backup_disaster_recovery.py took 1.130 seconds
[2026-03-07T21:25:05.942+0000] {processor.py:161} INFO - Started process (PID=1406) to work on /opt/airflow/dags/backup_disaster_recovery.py
[2026-03-07T21:25:05.944+0000] {processor.py:830} INFO - Processing file /opt/airflow/dags/backup_disaster_recovery.py for tasks to queue
[2026-03-07T21:25:05.945+0000] {logging_mixin.py:188} INFO - [2026-03-07T21:25:05.945+0000] {dagbag.py:538} INFO - Filling up the DagBag from /opt/airflow/dags/backup_disaster_recovery.py
[2026-03-07T21:25:06.258+0000] {processor.py:840} INFO - DAG(s) 'backup_and_disaster_recovery' retrieved from /opt/airflow/dags/backup_disaster_recovery.py
[2026-03-07T21:25:06.322+0000] {logging_mixin.py:188} INFO - [2026-03-07T21:25:06.321+0000] {dag.py:3036} INFO - Sync 1 DAGs
[2026-03-07T21:25:06.414+0000] {logging_mixin.py:188} INFO - [2026-03-07T21:25:06.413+0000] {dag.py:3823} INFO - Setting next_dagrun for backup_and_disaster_recovery to 2026-03-06 02:00:00+00:00, run_after=2026-03-07 02:00:00+00:00
[2026-03-07T21:25:06.459+0000] {processor.py:183} INFO - Processing /opt/airflow/dags/backup_disaster_recovery.py took 0.522 seconds
[2026-03-07T21:25:37.181+0000] {processor.py:161} INFO - Started process (PID=1424) to work on /opt/airflow/dags/backup_disaster_recovery.py
[2026-03-07T21:25:37.183+0000] {processor.py:830} INFO - Processing file /opt/airflow/dags/backup_disaster_recovery.py for tasks to queue
[2026-03-07T21:25:37.184+0000] {logging_mixin.py:188} INFO - [2026-03-07T21:25:37.184+0000] {dagbag.py:538} INFO - Filling up the DagBag from /opt/airflow/dags/backup_disaster_recovery.py
[2026-03-07T21:25:37.313+0000] {processor.py:840} INFO - DAG(s) 'backup_and_disaster_recovery' retrieved from /opt/airflow/dags/backup_disaster_recovery.py
[2026-03-07T21:25:37.369+0000] {logging_mixin.py:188} INFO - [2026-03-07T21:25:37.368+0000] {dag.py:3036} INFO - Sync 1 DAGs
[2026-03-07T21:25:37.430+0000] {logging_mixin.py:188} INFO - [2026-03-07T21:25:37.430+0000] {dag.py:3823} INFO - Setting next_dagrun for backup_and_disaster_recovery to 2026-03-06 02:00:00+00:00, run_after=2026-03-07 02:00:00+00:00
[2026-03-07T21:25:37.487+0000] {processor.py:183} INFO - Processing /opt/airflow/dags/backup_disaster_recovery.py took 0.311 seconds
[2026-03-07T21:26:08.319+0000] {processor.py:161} INFO - Started process (PID=1434) to work on /opt/airflow/dags/backup_disaster_recovery.py
[2026-03-07T21:26:08.328+0000] {processor.py:830} INFO - Processing file /opt/airflow/dags/backup_disaster_recovery.py for tasks to queue
[2026-03-07T21:26:08.346+0000] {logging_mixin.py:188} INFO - [2026-03-07T21:26:08.345+0000] {dagbag.py:538} INFO - Filling up the DagBag from /opt/airflow/dags/backup_disaster_recovery.py
[2026-03-07T21:26:08.977+0000] {processor.py:840} INFO - DAG(s) 'backup_and_disaster_recovery' retrieved from /opt/airflow/dags/backup_disaster_recovery.py
[2026-03-07T21:26:09.111+0000] {logging_mixin.py:188} INFO - [2026-03-07T21:26:09.109+0000] {dag.py:3036} INFO - Sync 1 DAGs
[2026-03-07T21:26:09.232+0000] {logging_mixin.py:188} INFO - [2026-03-07T21:26:09.230+0000] {dag.py:3823} INFO - Setting next_dagrun for backup_and_disaster_recovery to 2026-03-06 02:00:00+00:00, run_after=2026-03-07 02:00:00+00:00
[2026-03-07T21:26:09.315+0000] {processor.py:183} INFO - Processing /opt/airflow/dags/backup_disaster_recovery.py took 1.007 seconds
[2026-03-07T21:26:39.385+0000] {processor.py:161} INFO - Started process (PID=1452) to work on /opt/airflow/dags/backup_disaster_recovery.py
[2026-03-07T21:26:39.389+0000] {processor.py:830} INFO - Processing file /opt/airflow/dags/backup_disaster_recovery.py for tasks to queue
[2026-03-07T21:26:39.392+0000] {logging_mixin.py:188} INFO - [2026-03-07T21:26:39.391+0000] {dagbag.py:538} INFO - Filling up the DagBag from /opt/airflow/dags/backup_disaster_recovery.py
[2026-03-07T21:26:39.658+0000] {processor.py:840} INFO - DAG(s) 'backup_and_disaster_recovery' retrieved from /opt/airflow/dags/backup_disaster_recovery.py
[2026-03-07T21:26:39.708+0000] {logging_mixin.py:188} INFO - [2026-03-07T21:26:39.707+0000] {dag.py:3036} INFO - Sync 1 DAGs
[2026-03-07T21:26:39.743+0000] {logging_mixin.py:188} INFO - [2026-03-07T21:26:39.742+0000] {dag.py:3823} INFO - Setting next_dagrun for backup_and_disaster_recovery to 2026-03-06 02:00:00+00:00, run_after=2026-03-07 02:00:00+00:00
[2026-03-07T21:26:39.774+0000] {processor.py:183} INFO - Processing /opt/airflow/dags/backup_disaster_recovery.py took 0.394 seconds
[2026-03-07T21:27:10.590+0000] {processor.py:161} INFO - Started process (PID=1470) to work on /opt/airflow/dags/backup_disaster_recovery.py
[2026-03-07T21:27:10.595+0000] {processor.py:830} INFO - Processing file /opt/airflow/dags/backup_disaster_recovery.py for tasks to queue
[2026-03-07T21:27:10.596+0000] {logging_mixin.py:188} INFO - [2026-03-07T21:27:10.596+0000] {dagbag.py:538} INFO - Filling up the DagBag from /opt/airflow/dags/backup_disaster_recovery.py
[2026-03-07T21:27:10.701+0000] {processor.py:840} INFO - DAG(s) 'backup_and_disaster_recovery' retrieved from /opt/airflow/dags/backup_disaster_recovery.py
[2026-03-07T21:27:10.728+0000] {logging_mixin.py:188} INFO - [2026-03-07T21:27:10.727+0000] {dag.py:3036} INFO - Sync 1 DAGs
[2026-03-07T21:27:10.761+0000] {logging_mixin.py:188} INFO - [2026-03-07T21:27:10.761+0000] {dag.py:3823} INFO - Setting next_dagrun for backup_and_disaster_recovery to 2026-03-06 02:00:00+00:00, run_after=2026-03-07 02:00:00+00:00
[2026-03-07T21:27:10.781+0000] {processor.py:183} INFO - Processing /opt/airflow/dags/backup_disaster_recovery.py took 0.194 seconds
[2026-03-07T21:27:41.099+0000] {processor.py:161} INFO - Started process (PID=1488) to work on /opt/airflow/dags/backup_disaster_recovery.py
[2026-03-07T21:27:41.135+0000] {processor.py:830} INFO - Processing file /opt/airflow/dags/backup_disaster_recovery.py for tasks to queue
[2026-03-07T21:27:41.137+0000] {logging_mixin.py:188} INFO - [2026-03-07T21:27:41.137+0000] {dagbag.py:538} INFO - Filling up the DagBag from /opt/airflow/dags/backup_disaster_recovery.py
[2026-03-07T21:27:41.480+0000] {processor.py:840} INFO - DAG(s) 'backup_and_disaster_recovery' retrieved from /opt/airflow/dags/backup_disaster_recovery.py
[2026-03-07T21:27:41.528+0000] {logging_mixin.py:188} INFO - [2026-03-07T21:27:41.527+0000] {dag.py:3036} INFO - Sync 1 DAGs
[2026-03-07T21:27:41.566+0000] {logging_mixin.py:188} INFO - [2026-03-07T21:27:41.566+0000] {dag.py:3823} INFO - Setting next_dagrun for backup_and_disaster_recovery to 2026-03-06 02:00:00+00:00, run_after=2026-03-07 02:00:00+00:00
[2026-03-07T21:27:41.603+0000] {processor.py:183} INFO - Processing /opt/airflow/dags/backup_disaster_recovery.py took 0.515 seconds
[2026-03-07T21:28:12.313+0000] {processor.py:161} INFO - Started process (PID=1506) to work on /opt/airflow/dags/backup_disaster_recovery.py
[2026-03-07T21:28:12.317+0000] {processor.py:830} INFO - Processing file /opt/airflow/dags/backup_disaster_recovery.py for tasks to queue
[2026-03-07T21:28:12.318+0000] {logging_mixin.py:188} INFO - [2026-03-07T21:28:12.318+0000] {dagbag.py:538} INFO - Filling up the DagBag from /opt/airflow/dags/backup_disaster_recovery.py
[2026-03-07T21:28:12.589+0000] {processor.py:840} INFO - DAG(s) 'backup_and_disaster_recovery' retrieved from /opt/airflow/dags/backup_disaster_recovery.py
[2026-03-07T21:28:12.635+0000] {logging_mixin.py:188} INFO - [2026-03-07T21:28:12.635+0000] {dag.py:3036} INFO - Sync 1 DAGs
[2026-03-07T21:28:12.663+0000] {logging_mixin.py:188} INFO - [2026-03-07T21:28:12.663+0000] {dag.py:3823} INFO - Setting next_dagrun for backup_and_disaster_recovery to 2026-03-06 02:00:00+00:00, run_after=2026-03-07 02:00:00+00:00
[2026-03-07T21:28:12.685+0000] {processor.py:183} INFO - Processing /opt/airflow/dags/backup_disaster_recovery.py took 0.379 seconds
[2026-03-07T21:28:43.267+0000] {processor.py:161} INFO - Started process (PID=1524) to work on /opt/airflow/dags/backup_disaster_recovery.py
[2026-03-07T21:28:43.295+0000] {processor.py:830} INFO - Processing file /opt/airflow/dags/backup_disaster_recovery.py for tasks to queue
[2026-03-07T21:28:43.313+0000] {logging_mixin.py:188} INFO - [2026-03-07T21:28:43.300+0000] {dagbag.py:538} INFO - Filling up the DagBag from /opt/airflow/dags/backup_disaster_recovery.py
[2026-03-07T21:28:45.804+0000] {processor.py:840} INFO - DAG(s) 'backup_and_disaster_recovery' retrieved from /opt/airflow/dags/backup_disaster_recovery.py
[2026-03-07T21:28:46.794+0000] {logging_mixin.py:188} INFO - [2026-03-07T21:28:46.791+0000] {dag.py:3036} INFO - Sync 1 DAGs
[2026-03-07T21:28:46.946+0000] {logging_mixin.py:188} INFO - [2026-03-07T21:28:46.944+0000] {dag.py:3823} INFO - Setting next_dagrun for backup_and_disaster_recovery to 2026-03-06 02:00:00+00:00, run_after=2026-03-07 02:00:00+00:00
[2026-03-07T21:28:47.219+0000] {processor.py:183} INFO - Processing /opt/airflow/dags/backup_disaster_recovery.py took 3.967 seconds
[2026-03-07T21:29:17.553+0000] {processor.py:161} INFO - Started process (PID=1542) to work on /opt/airflow/dags/backup_disaster_recovery.py
[2026-03-07T21:29:17.559+0000] {processor.py:830} INFO - Processing file /opt/airflow/dags/backup_disaster_recovery.py for tasks to queue
[2026-03-07T21:29:17.570+0000] {logging_mixin.py:188} INFO - [2026-03-07T21:29:17.562+0000] {dagbag.py:538} INFO - Filling up the DagBag from /opt/airflow/dags/backup_disaster_recovery.py
[2026-03-07T21:29:18.359+0000] {processor.py:840} INFO - DAG(s) 'backup_and_disaster_recovery' retrieved from /opt/airflow/dags/backup_disaster_recovery.py
[2026-03-07T21:29:18.571+0000] {logging_mixin.py:188} INFO - [2026-03-07T21:29:18.567+0000] {dag.py:3036} INFO - Sync 1 DAGs
[2026-03-07T21:29:18.744+0000] {logging_mixin.py:188} INFO - [2026-03-07T21:29:18.744+0000] {dag.py:3823} INFO - Setting next_dagrun for backup_and_disaster_recovery to 2026-03-06 02:00:00+00:00, run_after=2026-03-07 02:00:00+00:00
[2026-03-07T21:29:18.824+0000] {processor.py:183} INFO - Processing /opt/airflow/dags/backup_disaster_recovery.py took 1.295 seconds
[2026-03-07T21:29:49.302+0000] {processor.py:161} INFO - Started process (PID=1560) to work on /opt/airflow/dags/backup_disaster_recovery.py
[2026-03-07T21:29:49.306+0000] {processor.py:830} INFO - Processing file /opt/airflow/dags/backup_disaster_recovery.py for tasks to queue
[2026-03-07T21:29:49.308+0000] {logging_mixin.py:188} INFO - [2026-03-07T21:29:49.307+0000] {dagbag.py:538} INFO - Filling up the DagBag from /opt/airflow/dags/backup_disaster_recovery.py
[2026-03-07T21:29:49.636+0000] {processor.py:840} INFO - DAG(s) 'backup_and_disaster_recovery' retrieved from /opt/airflow/dags/backup_disaster_recovery.py
[2026-03-07T21:29:49.779+0000] {logging_mixin.py:188} INFO - [2026-03-07T21:29:49.778+0000] {dag.py:3036} INFO - Sync 1 DAGs
[2026-03-07T21:29:49.895+0000] {logging_mixin.py:188} INFO - [2026-03-07T21:29:49.894+0000] {dag.py:3823} INFO - Setting next_dagrun for backup_and_disaster_recovery to 2026-03-06 02:00:00+00:00, run_after=2026-03-07 02:00:00+00:00
[2026-03-07T21:29:49.955+0000] {processor.py:183} INFO - Processing /opt/airflow/dags/backup_disaster_recovery.py took 0.669 seconds
[2026-03-07T21:30:20.222+0000] {processor.py:161} INFO - Started process (PID=1642) to work on /opt/airflow/dags/backup_disaster_recovery.py
[2026-03-07T21:30:20.227+0000] {processor.py:830} INFO - Processing file /opt/airflow/dags/backup_disaster_recovery.py for tasks to queue
[2026-03-07T21:30:20.230+0000] {logging_mixin.py:188} INFO - [2026-03-07T21:30:20.229+0000] {dagbag.py:538} INFO - Filling up the DagBag from /opt/airflow/dags/backup_disaster_recovery.py
[2026-03-07T21:30:20.664+0000] {processor.py:840} INFO - DAG(s) 'backup_and_disaster_recovery' retrieved from /opt/airflow/dags/backup_disaster_recovery.py
[2026-03-07T21:30:20.725+0000] {logging_mixin.py:188} INFO - [2026-03-07T21:30:20.724+0000] {dag.py:3036} INFO - Sync 1 DAGs
[2026-03-07T21:30:20.786+0000] {logging_mixin.py:188} INFO - [2026-03-07T21:30:20.785+0000] {dag.py:3823} INFO - Setting next_dagrun for backup_and_disaster_recovery to 2026-03-06 02:00:00+00:00, run_after=2026-03-07 02:00:00+00:00
[2026-03-07T21:30:20.830+0000] {processor.py:183} INFO - Processing /opt/airflow/dags/backup_disaster_recovery.py took 0.621 seconds
[2026-03-07T21:30:51.214+0000] {processor.py:161} INFO - Started process (PID=1660) to work on /opt/airflow/dags/backup_disaster_recovery.py
[2026-03-07T21:30:51.221+0000] {processor.py:830} INFO - Processing file /opt/airflow/dags/backup_disaster_recovery.py for tasks to queue
[2026-03-07T21:30:51.225+0000] {logging_mixin.py:188} INFO - [2026-03-07T21:30:51.224+0000] {dagbag.py:538} INFO - Filling up the DagBag from /opt/airflow/dags/backup_disaster_recovery.py
[2026-03-07T21:30:51.727+0000] {processor.py:840} INFO - DAG(s) 'backup_and_disaster_recovery' retrieved from /opt/airflow/dags/backup_disaster_recovery.py
[2026-03-07T21:30:51.876+0000] {logging_mixin.py:188} INFO - [2026-03-07T21:30:51.875+0000] {dag.py:3036} INFO - Sync 1 DAGs
[2026-03-07T21:30:51.944+0000] {logging_mixin.py:188} INFO - [2026-03-07T21:30:51.937+0000] {dag.py:3823} INFO - Setting next_dagrun for backup_and_disaster_recovery to 2026-03-06 02:00:00+00:00, run_after=2026-03-07 02:00:00+00:00
[2026-03-07T21:30:52.004+0000] {processor.py:183} INFO - Processing /opt/airflow/dags/backup_disaster_recovery.py took 0.807 seconds
[2026-03-07T21:31:22.756+0000] {processor.py:161} INFO - Started process (PID=1677) to work on /opt/airflow/dags/backup_disaster_recovery.py
[2026-03-07T21:31:22.761+0000] {processor.py:830} INFO - Processing file /opt/airflow/dags/backup_disaster_recovery.py for tasks to queue
[2026-03-07T21:31:22.768+0000] {logging_mixin.py:188} INFO - [2026-03-07T21:31:22.764+0000] {dagbag.py:538} INFO - Filling up the DagBag from /opt/airflow/dags/backup_disaster_recovery.py
[2026-03-07T21:31:23.115+0000] {processor.py:840} INFO - DAG(s) 'backup_and_disaster_recovery' retrieved from /opt/airflow/dags/backup_disaster_recovery.py
[2026-03-07T21:31:23.183+0000] {logging_mixin.py:188} INFO - [2026-03-07T21:31:23.182+0000] {dag.py:3036} INFO - Sync 1 DAGs
[2026-03-07T21:31:23.246+0000] {logging_mixin.py:188} INFO - [2026-03-07T21:31:23.246+0000] {dag.py:3823} INFO - Setting next_dagrun for backup_and_disaster_recovery to 2026-03-06 02:00:00+00:00, run_after=2026-03-07 02:00:00+00:00
[2026-03-07T21:31:23.294+0000] {processor.py:183} INFO - Processing /opt/airflow/dags/backup_disaster_recovery.py took 0.551 seconds
[2026-03-07T21:31:53.782+0000] {processor.py:161} INFO - Started process (PID=1695) to work on /opt/airflow/dags/backup_disaster_recovery.py
[2026-03-07T21:31:53.786+0000] {processor.py:830} INFO - Processing file /opt/airflow/dags/backup_disaster_recovery.py for tasks to queue
[2026-03-07T21:31:53.789+0000] {logging_mixin.py:188} INFO - [2026-03-07T21:31:53.787+0000] {dagbag.py:538} INFO - Filling up the DagBag from /opt/airflow/dags/backup_disaster_recovery.py
[2026-03-07T21:31:54.306+0000] {processor.py:840} INFO - DAG(s) 'backup_and_disaster_recovery' retrieved from /opt/airflow/dags/backup_disaster_recovery.py
[2026-03-07T21:31:54.464+0000] {logging_mixin.py:188} INFO - [2026-03-07T21:31:54.463+0000] {dag.py:3036} INFO - Sync 1 DAGs
[2026-03-07T21:31:54.555+0000] {logging_mixin.py:188} INFO - [2026-03-07T21:31:54.555+0000] {dag.py:3823} INFO - Setting next_dagrun for backup_and_disaster_recovery to 2026-03-06 02:00:00+00:00, run_after=2026-03-07 02:00:00+00:00
[2026-03-07T21:31:54.647+0000] {processor.py:183} INFO - Processing /opt/airflow/dags/backup_disaster_recovery.py took 0.873 seconds
[2026-03-07T21:32:25.318+0000] {processor.py:161} INFO - Started process (PID=1753) to work on /opt/airflow/dags/backup_disaster_recovery.py
[2026-03-07T21:32:25.329+0000] {processor.py:830} INFO - Processing file /opt/airflow/dags/backup_disaster_recovery.py for tasks to queue
[2026-03-07T21:32:25.350+0000] {logging_mixin.py:188} INFO - [2026-03-07T21:32:25.347+0000] {dagbag.py:538} INFO - Filling up the DagBag from /opt/airflow/dags/backup_disaster_recovery.py
[2026-03-07T21:32:27.048+0000] {processor.py:840} INFO - DAG(s) 'backup_and_disaster_recovery' retrieved from /opt/airflow/dags/backup_disaster_recovery.py
[2026-03-07T21:32:27.797+0000] {logging_mixin.py:188} INFO - [2026-03-07T21:32:27.779+0000] {dag.py:3036} INFO - Sync 1 DAGs
[2026-03-07T21:32:28.498+0000] {logging_mixin.py:188} INFO - [2026-03-07T21:32:28.498+0000] {dag.py:3823} INFO - Setting next_dagrun for backup_and_disaster_recovery to 2026-03-06 02:00:00+00:00, run_after=2026-03-07 02:00:00+00:00
[2026-03-07T21:32:28.981+0000] {processor.py:183} INFO - Processing /opt/airflow/dags/backup_disaster_recovery.py took 3.686 seconds
[2026-03-07T21:33:00.085+0000] {processor.py:161} INFO - Started process (PID=1771) to work on /opt/airflow/dags/backup_disaster_recovery.py
[2026-03-07T21:33:00.093+0000] {processor.py:830} INFO - Processing file /opt/airflow/dags/backup_disaster_recovery.py for tasks to queue
[2026-03-07T21:33:00.107+0000] {logging_mixin.py:188} INFO - [2026-03-07T21:33:00.106+0000] {dagbag.py:538} INFO - Filling up the DagBag from /opt/airflow/dags/backup_disaster_recovery.py
[2026-03-07T21:33:00.525+0000] {processor.py:840} INFO - DAG(s) 'backup_and_disaster_recovery' retrieved from /opt/airflow/dags/backup_disaster_recovery.py
[2026-03-07T21:33:00.780+0000] {logging_mixin.py:188} INFO - [2026-03-07T21:33:00.779+0000] {dag.py:3036} INFO - Sync 1 DAGs
[2026-03-07T21:33:00.849+0000] {logging_mixin.py:188} INFO - [2026-03-07T21:33:00.849+0000] {dag.py:3823} INFO - Setting next_dagrun for backup_and_disaster_recovery to 2026-03-06 02:00:00+00:00, run_after=2026-03-07 02:00:00+00:00
[2026-03-07T21:33:00.936+0000] {processor.py:183} INFO - Processing /opt/airflow/dags/backup_disaster_recovery.py took 0.869 seconds
[2026-03-07T21:33:31.186+0000] {processor.py:161} INFO - Started process (PID=1781) to work on /opt/airflow/dags/backup_disaster_recovery.py
[2026-03-07T21:33:31.191+0000] {processor.py:830} INFO - Processing file /opt/airflow/dags/backup_disaster_recovery.py for tasks to queue
[2026-03-07T21:33:31.214+0000] {logging_mixin.py:188} INFO - [2026-03-07T21:33:31.207+0000] {dagbag.py:538} INFO - Filling up the DagBag from /opt/airflow/dags/backup_disaster_recovery.py
[2026-03-07T21:33:31.643+0000] {processor.py:840} INFO - DAG(s) 'backup_and_disaster_recovery' retrieved from /opt/airflow/dags/backup_disaster_recovery.py
[2026-03-07T21:33:31.840+0000] {logging_mixin.py:188} INFO - [2026-03-07T21:33:31.839+0000] {dag.py:3036} INFO - Sync 1 DAGs
[2026-03-07T21:33:31.959+0000] {logging_mixin.py:188} INFO - [2026-03-07T21:33:31.959+0000] {dag.py:3823} INFO - Setting next_dagrun for backup_and_disaster_recovery to 2026-03-06 02:00:00+00:00, run_after=2026-03-07 02:00:00+00:00
[2026-03-07T21:33:32.019+0000] {processor.py:183} INFO - Processing /opt/airflow/dags/backup_disaster_recovery.py took 0.845 seconds
[2026-03-07T21:34:02.675+0000] {processor.py:161} INFO - Started process (PID=1799) to work on /opt/airflow/dags/backup_disaster_recovery.py
[2026-03-07T21:34:02.681+0000] {processor.py:830} INFO - Processing file /opt/airflow/dags/backup_disaster_recovery.py for tasks to queue
[2026-03-07T21:34:02.685+0000] {logging_mixin.py:188} INFO - [2026-03-07T21:34:02.683+0000] {dagbag.py:538} INFO - Filling up the DagBag from /opt/airflow/dags/backup_disaster_recovery.py
[2026-03-07T21:34:03.293+0000] {processor.py:840} INFO - DAG(s) 'backup_and_disaster_recovery' retrieved from /opt/airflow/dags/backup_disaster_recovery.py
[2026-03-07T21:34:03.563+0000] {logging_mixin.py:188} INFO - [2026-03-07T21:34:03.563+0000] {dag.py:3036} INFO - Sync 1 DAGs
[2026-03-07T21:34:03.768+0000] {logging_mixin.py:188} INFO - [2026-03-07T21:34:03.768+0000] {dag.py:3823} INFO - Setting next_dagrun for backup_and_disaster_recovery to 2026-03-06 02:00:00+00:00, run_after=2026-03-07 02:00:00+00:00
[2026-03-07T21:34:03.864+0000] {processor.py:183} INFO - Processing /opt/airflow/dags/backup_disaster_recovery.py took 1.266 seconds
[2026-03-07T21:34:35.633+0000] {processor.py:161} INFO - Started process (PID=1817) to work on /opt/airflow/dags/backup_disaster_recovery.py
[2026-03-07T21:34:35.644+0000] {processor.py:830} INFO - Processing file /opt/airflow/dags/backup_disaster_recovery.py for tasks to queue
[2026-03-07T21:34:35.665+0000] {logging_mixin.py:188} INFO - [2026-03-07T21:34:35.662+0000] {dagbag.py:538} INFO - Filling up the DagBag from /opt/airflow/dags/backup_disaster_recovery.py
[2026-03-07T21:34:37.223+0000] {processor.py:840} INFO - DAG(s) 'backup_and_disaster_recovery' retrieved from /opt/airflow/dags/backup_disaster_recovery.py
[2026-03-07T21:34:37.485+0000] {logging_mixin.py:188} INFO - [2026-03-07T21:34:37.480+0000] {dag.py:3036} INFO - Sync 1 DAGs
[2026-03-07T21:34:37.690+0000] {logging_mixin.py:188} INFO - [2026-03-07T21:34:37.686+0000] {dag.py:3823} INFO - Setting next_dagrun for backup_and_disaster_recovery to 2026-03-06 02:00:00+00:00, run_after=2026-03-07 02:00:00+00:00
[2026-03-07T21:34:37.783+0000] {processor.py:183} INFO - Processing /opt/airflow/dags/backup_disaster_recovery.py took 2.173 seconds
