[2026-03-07T21:08:07.970+0000] {processor.py:161} INFO - Started process (PID=165) to work on /opt/airflow/dags/insurance_claims_pipeline.py
[2026-03-07T21:08:07.974+0000] {processor.py:830} INFO - Processing file /opt/airflow/dags/insurance_claims_pipeline.py for tasks to queue
[2026-03-07T21:08:07.981+0000] {logging_mixin.py:188} INFO - [2026-03-07T21:08:07.980+0000] {dagbag.py:538} INFO - Filling up the DagBag from /opt/airflow/dags/insurance_claims_pipeline.py
[2026-03-07T21:08:08.092+0000] {processor.py:840} INFO - DAG(s) 'insurance_claims_pipeline' retrieved from /opt/airflow/dags/insurance_claims_pipeline.py
[2026-03-07T21:08:08.179+0000] {logging_mixin.py:188} INFO - [2026-03-07T21:08:08.178+0000] {dag.py:3036} INFO - Sync 1 DAGs
[2026-03-07T21:08:08.266+0000] {processor.py:183} INFO - Processing /opt/airflow/dags/insurance_claims_pipeline.py took 0.303 seconds
[2026-03-07T21:08:38.608+0000] {processor.py:161} INFO - Started process (PID=185) to work on /opt/airflow/dags/insurance_claims_pipeline.py
[2026-03-07T21:08:38.611+0000] {processor.py:830} INFO - Processing file /opt/airflow/dags/insurance_claims_pipeline.py for tasks to queue
[2026-03-07T21:08:38.616+0000] {logging_mixin.py:188} INFO - [2026-03-07T21:08:38.612+0000] {dagbag.py:538} INFO - Filling up the DagBag from /opt/airflow/dags/insurance_claims_pipeline.py
[2026-03-07T21:08:38.745+0000] {processor.py:840} INFO - DAG(s) 'insurance_claims_pipeline' retrieved from /opt/airflow/dags/insurance_claims_pipeline.py
[2026-03-07T21:08:39.045+0000] {logging_mixin.py:188} INFO - [2026-03-07T21:08:39.045+0000] {dag.py:3036} INFO - Sync 1 DAGs
[2026-03-07T21:08:39.107+0000] {processor.py:183} INFO - Processing /opt/airflow/dags/insurance_claims_pipeline.py took 0.519 seconds
[2026-03-07T21:09:09.368+0000] {processor.py:161} INFO - Started process (PID=203) to work on /opt/airflow/dags/insurance_claims_pipeline.py
[2026-03-07T21:09:09.369+0000] {processor.py:830} INFO - Processing file /opt/airflow/dags/insurance_claims_pipeline.py for tasks to queue
[2026-03-07T21:09:09.370+0000] {logging_mixin.py:188} INFO - [2026-03-07T21:09:09.370+0000] {dagbag.py:538} INFO - Filling up the DagBag from /opt/airflow/dags/insurance_claims_pipeline.py
[2026-03-07T21:09:09.390+0000] {processor.py:840} INFO - DAG(s) 'insurance_claims_pipeline' retrieved from /opt/airflow/dags/insurance_claims_pipeline.py
[2026-03-07T21:09:09.419+0000] {logging_mixin.py:188} INFO - [2026-03-07T21:09:09.419+0000] {dag.py:3036} INFO - Sync 1 DAGs
[2026-03-07T21:09:09.458+0000] {processor.py:183} INFO - Processing /opt/airflow/dags/insurance_claims_pipeline.py took 0.094 seconds
[2026-03-07T21:09:39.727+0000] {processor.py:161} INFO - Started process (PID=227) to work on /opt/airflow/dags/insurance_claims_pipeline.py
[2026-03-07T21:09:39.730+0000] {processor.py:830} INFO - Processing file /opt/airflow/dags/insurance_claims_pipeline.py for tasks to queue
[2026-03-07T21:09:39.733+0000] {logging_mixin.py:188} INFO - [2026-03-07T21:09:39.732+0000] {dagbag.py:538} INFO - Filling up the DagBag from /opt/airflow/dags/insurance_claims_pipeline.py
[2026-03-07T21:09:39.839+0000] {processor.py:840} INFO - DAG(s) 'insurance_claims_pipeline' retrieved from /opt/airflow/dags/insurance_claims_pipeline.py
[2026-03-07T21:09:40.039+0000] {logging_mixin.py:188} INFO - [2026-03-07T21:09:40.038+0000] {dag.py:3036} INFO - Sync 1 DAGs
[2026-03-07T21:09:40.312+0000] {processor.py:183} INFO - Processing /opt/airflow/dags/insurance_claims_pipeline.py took 0.597 seconds
[2026-03-07T21:10:10.642+0000] {processor.py:161} INFO - Started process (PID=237) to work on /opt/airflow/dags/insurance_claims_pipeline.py
[2026-03-07T21:10:10.644+0000] {processor.py:830} INFO - Processing file /opt/airflow/dags/insurance_claims_pipeline.py for tasks to queue
[2026-03-07T21:10:10.646+0000] {logging_mixin.py:188} INFO - [2026-03-07T21:10:10.645+0000] {dagbag.py:538} INFO - Filling up the DagBag from /opt/airflow/dags/insurance_claims_pipeline.py
[2026-03-07T21:10:10.686+0000] {processor.py:840} INFO - DAG(s) 'insurance_claims_pipeline' retrieved from /opt/airflow/dags/insurance_claims_pipeline.py
[2026-03-07T21:10:10.729+0000] {logging_mixin.py:188} INFO - [2026-03-07T21:10:10.729+0000] {dag.py:3036} INFO - Sync 1 DAGs
[2026-03-07T21:10:10.767+0000] {processor.py:183} INFO - Processing /opt/airflow/dags/insurance_claims_pipeline.py took 0.137 seconds
[2026-03-07T21:10:41.073+0000] {processor.py:161} INFO - Started process (PID=255) to work on /opt/airflow/dags/insurance_claims_pipeline.py
[2026-03-07T21:10:41.076+0000] {processor.py:830} INFO - Processing file /opt/airflow/dags/insurance_claims_pipeline.py for tasks to queue
[2026-03-07T21:10:41.078+0000] {logging_mixin.py:188} INFO - [2026-03-07T21:10:41.077+0000] {dagbag.py:538} INFO - Filling up the DagBag from /opt/airflow/dags/insurance_claims_pipeline.py
[2026-03-07T21:10:41.120+0000] {processor.py:840} INFO - DAG(s) 'insurance_claims_pipeline' retrieved from /opt/airflow/dags/insurance_claims_pipeline.py
[2026-03-07T21:10:41.191+0000] {logging_mixin.py:188} INFO - [2026-03-07T21:10:41.190+0000] {dag.py:3036} INFO - Sync 1 DAGs
[2026-03-07T21:10:41.261+0000] {processor.py:183} INFO - Processing /opt/airflow/dags/insurance_claims_pipeline.py took 0.194 seconds
[2026-03-07T21:11:11.532+0000] {processor.py:161} INFO - Started process (PID=273) to work on /opt/airflow/dags/insurance_claims_pipeline.py
[2026-03-07T21:11:11.535+0000] {processor.py:830} INFO - Processing file /opt/airflow/dags/insurance_claims_pipeline.py for tasks to queue
[2026-03-07T21:11:11.538+0000] {logging_mixin.py:188} INFO - [2026-03-07T21:11:11.537+0000] {dagbag.py:538} INFO - Filling up the DagBag from /opt/airflow/dags/insurance_claims_pipeline.py
[2026-03-07T21:11:11.587+0000] {processor.py:840} INFO - DAG(s) 'insurance_claims_pipeline' retrieved from /opt/airflow/dags/insurance_claims_pipeline.py
[2026-03-07T21:11:11.634+0000] {logging_mixin.py:188} INFO - [2026-03-07T21:11:11.633+0000] {dag.py:3036} INFO - Sync 1 DAGs
[2026-03-07T21:11:11.690+0000] {processor.py:183} INFO - Processing /opt/airflow/dags/insurance_claims_pipeline.py took 0.179 seconds
[2026-03-07T21:11:42.561+0000] {processor.py:161} INFO - Started process (PID=292) to work on /opt/airflow/dags/insurance_claims_pipeline.py
[2026-03-07T21:11:42.565+0000] {processor.py:830} INFO - Processing file /opt/airflow/dags/insurance_claims_pipeline.py for tasks to queue
[2026-03-07T21:11:42.568+0000] {logging_mixin.py:188} INFO - [2026-03-07T21:11:42.567+0000] {dagbag.py:538} INFO - Filling up the DagBag from /opt/airflow/dags/insurance_claims_pipeline.py
[2026-03-07T21:11:42.718+0000] {processor.py:840} INFO - DAG(s) 'insurance_claims_pipeline' retrieved from /opt/airflow/dags/insurance_claims_pipeline.py
[2026-03-07T21:11:42.817+0000] {logging_mixin.py:188} INFO - [2026-03-07T21:11:42.816+0000] {dag.py:3036} INFO - Sync 1 DAGs
[2026-03-07T21:11:42.968+0000] {processor.py:183} INFO - Processing /opt/airflow/dags/insurance_claims_pipeline.py took 0.424 seconds
[2026-03-07T21:12:13.109+0000] {processor.py:161} INFO - Started process (PID=310) to work on /opt/airflow/dags/insurance_claims_pipeline.py
[2026-03-07T21:12:13.110+0000] {processor.py:830} INFO - Processing file /opt/airflow/dags/insurance_claims_pipeline.py for tasks to queue
[2026-03-07T21:12:13.111+0000] {logging_mixin.py:188} INFO - [2026-03-07T21:12:13.111+0000] {dagbag.py:538} INFO - Filling up the DagBag from /opt/airflow/dags/insurance_claims_pipeline.py
[2026-03-07T21:12:13.145+0000] {processor.py:840} INFO - DAG(s) 'insurance_claims_pipeline' retrieved from /opt/airflow/dags/insurance_claims_pipeline.py
[2026-03-07T21:12:13.185+0000] {logging_mixin.py:188} INFO - [2026-03-07T21:12:13.185+0000] {dag.py:3036} INFO - Sync 1 DAGs
[2026-03-07T21:12:13.221+0000] {processor.py:183} INFO - Processing /opt/airflow/dags/insurance_claims_pipeline.py took 0.119 seconds
[2026-03-07T21:12:43.547+0000] {processor.py:161} INFO - Started process (PID=328) to work on /opt/airflow/dags/insurance_claims_pipeline.py
[2026-03-07T21:12:43.549+0000] {processor.py:830} INFO - Processing file /opt/airflow/dags/insurance_claims_pipeline.py for tasks to queue
[2026-03-07T21:12:43.551+0000] {logging_mixin.py:188} INFO - [2026-03-07T21:12:43.550+0000] {dagbag.py:538} INFO - Filling up the DagBag from /opt/airflow/dags/insurance_claims_pipeline.py
[2026-03-07T21:12:43.710+0000] {processor.py:840} INFO - DAG(s) 'insurance_claims_pipeline' retrieved from /opt/airflow/dags/insurance_claims_pipeline.py
[2026-03-07T21:12:44.038+0000] {logging_mixin.py:188} INFO - [2026-03-07T21:12:44.037+0000] {dag.py:3036} INFO - Sync 1 DAGs
[2026-03-07T21:12:44.213+0000] {processor.py:183} INFO - Processing /opt/airflow/dags/insurance_claims_pipeline.py took 0.671 seconds
[2026-03-07T21:13:14.973+0000] {processor.py:161} INFO - Started process (PID=346) to work on /opt/airflow/dags/insurance_claims_pipeline.py
[2026-03-07T21:13:14.985+0000] {processor.py:830} INFO - Processing file /opt/airflow/dags/insurance_claims_pipeline.py for tasks to queue
[2026-03-07T21:13:15.003+0000] {logging_mixin.py:188} INFO - [2026-03-07T21:13:14.998+0000] {dagbag.py:538} INFO - Filling up the DagBag from /opt/airflow/dags/insurance_claims_pipeline.py
[2026-03-07T21:13:15.145+0000] {processor.py:840} INFO - DAG(s) 'insurance_claims_pipeline' retrieved from /opt/airflow/dags/insurance_claims_pipeline.py
[2026-03-07T21:13:15.572+0000] {logging_mixin.py:188} INFO - [2026-03-07T21:13:15.571+0000] {dag.py:3036} INFO - Sync 1 DAGs
[2026-03-07T21:13:16.118+0000] {processor.py:183} INFO - Processing /opt/airflow/dags/insurance_claims_pipeline.py took 1.164 seconds
[2026-03-07T21:13:46.900+0000] {processor.py:161} INFO - Started process (PID=356) to work on /opt/airflow/dags/insurance_claims_pipeline.py
[2026-03-07T21:13:46.905+0000] {processor.py:830} INFO - Processing file /opt/airflow/dags/insurance_claims_pipeline.py for tasks to queue
[2026-03-07T21:13:46.924+0000] {logging_mixin.py:188} INFO - [2026-03-07T21:13:46.912+0000] {dagbag.py:538} INFO - Filling up the DagBag from /opt/airflow/dags/insurance_claims_pipeline.py
[2026-03-07T21:13:46.981+0000] {processor.py:840} INFO - DAG(s) 'insurance_claims_pipeline' retrieved from /opt/airflow/dags/insurance_claims_pipeline.py
[2026-03-07T21:13:47.044+0000] {logging_mixin.py:188} INFO - [2026-03-07T21:13:47.044+0000] {dag.py:3036} INFO - Sync 1 DAGs
[2026-03-07T21:13:47.103+0000] {processor.py:183} INFO - Processing /opt/airflow/dags/insurance_claims_pipeline.py took 0.226 seconds
[2026-03-07T21:14:19.504+0000] {processor.py:161} INFO - Started process (PID=451) to work on /opt/airflow/dags/insurance_claims_pipeline.py
[2026-03-07T21:14:19.593+0000] {processor.py:830} INFO - Processing file /opt/airflow/dags/insurance_claims_pipeline.py for tasks to queue
[2026-03-07T21:14:19.668+0000] {logging_mixin.py:188} INFO - [2026-03-07T21:14:19.666+0000] {dagbag.py:538} INFO - Filling up the DagBag from /opt/airflow/dags/insurance_claims_pipeline.py
[2026-03-07T21:14:20.403+0000] {processor.py:840} INFO - DAG(s) 'insurance_claims_pipeline' retrieved from /opt/airflow/dags/insurance_claims_pipeline.py
[2026-03-07T21:14:21.214+0000] {logging_mixin.py:188} INFO - [2026-03-07T21:14:21.212+0000] {dag.py:3036} INFO - Sync 1 DAGs
[2026-03-07T21:14:21.776+0000] {processor.py:183} INFO - Processing /opt/airflow/dags/insurance_claims_pipeline.py took 2.724 seconds
[2026-03-07T21:14:52.748+0000] {processor.py:161} INFO - Started process (PID=554) to work on /opt/airflow/dags/insurance_claims_pipeline.py
[2026-03-07T21:14:52.750+0000] {processor.py:830} INFO - Processing file /opt/airflow/dags/insurance_claims_pipeline.py for tasks to queue
[2026-03-07T21:14:52.752+0000] {logging_mixin.py:188} INFO - [2026-03-07T21:14:52.751+0000] {dagbag.py:538} INFO - Filling up the DagBag from /opt/airflow/dags/insurance_claims_pipeline.py
[2026-03-07T21:14:52.830+0000] {processor.py:840} INFO - DAG(s) 'insurance_claims_pipeline' retrieved from /opt/airflow/dags/insurance_claims_pipeline.py
[2026-03-07T21:14:52.886+0000] {logging_mixin.py:188} INFO - [2026-03-07T21:14:52.886+0000] {dag.py:3036} INFO - Sync 1 DAGs
[2026-03-07T21:14:52.956+0000] {processor.py:183} INFO - Processing /opt/airflow/dags/insurance_claims_pipeline.py took 0.254 seconds
[2026-03-07T21:15:23.247+0000] {processor.py:161} INFO - Started process (PID=667) to work on /opt/airflow/dags/insurance_claims_pipeline.py
[2026-03-07T21:15:23.251+0000] {processor.py:830} INFO - Processing file /opt/airflow/dags/insurance_claims_pipeline.py for tasks to queue
[2026-03-07T21:15:23.252+0000] {logging_mixin.py:188} INFO - [2026-03-07T21:15:23.252+0000] {dagbag.py:538} INFO - Filling up the DagBag from /opt/airflow/dags/insurance_claims_pipeline.py
[2026-03-07T21:15:23.278+0000] {processor.py:840} INFO - DAG(s) 'insurance_claims_pipeline' retrieved from /opt/airflow/dags/insurance_claims_pipeline.py
[2026-03-07T21:15:23.317+0000] {logging_mixin.py:188} INFO - [2026-03-07T21:15:23.317+0000] {dag.py:3036} INFO - Sync 1 DAGs
[2026-03-07T21:15:23.345+0000] {logging_mixin.py:188} INFO - [2026-03-07T21:15:23.345+0000] {dag.py:3823} INFO - Setting next_dagrun for insurance_claims_pipeline to 2026-03-07 21:00:00+00:00, run_after=2026-03-07 21:15:00+00:00
[2026-03-07T21:15:23.361+0000] {processor.py:183} INFO - Processing /opt/airflow/dags/insurance_claims_pipeline.py took 0.119 seconds
[2026-03-07T21:15:53.631+0000] {processor.py:161} INFO - Started process (PID=809) to work on /opt/airflow/dags/insurance_claims_pipeline.py
[2026-03-07T21:15:53.633+0000] {processor.py:830} INFO - Processing file /opt/airflow/dags/insurance_claims_pipeline.py for tasks to queue
[2026-03-07T21:15:53.634+0000] {logging_mixin.py:188} INFO - [2026-03-07T21:15:53.634+0000] {dagbag.py:538} INFO - Filling up the DagBag from /opt/airflow/dags/insurance_claims_pipeline.py
[2026-03-07T21:15:53.669+0000] {processor.py:840} INFO - DAG(s) 'insurance_claims_pipeline' retrieved from /opt/airflow/dags/insurance_claims_pipeline.py
[2026-03-07T21:15:53.710+0000] {logging_mixin.py:188} INFO - [2026-03-07T21:15:53.710+0000] {dag.py:3036} INFO - Sync 1 DAGs
[2026-03-07T21:15:53.735+0000] {logging_mixin.py:188} INFO - [2026-03-07T21:15:53.735+0000] {dag.py:3823} INFO - Setting next_dagrun for insurance_claims_pipeline to 2026-03-07 21:15:00+00:00, run_after=2026-03-07 21:30:00+00:00
[2026-03-07T21:15:53.758+0000] {processor.py:183} INFO - Processing /opt/airflow/dags/insurance_claims_pipeline.py took 0.133 seconds
[2026-03-07T21:16:24.161+0000] {processor.py:161} INFO - Started process (PID=833) to work on /opt/airflow/dags/insurance_claims_pipeline.py
[2026-03-07T21:16:24.164+0000] {processor.py:830} INFO - Processing file /opt/airflow/dags/insurance_claims_pipeline.py for tasks to queue
[2026-03-07T21:16:24.167+0000] {logging_mixin.py:188} INFO - [2026-03-07T21:16:24.166+0000] {dagbag.py:538} INFO - Filling up the DagBag from /opt/airflow/dags/insurance_claims_pipeline.py
[2026-03-07T21:16:24.247+0000] {processor.py:840} INFO - DAG(s) 'insurance_claims_pipeline' retrieved from /opt/airflow/dags/insurance_claims_pipeline.py
[2026-03-07T21:16:24.361+0000] {logging_mixin.py:188} INFO - [2026-03-07T21:16:24.360+0000] {dag.py:3036} INFO - Sync 1 DAGs
[2026-03-07T21:16:24.472+0000] {logging_mixin.py:188} INFO - [2026-03-07T21:16:24.472+0000] {dag.py:3823} INFO - Setting next_dagrun for insurance_claims_pipeline to 2026-03-07 21:15:00+00:00, run_after=2026-03-07 21:30:00+00:00
[2026-03-07T21:16:24.588+0000] {processor.py:183} INFO - Processing /opt/airflow/dags/insurance_claims_pipeline.py took 0.441 seconds
[2026-03-07T21:16:54.841+0000] {processor.py:161} INFO - Started process (PID=857) to work on /opt/airflow/dags/insurance_claims_pipeline.py
[2026-03-07T21:16:54.844+0000] {processor.py:830} INFO - Processing file /opt/airflow/dags/insurance_claims_pipeline.py for tasks to queue
[2026-03-07T21:16:54.847+0000] {logging_mixin.py:188} INFO - [2026-03-07T21:16:54.845+0000] {dagbag.py:538} INFO - Filling up the DagBag from /opt/airflow/dags/insurance_claims_pipeline.py
[2026-03-07T21:16:54.874+0000] {processor.py:840} INFO - DAG(s) 'insurance_claims_pipeline' retrieved from /opt/airflow/dags/insurance_claims_pipeline.py
[2026-03-07T21:16:54.926+0000] {logging_mixin.py:188} INFO - [2026-03-07T21:16:54.926+0000] {dag.py:3036} INFO - Sync 1 DAGs
[2026-03-07T21:16:54.962+0000] {logging_mixin.py:188} INFO - [2026-03-07T21:16:54.961+0000] {dag.py:3823} INFO - Setting next_dagrun for insurance_claims_pipeline to 2026-03-07 21:15:00+00:00, run_after=2026-03-07 21:30:00+00:00
[2026-03-07T21:16:54.997+0000] {processor.py:183} INFO - Processing /opt/airflow/dags/insurance_claims_pipeline.py took 0.161 seconds
[2026-03-07T21:17:25.256+0000] {processor.py:161} INFO - Started process (PID=886) to work on /opt/airflow/dags/insurance_claims_pipeline.py
[2026-03-07T21:17:25.258+0000] {processor.py:830} INFO - Processing file /opt/airflow/dags/insurance_claims_pipeline.py for tasks to queue
[2026-03-07T21:17:25.260+0000] {logging_mixin.py:188} INFO - [2026-03-07T21:17:25.259+0000] {dagbag.py:538} INFO - Filling up the DagBag from /opt/airflow/dags/insurance_claims_pipeline.py
[2026-03-07T21:17:25.297+0000] {processor.py:840} INFO - DAG(s) 'insurance_claims_pipeline' retrieved from /opt/airflow/dags/insurance_claims_pipeline.py
[2026-03-07T21:17:25.343+0000] {logging_mixin.py:188} INFO - [2026-03-07T21:17:25.343+0000] {dag.py:3036} INFO - Sync 1 DAGs
[2026-03-07T21:17:25.375+0000] {logging_mixin.py:188} INFO - [2026-03-07T21:17:25.375+0000] {dag.py:3823} INFO - Setting next_dagrun for insurance_claims_pipeline to 2026-03-07 21:15:00+00:00, run_after=2026-03-07 21:30:00+00:00
[2026-03-07T21:17:25.394+0000] {processor.py:183} INFO - Processing /opt/airflow/dags/insurance_claims_pipeline.py took 0.142 seconds
[2026-03-07T21:17:55.700+0000] {processor.py:161} INFO - Started process (PID=904) to work on /opt/airflow/dags/insurance_claims_pipeline.py
[2026-03-07T21:17:55.703+0000] {processor.py:830} INFO - Processing file /opt/airflow/dags/insurance_claims_pipeline.py for tasks to queue
[2026-03-07T21:17:55.706+0000] {logging_mixin.py:188} INFO - [2026-03-07T21:17:55.705+0000] {dagbag.py:538} INFO - Filling up the DagBag from /opt/airflow/dags/insurance_claims_pipeline.py
[2026-03-07T21:17:55.734+0000] {processor.py:840} INFO - DAG(s) 'insurance_claims_pipeline' retrieved from /opt/airflow/dags/insurance_claims_pipeline.py
[2026-03-07T21:17:55.775+0000] {logging_mixin.py:188} INFO - [2026-03-07T21:17:55.774+0000] {dag.py:3036} INFO - Sync 1 DAGs
[2026-03-07T21:17:55.801+0000] {logging_mixin.py:188} INFO - [2026-03-07T21:17:55.801+0000] {dag.py:3823} INFO - Setting next_dagrun for insurance_claims_pipeline to 2026-03-07 21:15:00+00:00, run_after=2026-03-07 21:30:00+00:00
[2026-03-07T21:17:55.819+0000] {processor.py:183} INFO - Processing /opt/airflow/dags/insurance_claims_pipeline.py took 0.125 seconds
[2026-03-07T21:18:26.114+0000] {processor.py:161} INFO - Started process (PID=922) to work on /opt/airflow/dags/insurance_claims_pipeline.py
[2026-03-07T21:18:26.120+0000] {processor.py:830} INFO - Processing file /opt/airflow/dags/insurance_claims_pipeline.py for tasks to queue
[2026-03-07T21:18:26.122+0000] {logging_mixin.py:188} INFO - [2026-03-07T21:18:26.121+0000] {dagbag.py:538} INFO - Filling up the DagBag from /opt/airflow/dags/insurance_claims_pipeline.py
[2026-03-07T21:18:26.192+0000] {processor.py:840} INFO - DAG(s) 'insurance_claims_pipeline' retrieved from /opt/airflow/dags/insurance_claims_pipeline.py
[2026-03-07T21:18:26.240+0000] {logging_mixin.py:188} INFO - [2026-03-07T21:18:26.240+0000] {dag.py:3036} INFO - Sync 1 DAGs
[2026-03-07T21:18:26.263+0000] {logging_mixin.py:188} INFO - [2026-03-07T21:18:26.263+0000] {dag.py:3823} INFO - Setting next_dagrun for insurance_claims_pipeline to 2026-03-07 21:15:00+00:00, run_after=2026-03-07 21:30:00+00:00
[2026-03-07T21:18:26.283+0000] {processor.py:183} INFO - Processing /opt/airflow/dags/insurance_claims_pipeline.py took 0.177 seconds
[2026-03-07T21:18:56.566+0000] {processor.py:161} INFO - Started process (PID=940) to work on /opt/airflow/dags/insurance_claims_pipeline.py
[2026-03-07T21:18:56.568+0000] {processor.py:830} INFO - Processing file /opt/airflow/dags/insurance_claims_pipeline.py for tasks to queue
[2026-03-07T21:18:56.571+0000] {logging_mixin.py:188} INFO - [2026-03-07T21:18:56.570+0000] {dagbag.py:538} INFO - Filling up the DagBag from /opt/airflow/dags/insurance_claims_pipeline.py
[2026-03-07T21:18:56.725+0000] {processor.py:840} INFO - DAG(s) 'insurance_claims_pipeline' retrieved from /opt/airflow/dags/insurance_claims_pipeline.py
[2026-03-07T21:18:56.799+0000] {logging_mixin.py:188} INFO - [2026-03-07T21:18:56.798+0000] {dag.py:3036} INFO - Sync 1 DAGs
[2026-03-07T21:18:56.853+0000] {logging_mixin.py:188} INFO - [2026-03-07T21:18:56.853+0000] {dag.py:3823} INFO - Setting next_dagrun for insurance_claims_pipeline to 2026-03-07 21:15:00+00:00, run_after=2026-03-07 21:30:00+00:00
[2026-03-07T21:18:56.882+0000] {processor.py:183} INFO - Processing /opt/airflow/dags/insurance_claims_pipeline.py took 0.322 seconds
[2026-03-07T21:19:27.425+0000] {processor.py:161} INFO - Started process (PID=958) to work on /opt/airflow/dags/insurance_claims_pipeline.py
[2026-03-07T21:19:27.427+0000] {processor.py:830} INFO - Processing file /opt/airflow/dags/insurance_claims_pipeline.py for tasks to queue
[2026-03-07T21:19:27.428+0000] {logging_mixin.py:188} INFO - [2026-03-07T21:19:27.428+0000] {dagbag.py:538} INFO - Filling up the DagBag from /opt/airflow/dags/insurance_claims_pipeline.py
[2026-03-07T21:19:27.449+0000] {processor.py:840} INFO - DAG(s) 'insurance_claims_pipeline' retrieved from /opt/airflow/dags/insurance_claims_pipeline.py
[2026-03-07T21:19:27.484+0000] {logging_mixin.py:188} INFO - [2026-03-07T21:19:27.484+0000] {dag.py:3036} INFO - Sync 1 DAGs
[2026-03-07T21:19:27.507+0000] {logging_mixin.py:188} INFO - [2026-03-07T21:19:27.507+0000] {dag.py:3823} INFO - Setting next_dagrun for insurance_claims_pipeline to 2026-03-07 21:15:00+00:00, run_after=2026-03-07 21:30:00+00:00
[2026-03-07T21:19:27.525+0000] {processor.py:183} INFO - Processing /opt/airflow/dags/insurance_claims_pipeline.py took 0.103 seconds
[2026-03-07T21:19:57.856+0000] {processor.py:161} INFO - Started process (PID=968) to work on /opt/airflow/dags/insurance_claims_pipeline.py
[2026-03-07T21:19:57.858+0000] {processor.py:830} INFO - Processing file /opt/airflow/dags/insurance_claims_pipeline.py for tasks to queue
[2026-03-07T21:19:57.860+0000] {logging_mixin.py:188} INFO - [2026-03-07T21:19:57.859+0000] {dagbag.py:538} INFO - Filling up the DagBag from /opt/airflow/dags/insurance_claims_pipeline.py
[2026-03-07T21:19:57.886+0000] {processor.py:840} INFO - DAG(s) 'insurance_claims_pipeline' retrieved from /opt/airflow/dags/insurance_claims_pipeline.py
[2026-03-07T21:19:57.920+0000] {logging_mixin.py:188} INFO - [2026-03-07T21:19:57.919+0000] {dag.py:3036} INFO - Sync 1 DAGs
[2026-03-07T21:19:57.941+0000] {logging_mixin.py:188} INFO - [2026-03-07T21:19:57.940+0000] {dag.py:3823} INFO - Setting next_dagrun for insurance_claims_pipeline to 2026-03-07 21:15:00+00:00, run_after=2026-03-07 21:30:00+00:00
[2026-03-07T21:19:57.960+0000] {processor.py:183} INFO - Processing /opt/airflow/dags/insurance_claims_pipeline.py took 0.109 seconds
[2026-03-07T21:20:28.413+0000] {processor.py:161} INFO - Started process (PID=986) to work on /opt/airflow/dags/insurance_claims_pipeline.py
[2026-03-07T21:20:28.415+0000] {processor.py:830} INFO - Processing file /opt/airflow/dags/insurance_claims_pipeline.py for tasks to queue
[2026-03-07T21:20:28.417+0000] {logging_mixin.py:188} INFO - [2026-03-07T21:20:28.416+0000] {dagbag.py:538} INFO - Filling up the DagBag from /opt/airflow/dags/insurance_claims_pipeline.py
[2026-03-07T21:20:28.445+0000] {processor.py:840} INFO - DAG(s) 'insurance_claims_pipeline' retrieved from /opt/airflow/dags/insurance_claims_pipeline.py
[2026-03-07T21:20:28.483+0000] {logging_mixin.py:188} INFO - [2026-03-07T21:20:28.483+0000] {dag.py:3036} INFO - Sync 1 DAGs
[2026-03-07T21:20:28.511+0000] {logging_mixin.py:188} INFO - [2026-03-07T21:20:28.511+0000] {dag.py:3823} INFO - Setting next_dagrun for insurance_claims_pipeline to 2026-03-07 21:15:00+00:00, run_after=2026-03-07 21:30:00+00:00
[2026-03-07T21:20:28.542+0000] {processor.py:183} INFO - Processing /opt/airflow/dags/insurance_claims_pipeline.py took 0.135 seconds
[2026-03-07T21:20:58.867+0000] {processor.py:161} INFO - Started process (PID=1004) to work on /opt/airflow/dags/insurance_claims_pipeline.py
[2026-03-07T21:20:58.873+0000] {processor.py:830} INFO - Processing file /opt/airflow/dags/insurance_claims_pipeline.py for tasks to queue
[2026-03-07T21:20:58.881+0000] {logging_mixin.py:188} INFO - [2026-03-07T21:20:58.877+0000] {dagbag.py:538} INFO - Filling up the DagBag from /opt/airflow/dags/insurance_claims_pipeline.py
[2026-03-07T21:20:58.914+0000] {processor.py:840} INFO - DAG(s) 'insurance_claims_pipeline' retrieved from /opt/airflow/dags/insurance_claims_pipeline.py
[2026-03-07T21:20:58.998+0000] {logging_mixin.py:188} INFO - [2026-03-07T21:20:58.997+0000] {dag.py:3036} INFO - Sync 1 DAGs
[2026-03-07T21:20:59.074+0000] {logging_mixin.py:188} INFO - [2026-03-07T21:20:59.073+0000] {dag.py:3823} INFO - Setting next_dagrun for insurance_claims_pipeline to 2026-03-07 21:15:00+00:00, run_after=2026-03-07 21:30:00+00:00
[2026-03-07T21:20:59.110+0000] {processor.py:183} INFO - Processing /opt/airflow/dags/insurance_claims_pipeline.py took 0.249 seconds
[2026-03-07T21:21:29.436+0000] {processor.py:161} INFO - Started process (PID=1022) to work on /opt/airflow/dags/insurance_claims_pipeline.py
[2026-03-07T21:21:29.440+0000] {processor.py:830} INFO - Processing file /opt/airflow/dags/insurance_claims_pipeline.py for tasks to queue
[2026-03-07T21:21:29.445+0000] {logging_mixin.py:188} INFO - [2026-03-07T21:21:29.444+0000] {dagbag.py:538} INFO - Filling up the DagBag from /opt/airflow/dags/insurance_claims_pipeline.py
[2026-03-07T21:21:29.505+0000] {processor.py:840} INFO - DAG(s) 'insurance_claims_pipeline' retrieved from /opt/airflow/dags/insurance_claims_pipeline.py
[2026-03-07T21:21:29.579+0000] {logging_mixin.py:188} INFO - [2026-03-07T21:21:29.578+0000] {dag.py:3036} INFO - Sync 1 DAGs
[2026-03-07T21:21:29.618+0000] {logging_mixin.py:188} INFO - [2026-03-07T21:21:29.618+0000] {dag.py:3823} INFO - Setting next_dagrun for insurance_claims_pipeline to 2026-03-07 21:15:00+00:00, run_after=2026-03-07 21:30:00+00:00
[2026-03-07T21:21:29.662+0000] {processor.py:183} INFO - Processing /opt/airflow/dags/insurance_claims_pipeline.py took 0.246 seconds
[2026-03-07T21:22:00.031+0000] {processor.py:161} INFO - Started process (PID=1039) to work on /opt/airflow/dags/insurance_claims_pipeline.py
[2026-03-07T21:22:00.033+0000] {processor.py:830} INFO - Processing file /opt/airflow/dags/insurance_claims_pipeline.py for tasks to queue
[2026-03-07T21:22:00.036+0000] {logging_mixin.py:188} INFO - [2026-03-07T21:22:00.035+0000] {dagbag.py:538} INFO - Filling up the DagBag from /opt/airflow/dags/insurance_claims_pipeline.py
[2026-03-07T21:22:00.089+0000] {processor.py:840} INFO - DAG(s) 'insurance_claims_pipeline' retrieved from /opt/airflow/dags/insurance_claims_pipeline.py
[2026-03-07T21:22:00.175+0000] {logging_mixin.py:188} INFO - [2026-03-07T21:22:00.175+0000] {dag.py:3036} INFO - Sync 1 DAGs
[2026-03-07T21:22:00.218+0000] {logging_mixin.py:188} INFO - [2026-03-07T21:22:00.218+0000] {dag.py:3823} INFO - Setting next_dagrun for insurance_claims_pipeline to 2026-03-07 21:15:00+00:00, run_after=2026-03-07 21:30:00+00:00
[2026-03-07T21:22:00.250+0000] {processor.py:183} INFO - Processing /opt/airflow/dags/insurance_claims_pipeline.py took 0.230 seconds
[2026-03-07T21:22:30.565+0000] {processor.py:161} INFO - Started process (PID=1270) to work on /opt/airflow/dags/insurance_claims_pipeline.py
[2026-03-07T21:22:30.568+0000] {processor.py:830} INFO - Processing file /opt/airflow/dags/insurance_claims_pipeline.py for tasks to queue
[2026-03-07T21:22:30.569+0000] {logging_mixin.py:188} INFO - [2026-03-07T21:22:30.568+0000] {dagbag.py:538} INFO - Filling up the DagBag from /opt/airflow/dags/insurance_claims_pipeline.py
[2026-03-07T21:22:30.598+0000] {processor.py:840} INFO - DAG(s) 'insurance_claims_pipeline' retrieved from /opt/airflow/dags/insurance_claims_pipeline.py
[2026-03-07T21:22:30.636+0000] {logging_mixin.py:188} INFO - [2026-03-07T21:22:30.636+0000] {dag.py:3036} INFO - Sync 1 DAGs
[2026-03-07T21:22:30.686+0000] {processor.py:183} INFO - Processing /opt/airflow/dags/insurance_claims_pipeline.py took 0.128 seconds
[2026-03-07T21:23:01.326+0000] {processor.py:161} INFO - Started process (PID=1329) to work on /opt/airflow/dags/insurance_claims_pipeline.py
[2026-03-07T21:23:01.329+0000] {processor.py:830} INFO - Processing file /opt/airflow/dags/insurance_claims_pipeline.py for tasks to queue
[2026-03-07T21:23:01.331+0000] {logging_mixin.py:188} INFO - [2026-03-07T21:23:01.330+0000] {dagbag.py:538} INFO - Filling up the DagBag from /opt/airflow/dags/insurance_claims_pipeline.py
[2026-03-07T21:23:01.380+0000] {processor.py:840} INFO - DAG(s) 'insurance_claims_pipeline' retrieved from /opt/airflow/dags/insurance_claims_pipeline.py
[2026-03-07T21:23:01.464+0000] {logging_mixin.py:188} INFO - [2026-03-07T21:23:01.463+0000] {dag.py:3036} INFO - Sync 1 DAGs
[2026-03-07T21:23:01.506+0000] {logging_mixin.py:188} INFO - [2026-03-07T21:23:01.506+0000] {dag.py:3823} INFO - Setting next_dagrun for insurance_claims_pipeline to 2026-03-07 21:15:00+00:00, run_after=2026-03-07 21:30:00+00:00
[2026-03-07T21:23:01.531+0000] {processor.py:183} INFO - Processing /opt/airflow/dags/insurance_claims_pipeline.py took 0.212 seconds
[2026-03-07T21:23:32.244+0000] {processor.py:161} INFO - Started process (PID=1347) to work on /opt/airflow/dags/insurance_claims_pipeline.py
[2026-03-07T21:23:32.250+0000] {processor.py:830} INFO - Processing file /opt/airflow/dags/insurance_claims_pipeline.py for tasks to queue
[2026-03-07T21:23:32.255+0000] {logging_mixin.py:188} INFO - [2026-03-07T21:23:32.254+0000] {dagbag.py:538} INFO - Filling up the DagBag from /opt/airflow/dags/insurance_claims_pipeline.py
[2026-03-07T21:23:32.333+0000] {processor.py:840} INFO - DAG(s) 'insurance_claims_pipeline' retrieved from /opt/airflow/dags/insurance_claims_pipeline.py
[2026-03-07T21:23:32.505+0000] {logging_mixin.py:188} INFO - [2026-03-07T21:23:32.502+0000] {dag.py:3036} INFO - Sync 1 DAGs
[2026-03-07T21:23:32.787+0000] {logging_mixin.py:188} INFO - [2026-03-07T21:23:32.786+0000] {dag.py:3823} INFO - Setting next_dagrun for insurance_claims_pipeline to 2026-03-07 21:15:00+00:00, run_after=2026-03-07 21:30:00+00:00
[2026-03-07T21:23:32.937+0000] {processor.py:183} INFO - Processing /opt/airflow/dags/insurance_claims_pipeline.py took 0.715 seconds
[2026-03-07T21:24:03.376+0000] {processor.py:161} INFO - Started process (PID=1365) to work on /opt/airflow/dags/insurance_claims_pipeline.py
[2026-03-07T21:24:03.381+0000] {processor.py:830} INFO - Processing file /opt/airflow/dags/insurance_claims_pipeline.py for tasks to queue
[2026-03-07T21:24:03.384+0000] {logging_mixin.py:188} INFO - [2026-03-07T21:24:03.383+0000] {dagbag.py:538} INFO - Filling up the DagBag from /opt/airflow/dags/insurance_claims_pipeline.py
[2026-03-07T21:24:03.486+0000] {processor.py:840} INFO - DAG(s) 'insurance_claims_pipeline' retrieved from /opt/airflow/dags/insurance_claims_pipeline.py
[2026-03-07T21:24:03.611+0000] {logging_mixin.py:188} INFO - [2026-03-07T21:24:03.610+0000] {dag.py:3036} INFO - Sync 1 DAGs
[2026-03-07T21:24:03.666+0000] {logging_mixin.py:188} INFO - [2026-03-07T21:24:03.666+0000] {dag.py:3823} INFO - Setting next_dagrun for insurance_claims_pipeline to 2026-03-07 21:15:00+00:00, run_after=2026-03-07 21:30:00+00:00
[2026-03-07T21:24:03.685+0000] {processor.py:183} INFO - Processing /opt/airflow/dags/insurance_claims_pipeline.py took 0.340 seconds
[2026-03-07T21:24:34.675+0000] {processor.py:161} INFO - Started process (PID=1383) to work on /opt/airflow/dags/insurance_claims_pipeline.py
[2026-03-07T21:24:34.698+0000] {processor.py:830} INFO - Processing file /opt/airflow/dags/insurance_claims_pipeline.py for tasks to queue
[2026-03-07T21:24:34.724+0000] {logging_mixin.py:188} INFO - [2026-03-07T21:24:34.720+0000] {dagbag.py:538} INFO - Filling up the DagBag from /opt/airflow/dags/insurance_claims_pipeline.py
[2026-03-07T21:24:34.989+0000] {processor.py:840} INFO - DAG(s) 'insurance_claims_pipeline' retrieved from /opt/airflow/dags/insurance_claims_pipeline.py
[2026-03-07T21:24:35.188+0000] {logging_mixin.py:188} INFO - [2026-03-07T21:24:35.187+0000] {dag.py:3036} INFO - Sync 1 DAGs
[2026-03-07T21:24:35.387+0000] {logging_mixin.py:188} INFO - [2026-03-07T21:24:35.386+0000] {dag.py:3823} INFO - Setting next_dagrun for insurance_claims_pipeline to 2026-03-07 21:15:00+00:00, run_after=2026-03-07 21:30:00+00:00
[2026-03-07T21:24:35.555+0000] {processor.py:183} INFO - Processing /opt/airflow/dags/insurance_claims_pipeline.py took 0.933 seconds
[2026-03-07T21:25:05.727+0000] {processor.py:161} INFO - Started process (PID=1401) to work on /opt/airflow/dags/insurance_claims_pipeline.py
[2026-03-07T21:25:05.731+0000] {processor.py:830} INFO - Processing file /opt/airflow/dags/insurance_claims_pipeline.py for tasks to queue
[2026-03-07T21:25:05.733+0000] {logging_mixin.py:188} INFO - [2026-03-07T21:25:05.733+0000] {dagbag.py:538} INFO - Filling up the DagBag from /opt/airflow/dags/insurance_claims_pipeline.py
[2026-03-07T21:25:05.779+0000] {processor.py:840} INFO - DAG(s) 'insurance_claims_pipeline' retrieved from /opt/airflow/dags/insurance_claims_pipeline.py
[2026-03-07T21:25:05.848+0000] {logging_mixin.py:188} INFO - [2026-03-07T21:25:05.847+0000] {dag.py:3036} INFO - Sync 1 DAGs
[2026-03-07T21:25:05.885+0000] {logging_mixin.py:188} INFO - [2026-03-07T21:25:05.885+0000] {dag.py:3823} INFO - Setting next_dagrun for insurance_claims_pipeline to 2026-03-07 21:15:00+00:00, run_after=2026-03-07 21:30:00+00:00
[2026-03-07T21:25:05.906+0000] {processor.py:183} INFO - Processing /opt/airflow/dags/insurance_claims_pipeline.py took 0.200 seconds
[2026-03-07T21:25:36.170+0000] {processor.py:161} INFO - Started process (PID=1411) to work on /opt/airflow/dags/insurance_claims_pipeline.py
[2026-03-07T21:25:36.172+0000] {processor.py:830} INFO - Processing file /opt/airflow/dags/insurance_claims_pipeline.py for tasks to queue
[2026-03-07T21:25:36.174+0000] {logging_mixin.py:188} INFO - [2026-03-07T21:25:36.173+0000] {dagbag.py:538} INFO - Filling up the DagBag from /opt/airflow/dags/insurance_claims_pipeline.py
[2026-03-07T21:25:36.200+0000] {processor.py:840} INFO - DAG(s) 'insurance_claims_pipeline' retrieved from /opt/airflow/dags/insurance_claims_pipeline.py
[2026-03-07T21:25:36.261+0000] {logging_mixin.py:188} INFO - [2026-03-07T21:25:36.260+0000] {dag.py:3036} INFO - Sync 1 DAGs
[2026-03-07T21:25:36.303+0000] {logging_mixin.py:188} INFO - [2026-03-07T21:25:36.303+0000] {dag.py:3823} INFO - Setting next_dagrun for insurance_claims_pipeline to 2026-03-07 21:15:00+00:00, run_after=2026-03-07 21:30:00+00:00
[2026-03-07T21:25:36.347+0000] {processor.py:183} INFO - Processing /opt/airflow/dags/insurance_claims_pipeline.py took 0.185 seconds
[2026-03-07T21:26:07.355+0000] {processor.py:161} INFO - Started process (PID=1429) to work on /opt/airflow/dags/insurance_claims_pipeline.py
[2026-03-07T21:26:07.361+0000] {processor.py:830} INFO - Processing file /opt/airflow/dags/insurance_claims_pipeline.py for tasks to queue
[2026-03-07T21:26:07.368+0000] {logging_mixin.py:188} INFO - [2026-03-07T21:26:07.365+0000] {dagbag.py:538} INFO - Filling up the DagBag from /opt/airflow/dags/insurance_claims_pipeline.py
[2026-03-07T21:26:07.536+0000] {processor.py:840} INFO - DAG(s) 'insurance_claims_pipeline' retrieved from /opt/airflow/dags/insurance_claims_pipeline.py
[2026-03-07T21:26:07.783+0000] {logging_mixin.py:188} INFO - [2026-03-07T21:26:07.783+0000] {dag.py:3036} INFO - Sync 1 DAGs
[2026-03-07T21:26:08.116+0000] {logging_mixin.py:188} INFO - [2026-03-07T21:26:08.113+0000] {dag.py:3823} INFO - Setting next_dagrun for insurance_claims_pipeline to 2026-03-07 21:15:00+00:00, run_after=2026-03-07 21:30:00+00:00
[2026-03-07T21:26:08.240+0000] {processor.py:183} INFO - Processing /opt/airflow/dags/insurance_claims_pipeline.py took 0.925 seconds
[2026-03-07T21:26:38.880+0000] {processor.py:161} INFO - Started process (PID=1447) to work on /opt/airflow/dags/insurance_claims_pipeline.py
[2026-03-07T21:26:38.883+0000] {processor.py:830} INFO - Processing file /opt/airflow/dags/insurance_claims_pipeline.py for tasks to queue
[2026-03-07T21:26:38.886+0000] {logging_mixin.py:188} INFO - [2026-03-07T21:26:38.885+0000] {dagbag.py:538} INFO - Filling up the DagBag from /opt/airflow/dags/insurance_claims_pipeline.py
[2026-03-07T21:26:38.979+0000] {processor.py:840} INFO - DAG(s) 'insurance_claims_pipeline' retrieved from /opt/airflow/dags/insurance_claims_pipeline.py
[2026-03-07T21:26:39.271+0000] {logging_mixin.py:188} INFO - [2026-03-07T21:26:39.270+0000] {dag.py:3036} INFO - Sync 1 DAGs
[2026-03-07T21:26:39.321+0000] {logging_mixin.py:188} INFO - [2026-03-07T21:26:39.321+0000] {dag.py:3823} INFO - Setting next_dagrun for insurance_claims_pipeline to 2026-03-07 21:15:00+00:00, run_after=2026-03-07 21:30:00+00:00
[2026-03-07T21:26:39.351+0000] {processor.py:183} INFO - Processing /opt/airflow/dags/insurance_claims_pipeline.py took 0.487 seconds
[2026-03-07T21:27:09.578+0000] {processor.py:161} INFO - Started process (PID=1465) to work on /opt/airflow/dags/insurance_claims_pipeline.py
[2026-03-07T21:27:09.579+0000] {processor.py:830} INFO - Processing file /opt/airflow/dags/insurance_claims_pipeline.py for tasks to queue
[2026-03-07T21:27:09.580+0000] {logging_mixin.py:188} INFO - [2026-03-07T21:27:09.580+0000] {dagbag.py:538} INFO - Filling up the DagBag from /opt/airflow/dags/insurance_claims_pipeline.py
[2026-03-07T21:27:09.615+0000] {processor.py:840} INFO - DAG(s) 'insurance_claims_pipeline' retrieved from /opt/airflow/dags/insurance_claims_pipeline.py
[2026-03-07T21:27:09.654+0000] {logging_mixin.py:188} INFO - [2026-03-07T21:27:09.653+0000] {dag.py:3036} INFO - Sync 1 DAGs
[2026-03-07T21:27:09.682+0000] {logging_mixin.py:188} INFO - [2026-03-07T21:27:09.682+0000] {dag.py:3823} INFO - Setting next_dagrun for insurance_claims_pipeline to 2026-03-07 21:15:00+00:00, run_after=2026-03-07 21:30:00+00:00
[2026-03-07T21:27:09.699+0000] {processor.py:183} INFO - Processing /opt/airflow/dags/insurance_claims_pipeline.py took 0.127 seconds
[2026-03-07T21:27:39.928+0000] {processor.py:161} INFO - Started process (PID=1483) to work on /opt/airflow/dags/insurance_claims_pipeline.py
[2026-03-07T21:27:39.929+0000] {processor.py:830} INFO - Processing file /opt/airflow/dags/insurance_claims_pipeline.py for tasks to queue
[2026-03-07T21:27:39.931+0000] {logging_mixin.py:188} INFO - [2026-03-07T21:27:39.930+0000] {dagbag.py:538} INFO - Filling up the DagBag from /opt/airflow/dags/insurance_claims_pipeline.py
[2026-03-07T21:27:39.952+0000] {processor.py:840} INFO - DAG(s) 'insurance_claims_pipeline' retrieved from /opt/airflow/dags/insurance_claims_pipeline.py
[2026-03-07T21:27:39.984+0000] {logging_mixin.py:188} INFO - [2026-03-07T21:27:39.983+0000] {dag.py:3036} INFO - Sync 1 DAGs
[2026-03-07T21:27:40.008+0000] {logging_mixin.py:188} INFO - [2026-03-07T21:27:40.008+0000] {dag.py:3823} INFO - Setting next_dagrun for insurance_claims_pipeline to 2026-03-07 21:15:00+00:00, run_after=2026-03-07 21:30:00+00:00
[2026-03-07T21:27:40.025+0000] {processor.py:183} INFO - Processing /opt/airflow/dags/insurance_claims_pipeline.py took 0.101 seconds
[2026-03-07T21:28:10.293+0000] {processor.py:161} INFO - Started process (PID=1501) to work on /opt/airflow/dags/insurance_claims_pipeline.py
[2026-03-07T21:28:10.295+0000] {processor.py:830} INFO - Processing file /opt/airflow/dags/insurance_claims_pipeline.py for tasks to queue
[2026-03-07T21:28:10.297+0000] {logging_mixin.py:188} INFO - [2026-03-07T21:28:10.296+0000] {dagbag.py:538} INFO - Filling up the DagBag from /opt/airflow/dags/insurance_claims_pipeline.py
[2026-03-07T21:28:10.343+0000] {processor.py:840} INFO - DAG(s) 'insurance_claims_pipeline' retrieved from /opt/airflow/dags/insurance_claims_pipeline.py
[2026-03-07T21:28:10.402+0000] {logging_mixin.py:188} INFO - [2026-03-07T21:28:10.402+0000] {dag.py:3036} INFO - Sync 1 DAGs
[2026-03-07T21:28:10.428+0000] {logging_mixin.py:188} INFO - [2026-03-07T21:28:10.428+0000] {dag.py:3823} INFO - Setting next_dagrun for insurance_claims_pipeline to 2026-03-07 21:15:00+00:00, run_after=2026-03-07 21:30:00+00:00
[2026-03-07T21:28:10.450+0000] {processor.py:183} INFO - Processing /opt/airflow/dags/insurance_claims_pipeline.py took 0.165 seconds
[2026-03-07T21:28:41.360+0000] {processor.py:161} INFO - Started process (PID=1519) to work on /opt/airflow/dags/insurance_claims_pipeline.py
[2026-03-07T21:28:41.368+0000] {processor.py:830} INFO - Processing file /opt/airflow/dags/insurance_claims_pipeline.py for tasks to queue
[2026-03-07T21:28:41.381+0000] {logging_mixin.py:188} INFO - [2026-03-07T21:28:41.371+0000] {dagbag.py:538} INFO - Filling up the DagBag from /opt/airflow/dags/insurance_claims_pipeline.py
[2026-03-07T21:28:41.517+0000] {processor.py:840} INFO - DAG(s) 'insurance_claims_pipeline' retrieved from /opt/airflow/dags/insurance_claims_pipeline.py
[2026-03-07T21:28:41.822+0000] {logging_mixin.py:188} INFO - [2026-03-07T21:28:41.821+0000] {dag.py:3036} INFO - Sync 1 DAGs
[2026-03-07T21:28:41.965+0000] {logging_mixin.py:188} INFO - [2026-03-07T21:28:41.964+0000] {dag.py:3823} INFO - Setting next_dagrun for insurance_claims_pipeline to 2026-03-07 21:15:00+00:00, run_after=2026-03-07 21:30:00+00:00
[2026-03-07T21:28:42.061+0000] {processor.py:183} INFO - Processing /opt/airflow/dags/insurance_claims_pipeline.py took 0.726 seconds
[2026-03-07T21:29:12.434+0000] {processor.py:161} INFO - Started process (PID=1537) to work on /opt/airflow/dags/insurance_claims_pipeline.py
[2026-03-07T21:29:12.459+0000] {processor.py:830} INFO - Processing file /opt/airflow/dags/insurance_claims_pipeline.py for tasks to queue
[2026-03-07T21:29:12.474+0000] {logging_mixin.py:188} INFO - [2026-03-07T21:29:12.473+0000] {dagbag.py:538} INFO - Filling up the DagBag from /opt/airflow/dags/insurance_claims_pipeline.py
[2026-03-07T21:29:12.562+0000] {processor.py:840} INFO - DAG(s) 'insurance_claims_pipeline' retrieved from /opt/airflow/dags/insurance_claims_pipeline.py
[2026-03-07T21:29:12.638+0000] {logging_mixin.py:188} INFO - [2026-03-07T21:29:12.638+0000] {dag.py:3036} INFO - Sync 1 DAGs
[2026-03-07T21:29:12.736+0000] {logging_mixin.py:188} INFO - [2026-03-07T21:29:12.735+0000] {dag.py:3823} INFO - Setting next_dagrun for insurance_claims_pipeline to 2026-03-07 21:15:00+00:00, run_after=2026-03-07 21:30:00+00:00
[2026-03-07T21:29:12.810+0000] {processor.py:183} INFO - Processing /opt/airflow/dags/insurance_claims_pipeline.py took 0.398 seconds
[2026-03-07T21:29:43.144+0000] {processor.py:161} INFO - Started process (PID=1547) to work on /opt/airflow/dags/insurance_claims_pipeline.py
[2026-03-07T21:29:43.149+0000] {processor.py:830} INFO - Processing file /opt/airflow/dags/insurance_claims_pipeline.py for tasks to queue
[2026-03-07T21:29:43.153+0000] {logging_mixin.py:188} INFO - [2026-03-07T21:29:43.151+0000] {dagbag.py:538} INFO - Filling up the DagBag from /opt/airflow/dags/insurance_claims_pipeline.py
[2026-03-07T21:29:43.204+0000] {processor.py:840} INFO - DAG(s) 'insurance_claims_pipeline' retrieved from /opt/airflow/dags/insurance_claims_pipeline.py
[2026-03-07T21:29:43.271+0000] {logging_mixin.py:188} INFO - [2026-03-07T21:29:43.270+0000] {dag.py:3036} INFO - Sync 1 DAGs
[2026-03-07T21:29:43.324+0000] {logging_mixin.py:188} INFO - [2026-03-07T21:29:43.324+0000] {dag.py:3823} INFO - Setting next_dagrun for insurance_claims_pipeline to 2026-03-07 21:15:00+00:00, run_after=2026-03-07 21:30:00+00:00
[2026-03-07T21:29:43.364+0000] {processor.py:183} INFO - Processing /opt/airflow/dags/insurance_claims_pipeline.py took 0.230 seconds
[2026-03-07T21:30:13.842+0000] {processor.py:161} INFO - Started process (PID=1637) to work on /opt/airflow/dags/insurance_claims_pipeline.py
[2026-03-07T21:30:13.846+0000] {processor.py:830} INFO - Processing file /opt/airflow/dags/insurance_claims_pipeline.py for tasks to queue
[2026-03-07T21:30:13.850+0000] {logging_mixin.py:188} INFO - [2026-03-07T21:30:13.849+0000] {dagbag.py:538} INFO - Filling up the DagBag from /opt/airflow/dags/insurance_claims_pipeline.py
[2026-03-07T21:30:13.919+0000] {processor.py:840} INFO - DAG(s) 'insurance_claims_pipeline' retrieved from /opt/airflow/dags/insurance_claims_pipeline.py
[2026-03-07T21:30:14.003+0000] {logging_mixin.py:188} INFO - [2026-03-07T21:30:14.003+0000] {dag.py:3036} INFO - Sync 1 DAGs
[2026-03-07T21:30:14.063+0000] {processor.py:183} INFO - Processing /opt/airflow/dags/insurance_claims_pipeline.py took 0.232 seconds
[2026-03-07T21:30:44.283+0000] {processor.py:161} INFO - Started process (PID=1655) to work on /opt/airflow/dags/insurance_claims_pipeline.py
[2026-03-07T21:30:44.289+0000] {processor.py:830} INFO - Processing file /opt/airflow/dags/insurance_claims_pipeline.py for tasks to queue
[2026-03-07T21:30:44.294+0000] {logging_mixin.py:188} INFO - [2026-03-07T21:30:44.292+0000] {dagbag.py:538} INFO - Filling up the DagBag from /opt/airflow/dags/insurance_claims_pipeline.py
[2026-03-07T21:30:44.483+0000] {processor.py:840} INFO - DAG(s) 'insurance_claims_pipeline' retrieved from /opt/airflow/dags/insurance_claims_pipeline.py
[2026-03-07T21:30:44.786+0000] {logging_mixin.py:188} INFO - [2026-03-07T21:30:44.784+0000] {dag.py:3036} INFO - Sync 1 DAGs
[2026-03-07T21:30:44.995+0000] {processor.py:183} INFO - Processing /opt/airflow/dags/insurance_claims_pipeline.py took 0.749 seconds
[2026-03-07T21:31:15.609+0000] {processor.py:161} INFO - Started process (PID=1672) to work on /opt/airflow/dags/insurance_claims_pipeline.py
[2026-03-07T21:31:15.612+0000] {processor.py:830} INFO - Processing file /opt/airflow/dags/insurance_claims_pipeline.py for tasks to queue
[2026-03-07T21:31:15.614+0000] {logging_mixin.py:188} INFO - [2026-03-07T21:31:15.613+0000] {dagbag.py:538} INFO - Filling up the DagBag from /opt/airflow/dags/insurance_claims_pipeline.py
[2026-03-07T21:31:15.649+0000] {processor.py:840} INFO - DAG(s) 'insurance_claims_pipeline' retrieved from /opt/airflow/dags/insurance_claims_pipeline.py
[2026-03-07T21:31:15.701+0000] {logging_mixin.py:188} INFO - [2026-03-07T21:31:15.700+0000] {dag.py:3036} INFO - Sync 1 DAGs
[2026-03-07T21:31:15.811+0000] {processor.py:183} INFO - Processing /opt/airflow/dags/insurance_claims_pipeline.py took 0.215 seconds
[2026-03-07T21:31:46.494+0000] {processor.py:161} INFO - Started process (PID=1690) to work on /opt/airflow/dags/insurance_claims_pipeline.py
[2026-03-07T21:31:46.509+0000] {processor.py:830} INFO - Processing file /opt/airflow/dags/insurance_claims_pipeline.py for tasks to queue
[2026-03-07T21:31:46.513+0000] {logging_mixin.py:188} INFO - [2026-03-07T21:31:46.511+0000] {dagbag.py:538} INFO - Filling up the DagBag from /opt/airflow/dags/insurance_claims_pipeline.py
[2026-03-07T21:31:46.719+0000] {processor.py:840} INFO - DAG(s) 'insurance_claims_pipeline' retrieved from /opt/airflow/dags/insurance_claims_pipeline.py
[2026-03-07T21:31:46.799+0000] {logging_mixin.py:188} INFO - [2026-03-07T21:31:46.799+0000] {dag.py:3036} INFO - Sync 1 DAGs
[2026-03-07T21:31:47.087+0000] {processor.py:183} INFO - Processing /opt/airflow/dags/insurance_claims_pipeline.py took 0.611 seconds
[2026-03-07T21:32:17.771+0000] {processor.py:161} INFO - Started process (PID=1746) to work on /opt/airflow/dags/insurance_claims_pipeline.py
[2026-03-07T21:32:17.790+0000] {processor.py:830} INFO - Processing file /opt/airflow/dags/insurance_claims_pipeline.py for tasks to queue
[2026-03-07T21:32:17.797+0000] {logging_mixin.py:188} INFO - [2026-03-07T21:32:17.796+0000] {dagbag.py:538} INFO - Filling up the DagBag from /opt/airflow/dags/insurance_claims_pipeline.py
[2026-03-07T21:32:18.353+0000] {processor.py:840} INFO - DAG(s) 'insurance_claims_pipeline' retrieved from /opt/airflow/dags/insurance_claims_pipeline.py
[2026-03-07T21:32:18.769+0000] {logging_mixin.py:188} INFO - [2026-03-07T21:32:18.768+0000] {dag.py:3036} INFO - Sync 1 DAGs
[2026-03-07T21:32:19.336+0000] {processor.py:183} INFO - Processing /opt/airflow/dags/insurance_claims_pipeline.py took 1.588 seconds
[2026-03-07T21:32:49.851+0000] {processor.py:161} INFO - Started process (PID=1758) to work on /opt/airflow/dags/insurance_claims_pipeline.py
[2026-03-07T21:32:49.856+0000] {processor.py:830} INFO - Processing file /opt/airflow/dags/insurance_claims_pipeline.py for tasks to queue
[2026-03-07T21:32:49.863+0000] {logging_mixin.py:188} INFO - [2026-03-07T21:32:49.860+0000] {dagbag.py:538} INFO - Filling up the DagBag from /opt/airflow/dags/insurance_claims_pipeline.py
[2026-03-07T21:32:49.965+0000] {processor.py:840} INFO - DAG(s) 'insurance_claims_pipeline' retrieved from /opt/airflow/dags/insurance_claims_pipeline.py
[2026-03-07T21:32:50.204+0000] {logging_mixin.py:188} INFO - [2026-03-07T21:32:50.204+0000] {dag.py:3036} INFO - Sync 1 DAGs
[2026-03-07T21:32:50.334+0000] {logging_mixin.py:188} INFO - [2026-03-07T21:32:50.334+0000] {dag.py:3823} INFO - Setting next_dagrun for insurance_claims_pipeline to 2026-03-07 21:30:00+00:00, run_after=2026-03-07 21:45:00+00:00
[2026-03-07T21:32:50.399+0000] {processor.py:183} INFO - Processing /opt/airflow/dags/insurance_claims_pipeline.py took 0.567 seconds
[2026-03-07T21:33:21.441+0000] {processor.py:161} INFO - Started process (PID=1776) to work on /opt/airflow/dags/insurance_claims_pipeline.py
[2026-03-07T21:33:21.445+0000] {processor.py:830} INFO - Processing file /opt/airflow/dags/insurance_claims_pipeline.py for tasks to queue
[2026-03-07T21:33:21.450+0000] {logging_mixin.py:188} INFO - [2026-03-07T21:33:21.447+0000] {dagbag.py:538} INFO - Filling up the DagBag from /opt/airflow/dags/insurance_claims_pipeline.py
[2026-03-07T21:33:21.594+0000] {processor.py:840} INFO - DAG(s) 'insurance_claims_pipeline' retrieved from /opt/airflow/dags/insurance_claims_pipeline.py
[2026-03-07T21:33:21.788+0000] {logging_mixin.py:188} INFO - [2026-03-07T21:33:21.786+0000] {dag.py:3036} INFO - Sync 1 DAGs
[2026-03-07T21:33:21.890+0000] {logging_mixin.py:188} INFO - [2026-03-07T21:33:21.889+0000] {dag.py:3823} INFO - Setting next_dagrun for insurance_claims_pipeline to 2026-03-07 21:30:00+00:00, run_after=2026-03-07 21:45:00+00:00
[2026-03-07T21:33:21.932+0000] {processor.py:183} INFO - Processing /opt/airflow/dags/insurance_claims_pipeline.py took 0.499 seconds
[2026-03-07T21:33:52.638+0000] {processor.py:161} INFO - Started process (PID=1794) to work on /opt/airflow/dags/insurance_claims_pipeline.py
[2026-03-07T21:33:52.645+0000] {processor.py:830} INFO - Processing file /opt/airflow/dags/insurance_claims_pipeline.py for tasks to queue
[2026-03-07T21:33:52.666+0000] {logging_mixin.py:188} INFO - [2026-03-07T21:33:52.664+0000] {dagbag.py:538} INFO - Filling up the DagBag from /opt/airflow/dags/insurance_claims_pipeline.py
[2026-03-07T21:33:53.536+0000] {processor.py:840} INFO - DAG(s) 'insurance_claims_pipeline' retrieved from /opt/airflow/dags/insurance_claims_pipeline.py
[2026-03-07T21:33:54.211+0000] {logging_mixin.py:188} INFO - [2026-03-07T21:33:54.210+0000] {dag.py:3036} INFO - Sync 1 DAGs
[2026-03-07T21:33:54.618+0000] {logging_mixin.py:188} INFO - [2026-03-07T21:33:54.617+0000] {dag.py:3823} INFO - Setting next_dagrun for insurance_claims_pipeline to 2026-03-07 21:30:00+00:00, run_after=2026-03-07 21:45:00+00:00
[2026-03-07T21:33:54.778+0000] {processor.py:183} INFO - Processing /opt/airflow/dags/insurance_claims_pipeline.py took 2.164 seconds
[2026-03-07T21:34:25.228+0000] {processor.py:161} INFO - Started process (PID=1812) to work on /opt/airflow/dags/insurance_claims_pipeline.py
[2026-03-07T21:34:25.232+0000] {processor.py:830} INFO - Processing file /opt/airflow/dags/insurance_claims_pipeline.py for tasks to queue
[2026-03-07T21:34:25.246+0000] {logging_mixin.py:188} INFO - [2026-03-07T21:34:25.236+0000] {dagbag.py:538} INFO - Filling up the DagBag from /opt/airflow/dags/insurance_claims_pipeline.py
[2026-03-07T21:34:25.466+0000] {processor.py:840} INFO - DAG(s) 'insurance_claims_pipeline' retrieved from /opt/airflow/dags/insurance_claims_pipeline.py
[2026-03-07T21:34:25.653+0000] {logging_mixin.py:188} INFO - [2026-03-07T21:34:25.652+0000] {dag.py:3036} INFO - Sync 1 DAGs
[2026-03-07T21:34:25.774+0000] {logging_mixin.py:188} INFO - [2026-03-07T21:34:25.774+0000] {dag.py:3823} INFO - Setting next_dagrun for insurance_claims_pipeline to 2026-03-07 21:30:00+00:00, run_after=2026-03-07 21:45:00+00:00
[2026-03-07T21:34:33.574+0000] {processor.py:183} INFO - Processing /opt/airflow/dags/insurance_claims_pipeline.py took 8.370 seconds
