[2026-03-07T21:22:38.113+0000] {taskinstance.py:1956} INFO - Dependencies all met for dep_context=non-requeueable deps ti=<TaskInstance: insurance_claims_pipeline.lineage_report manual__2026-03-07T21:22:20+00:00 [queued]>
[2026-03-07T21:22:38.125+0000] {taskinstance.py:1956} INFO - Dependencies all met for dep_context=requeueable deps ti=<TaskInstance: insurance_claims_pipeline.lineage_report manual__2026-03-07T21:22:20+00:00 [queued]>
[2026-03-07T21:22:38.125+0000] {taskinstance.py:2170} INFO - Starting attempt 1 of 3
[2026-03-07T21:22:38.141+0000] {taskinstance.py:2191} INFO - Executing <Task(PythonOperator): lineage_report> on 2026-03-07 21:22:20+00:00
[2026-03-07T21:22:38.147+0000] {standard_task_runner.py:60} INFO - Started process 1283 to run task
[2026-03-07T21:22:38.155+0000] {standard_task_runner.py:87} INFO - Running: ['airflow', 'tasks', 'run', 'insurance_claims_pipeline', 'lineage_report', 'manual__2026-03-07T21:22:20+00:00', '--job-id', '31', '--raw', '--subdir', 'DAGS_FOLDER/insurance_claims_pipeline.py', '--cfg-path', '/tmp/tmpii1z69l3']
[2026-03-07T21:22:38.160+0000] {standard_task_runner.py:88} INFO - Job 31: Subtask lineage_report
[2026-03-07T21:22:38.227+0000] {task_command.py:423} INFO - Running <TaskInstance: insurance_claims_pipeline.lineage_report manual__2026-03-07T21:22:20+00:00 [running]> on host 9dc18f9f578f
[2026-03-07T21:22:38.306+0000] {taskinstance.py:2480} INFO - Exporting env vars: AIRFLOW_CTX_DAG_OWNER='insurance-pipeline-team' AIRFLOW_CTX_DAG_ID='insurance_claims_pipeline' AIRFLOW_CTX_TASK_ID='lineage_report' AIRFLOW_CTX_EXECUTION_DATE='2026-03-07T21:22:20+00:00' AIRFLOW_CTX_TRY_NUMBER='1' AIRFLOW_CTX_DAG_RUN_ID='manual__2026-03-07T21:22:20+00:00'
[2026-03-07T21:22:38.470+0000] {logging_mixin.py:188} INFO - 2026-03-07 21:22:38 [info     ] OTLP tracing exporter initialized endpoint=http://jaeger:4317
[2026-03-07T21:22:38.471+0000] {logging_mixin.py:188} INFO - 2026-03-07 21:22:38 [info     ] Tracing initialized            service=insurance-claims-pipeline
[2026-03-07T21:22:38.546+0000] {logging_mixin.py:188} INFO - ============================================================
[2026-03-07T21:22:38.546+0000] {logging_mixin.py:188} INFO - PIPELINE LINEAGE REPORT
[2026-03-07T21:22:38.547+0000] {logging_mixin.py:188} INFO - ============================================================
[2026-03-07T21:22:38.547+0000] {logging_mixin.py:188} INFO - Total Lineage Events:  55090
[2026-03-07T21:22:38.547+0000] {logging_mixin.py:188} INFO - Successful Events:     54445
[2026-03-07T21:22:38.547+0000] {logging_mixin.py:188} INFO - Error Events:          645
[2026-03-07T21:22:38.548+0000] {logging_mixin.py:188} INFO - Success Rate:          98.83%
[2026-03-07T21:22:38.548+0000] {logging_mixin.py:188} INFO - Pipeline Coverage:     100.0%
[2026-03-07T21:22:38.548+0000] {logging_mixin.py:188} INFO - Active Edges:          6 / 6
[2026-03-07T21:22:38.549+0000] {logging_mixin.py:188} INFO - ============================================================
[2026-03-07T21:22:38.549+0000] {logging_mixin.py:188} INFO - 
Edge Statistics:
[2026-03-07T21:22:38.549+0000] {logging_mixin.py:188} INFO -   tx_validation → sink_dlq: 0 records, 0.0ms avg, 0 errors
[2026-03-07T21:22:38.549+0000] {logging_mixin.py:188} INFO -   tx_validation → tx_fraud_detection: 10889 records, 0.16ms avg, 0 errors
[2026-03-07T21:22:38.550+0000] {logging_mixin.py:188} INFO -   tx_fraud_detection → tx_enrichment: 10889 records, 0.19ms avg, 0 errors
[2026-03-07T21:22:38.550+0000] {logging_mixin.py:188} INFO -   tx_enrichment → sink_s3_datalake: 10889 records, 62.1ms avg, 0 errors
[2026-03-07T21:22:38.550+0000] {logging_mixin.py:188} INFO -   tx_enrichment → sink_postgres: 10889 records, 0.0ms avg, 0 errors
[2026-03-07T21:22:38.551+0000] {logging_mixin.py:188} INFO -   src_claims_ingestion → tx_validation: 11534 records, 0.08ms avg, 645 errors
[2026-03-07T21:22:38.570+0000] {python.py:201} INFO - Done. Returned value was: {'total_lineage_events': 55090, 'successful_events': 54445, 'error_events': 645, 'success_rate': 98.83, 'total_edges': 6, 'active_edges': 6, 'pipeline_coverage_percent': 100.0}
[2026-03-07T21:22:38.605+0000] {taskinstance.py:1138} INFO - Marking task as SUCCESS. dag_id=insurance_claims_pipeline, task_id=lineage_report, execution_date=20260307T212220, start_date=20260307T212238, end_date=20260307T212238
[2026-03-07T21:22:38.663+0000] {local_task_job_runner.py:234} INFO - Task exited with return code 0
[2026-03-07T21:22:38.722+0000] {taskinstance.py:3280} INFO - 0 downstream tasks scheduled from follow-on schedule check
